Archive member included to satisfy reference by file (symbol)

c:/st/stm32cubeide_1.8.0/stm32cubeide/plugins/com.st.stm32cube.ide.mcu.externaltools.gnu-tools-for-stm32.9-2020-q2-update.win32_2.0.0.202105311346/tools/bin/../lib/gcc/arm-none-eabi/9.3.1/../../../../arm-none-eabi/lib/thumb/v7-m/nofp\libc_nano.a(lib_a-errno.o)
                              ./Core/Src/syscalls.o (__errno)
c:/st/stm32cubeide_1.8.0/stm32cubeide/plugins/com.st.stm32cube.ide.mcu.externaltools.gnu-tools-for-stm32.9-2020-q2-update.win32_2.0.0.202105311346/tools/bin/../lib/gcc/arm-none-eabi/9.3.1/../../../../arm-none-eabi/lib/thumb/v7-m/nofp\libc_nano.a(lib_a-exit.o)
                              c:/st/stm32cubeide_1.8.0/stm32cubeide/plugins/com.st.stm32cube.ide.mcu.externaltools.gnu-tools-for-stm32.9-2020-q2-update.win32_2.0.0.202105311346/tools/bin/../lib/gcc/arm-none-eabi/9.3.1/../../../../arm-none-eabi/lib/thumb/v7-m/nofp/crt0.o (exit)
c:/st/stm32cubeide_1.8.0/stm32cubeide/plugins/com.st.stm32cube.ide.mcu.externaltools.gnu-tools-for-stm32.9-2020-q2-update.win32_2.0.0.202105311346/tools/bin/../lib/gcc/arm-none-eabi/9.3.1/../../../../arm-none-eabi/lib/thumb/v7-m/nofp\libc_nano.a(lib_a-impure.o)
                              c:/st/stm32cubeide_1.8.0/stm32cubeide/plugins/com.st.stm32cube.ide.mcu.externaltools.gnu-tools-for-stm32.9-2020-q2-update.win32_2.0.0.202105311346/tools/bin/../lib/gcc/arm-none-eabi/9.3.1/../../../../arm-none-eabi/lib/thumb/v7-m/nofp\libc_nano.a(lib_a-exit.o) (_global_impure_ptr)
c:/st/stm32cubeide_1.8.0/stm32cubeide/plugins/com.st.stm32cube.ide.mcu.externaltools.gnu-tools-for-stm32.9-2020-q2-update.win32_2.0.0.202105311346/tools/bin/../lib/gcc/arm-none-eabi/9.3.1/../../../../arm-none-eabi/lib/thumb/v7-m/nofp\libc_nano.a(lib_a-init.o)
                              c:/st/stm32cubeide_1.8.0/stm32cubeide/plugins/com.st.stm32cube.ide.mcu.externaltools.gnu-tools-for-stm32.9-2020-q2-update.win32_2.0.0.202105311346/tools/bin/../lib/gcc/arm-none-eabi/9.3.1/../../../../arm-none-eabi/lib/thumb/v7-m/nofp/crt0.o (__libc_init_array)
c:/st/stm32cubeide_1.8.0/stm32cubeide/plugins/com.st.stm32cube.ide.mcu.externaltools.gnu-tools-for-stm32.9-2020-q2-update.win32_2.0.0.202105311346/tools/bin/../lib/gcc/arm-none-eabi/9.3.1/../../../../arm-none-eabi/lib/thumb/v7-m/nofp\libc_nano.a(lib_a-memset.o)
                              c:/st/stm32cubeide_1.8.0/stm32cubeide/plugins/com.st.stm32cube.ide.mcu.externaltools.gnu-tools-for-stm32.9-2020-q2-update.win32_2.0.0.202105311346/tools/bin/../lib/gcc/arm-none-eabi/9.3.1/../../../../arm-none-eabi/lib/thumb/v7-m/nofp/crt0.o (memset)
c:/st/stm32cubeide_1.8.0/stm32cubeide/plugins/com.st.stm32cube.ide.mcu.externaltools.gnu-tools-for-stm32.9-2020-q2-update.win32_2.0.0.202105311346/tools/bin/../lib/gcc/arm-none-eabi/9.3.1/../../../../arm-none-eabi/lib/thumb/v7-m/nofp\libc_nano.a(lib_a-sprintf.o)
                              ./Core/Src/sdCard.o (sprintf)
c:/st/stm32cubeide_1.8.0/stm32cubeide/plugins/com.st.stm32cube.ide.mcu.externaltools.gnu-tools-for-stm32.9-2020-q2-update.win32_2.0.0.202105311346/tools/bin/../lib/gcc/arm-none-eabi/9.3.1/../../../../arm-none-eabi/lib/thumb/v7-m/nofp\libc_nano.a(lib_a-nano-svfprintf.o)
                              c:/st/stm32cubeide_1.8.0/stm32cubeide/plugins/com.st.stm32cube.ide.mcu.externaltools.gnu-tools-for-stm32.9-2020-q2-update.win32_2.0.0.202105311346/tools/bin/../lib/gcc/arm-none-eabi/9.3.1/../../../../arm-none-eabi/lib/thumb/v7-m/nofp\libc_nano.a(lib_a-sprintf.o) (_svfprintf_r)
c:/st/stm32cubeide_1.8.0/stm32cubeide/plugins/com.st.stm32cube.ide.mcu.externaltools.gnu-tools-for-stm32.9-2020-q2-update.win32_2.0.0.202105311346/tools/bin/../lib/gcc/arm-none-eabi/9.3.1/../../../../arm-none-eabi/lib/thumb/v7-m/nofp\libc_nano.a(lib_a-nano-vfprintf_i.o)
                              c:/st/stm32cubeide_1.8.0/stm32cubeide/plugins/com.st.stm32cube.ide.mcu.externaltools.gnu-tools-for-stm32.9-2020-q2-update.win32_2.0.0.202105311346/tools/bin/../lib/gcc/arm-none-eabi/9.3.1/../../../../arm-none-eabi/lib/thumb/v7-m/nofp\libc_nano.a(lib_a-nano-svfprintf.o) (_printf_i)
c:/st/stm32cubeide_1.8.0/stm32cubeide/plugins/com.st.stm32cube.ide.mcu.externaltools.gnu-tools-for-stm32.9-2020-q2-update.win32_2.0.0.202105311346/tools/bin/../lib/gcc/arm-none-eabi/9.3.1/../../../../arm-none-eabi/lib/thumb/v7-m/nofp\libc_nano.a(lib_a-memchr-stub.o)
                              c:/st/stm32cubeide_1.8.0/stm32cubeide/plugins/com.st.stm32cube.ide.mcu.externaltools.gnu-tools-for-stm32.9-2020-q2-update.win32_2.0.0.202105311346/tools/bin/../lib/gcc/arm-none-eabi/9.3.1/../../../../arm-none-eabi/lib/thumb/v7-m/nofp\libc_nano.a(lib_a-nano-svfprintf.o) (memchr)
c:/st/stm32cubeide_1.8.0/stm32cubeide/plugins/com.st.stm32cube.ide.mcu.externaltools.gnu-tools-for-stm32.9-2020-q2-update.win32_2.0.0.202105311346/tools/bin/../lib/gcc/arm-none-eabi/9.3.1/../../../../arm-none-eabi/lib/thumb/v7-m/nofp\libc_nano.a(lib_a-memcpy-stub.o)
[...]
Memory Configuration

Name             Origin             Length             Attributes
RAM              0x0000000020000000 0x0000000000005000 xrw
FLASH            0x0000000008000000 0x0000000000010000 xr
*default*        0x0000000000000000 0xffffffffffffffff

Linker script and memory map

LOAD c:/st/stm32cubeide_1.8.0/stm32cubeide/plugins/com.st.stm32cube.ide.mcu.externaltools.gnu-tools-for-stm32.9-2020-q2-update.win32_2.0.0.202105311346/tools/bin/../lib/gcc/arm-none-eabi/9.3.1/thumb/v7-m/nofp/crti.o
LOAD c:/st/stm32cubeide_1.8.0/stm32cubeide/plugins/com.st.stm32cube.ide.mcu.externaltools.gnu-tools-for-stm32.9-2020-q2-update.win32_2.0.0.202105311346/tools/bin/../lib/gcc/arm-none-eabi/9.3.1/thumb/v7-m/nofp/crtbegin.o
LOAD c:/st/stm32cubeide_1.8.0/stm32cubeide/plugins/com.st.stm32cube.ide.mcu.externaltools.gnu-tools-for-stm32.9-2020-q2-update.win32_2.0.0.202105311346/tools/bin/../lib/gcc/arm-none-eabi/9.3.1/../../../../arm-none-eabi/lib/thumb/v7-m/nofp/crt0.o
LOAD ./Core/Src/ADC_DMA.o
LOAD ./Core/Src/ace_gir.o
LOAD ./Core/Src/can_bus.o
LOAD ./Core/Src/dina.o
LOAD ./Core/Src/fatfs_sd.o
LOAD ./Core/Src/forceGauge.o
LOAD ./Core/Src/indutivo.o
LOAD ./Core/Src/main.o
LOAD ./Core/Src/rot.o
LOAD ./Core/Src/sdCard.o
LOAD ./Core/Src/stm32f1xx_hal_msp.o
LOAD ./Core/Src/stm32f1xx_it.o
LOAD ./Core/Src/syscalls.o
LOAD ./Core/Src/sysmem.o
LOAD ./Core/Src/system_stm32f1xx.o
LOAD ./Core/Src/traction.o
LOAD ./Core/Src/vel.o
LOAD ./Core/Startup/startup_stm32f103c8tx.o
LOAD ./Drivers/STM32F1xx_HAL_Driver/Src/stm32f1xx_hal.o
LOAD ./Drivers/STM32F1xx_HAL_Driver/Src/stm32f1xx_hal_adc.o
LOAD ./Drivers/STM32F1xx_HAL_Driver/Src/stm32f1xx_hal_adc_ex.o
LOAD ./Drivers/STM32F1xx_HAL_Driver/Src/stm32f1xx_hal_can.o
LOAD ./Drivers/STM32F1xx_HAL_Driver/Src/stm32f1xx_hal_cortex.o
LOAD ./Drivers/STM32F1xx_HAL_Driver/Src/stm32f1xx_hal_dma.o
LOAD ./Drivers/STM32F1xx_HAL_Driver/Src/stm32f1xx_hal_exti.o
LOAD ./Drivers/STM32F1xx_HAL_Driver/Src/stm32f1xx_hal_flash.o
LOAD ./Drivers/STM32F1xx_HAL_Driver/Src/stm32f1xx_hal_flash_ex.o
LOAD ./Drivers/STM32F1xx_HAL_Driver/Src/stm32f1xx_hal_gpio.o
LOAD ./Drivers/STM32F1xx_HAL_Driver/Src/stm32f1xx_hal_gpio_ex.o
LOAD ./Drivers/STM32F1xx_HAL_Driver/Src/stm32f1xx_hal_i2c.o
LOAD ./Drivers/STM32F1xx_HAL_Driver/Src/stm32f1xx_hal_pwr.o
LOAD ./Drivers/STM32F1xx_HAL_Driver/Src/stm32f1xx_hal_rcc.o
LOAD ./Drivers/STM32F1xx_HAL_Driver/Src/stm32f1xx_hal_rcc_ex.o
LOAD ./Drivers/STM32F1xx_HAL_Driver/Src/stm32f1xx_hal_spi.o
LOAD ./Drivers/STM32F1xx_HAL_Driver/Src/stm32f1xx_hal_tim.o
LOAD ./Drivers/STM32F1xx_HAL_Driver/Src/stm32f1xx_hal_tim_ex.o
LOAD ./Drivers/STM32F1xx_HAL_Driver/Src/stm32f1xx_hal_uart.o
LOAD ./FATFS/App/fatfs.o
LOAD ./FATFS/Target/user_diskio.o
LOAD ./Middlewares/Third_Party/FatFs/src/diskio.o
LOAD ./Middlewares/Third_Party/FatFs/src/ff.o
LOAD ./Middlewares/Third_Party/FatFs/src/ff_gen_drv.o
LOAD ./Middlewares/Third_Party/FatFs/src/option/ccsbcs.o
LOAD ./Middlewares/Third_Party/FatFs/src/option/syscall.o
START GROUP
LOAD c:/st/stm32cubeide_1.8.0/stm32cubeide/plugins/com.st.stm32cube.ide.mcu.externaltools.gnu-tools-for-stm32.9-2020-q2-update.win32_2.0.0.202105311346/tools/bin/../lib/gcc/arm-none-eabi/9.3.1/../../../../arm-none-eabi/lib/thumb/v7-m/nofp\libc_nano.a
LOAD c:/st/stm32cubeide_1.8.0/stm32cubeide/plugins/com.st.stm32cube.ide.mcu.externaltools.gnu-tools-for-stm32.9-2020-q2-update.win32_2.0.0.202105311346/tools/bin/../lib/gcc/arm-none-eabi/9.3.1/../../../../arm-none-eabi/lib/thumb/v7-m/nofp\libm.a
END GROUP
START GROUP
LOAD c:/st/stm32cubeide_1.8.0/stm32cubeide/plugins/com.st.stm32cube.ide.mcu.externaltools.gnu-tools-for-stm32.9-2020-q2-update.win32_2.0.0.202105311346/tools/bin/../lib/gcc/arm-none-eabi/9.3.1/thumb/v7-m/nofp\libgcc.a
LOAD c:/st/stm32cubeide_1.8.0/stm32cubeide/plugins/com.st.stm32cube.ide.mcu.externaltools.gnu-tools-for-stm32.9-2020-q2-update.win32_2.0.0.202105311346/tools/bin/../lib/gcc/arm-none-eabi/9.3.1/../../../../arm-none-eabi/lib/thumb/v7-m/nofp\libc_nano.a
END GROUP
START GROUP
LOAD c:/st/stm32cubeide_1.8.0/stm32cubeide/plugins/com.st.stm32cube.ide.mcu.externaltools.gnu-tools-for-stm32.9-2020-q2-update.win32_2.0.0.202105311346/tools/bin/../lib/gcc/arm-none-eabi/9.3.1/thumb/v7-m/nofp\libgcc.a
LOAD c:/st/stm32cubeide_1.8.0/stm32cubeide/plugins/com.st.stm32cube.ide.mcu.externaltools.gnu-tools-for-stm32.9-2020-q2-update.win32_2.0.0.202105311346/tools/bin/../lib/gcc/arm-none-eabi/9.3.1/../../../../arm-none-eabi/lib/thumb/v7-m/nofp\libc_nano.a
LOAD c:/st/stm32cubeide_1.8.0/stm32cubeide/plugins/com.st.stm32cube.ide.mcu.externaltools.gnu-tools-for-stm32.9-2020-q2-update.win32_2.0.0.202105311346/tools/bin/../lib/gcc/arm-none-eabi/9.3.1/../../../../arm-none-eabi/lib/thumb/v7-m/nofp\libnosys.a
END GROUP
START GROUP
LOAD c:/st/stm32cubeide_1.8.0/stm32cubeide/plugins/com.st.stm32cube.ide.mcu.externaltools.gnu-tools-for-stm32.9-2020-q2-update.win32_2.0.0.202105311346/tools/bin/../lib/gcc/arm-none-eabi/9.3.1/thumb/v7-m/nofp\libgcc.a
LOAD c:/st/stm32cubeide_1.8.0/stm32cubeide/plugins/com.st.stm32cube.ide.mcu.externaltools.gnu-tools-for-stm32.9-2020-q2-update.win32_2.0.0.202105311346/tools/bin/../lib/gcc/arm-none-eabi/9.3.1/../../../../arm-none-eabi/lib/thumb/v7-m/nofp\libc_nano.a
LOAD c:/st/stm32cubeide_1.8.0/stm32cubeide/plugins/com.st.stm32cube.ide.mcu.externaltools.gnu-tools-for-stm32.9-2020-q2-update.win32_2.0.0.202105311346/tools/bin/../lib/gcc/arm-none-eabi/9.3.1/../../../../arm-none-eabi/lib/thumb/v7-m/nofp\libnosys.a
END GROUP
LOAD c:/st/stm32cubeide_1.8.0/stm32cubeide/plugins/com.st.stm32cube.ide.mcu.externaltools.gnu-tools-for-stm32.9-2020-q2-update.win32_2.0.0.202105311346/tools/bin/../lib/gcc/arm-none-eabi/9.3.1/thumb/v7-m/nofp/crtend.o
LOAD c:/st/stm32cubeide_1.8.0/stm32cubeide/plugins/com.st.stm32cube.ide.mcu.externaltools.gnu-tools-for-stm32.9-2020-q2-update.win32_2.0.0.202105311346/tools/bin/../lib/gcc/arm-none-eabi/9.3.1/thumb/v7-m/nofp/crtn.o
                0x0000000020005000                _estack = (ORIGIN (RAM) + LENGTH (RAM))
                0x0000000000000200                _Min_Heap_Size = 0x200
                0x0000000000000400                _Min_Stack_Size = 0x400

.isr_vector     0x0000000008000000      0x10c
                0x0000000008000000                . = ALIGN (0x4)
 *(.isr_vector)
 .isr_vector    0x0000000008000000      0x10c ./Core/Startup/startup_stm32f103c8tx.o
                0x0000000008000000                g_pfnVectors
                0x000000000800010c                . = ALIGN (0x4)

.text           0x0000000008000110     0xd4dc
                0x0000000008000110                . = ALIGN (0x4)
 *(.text)
 .text          0x0000000008000110       0x40 c:/st/stm32cubeide_1.8.0/stm32cubeide/plugins/com.st.stm32cube.ide.mcu.externaltools.gnu-tools-for-stm32.9-2020-q2-update.win32_2.0.0.202105311346/tools/bin/../lib/gcc/arm-none-eabi/9.3.1/thumb/v7-m/nofp/crtbegin.o
 .text          0x0000000008000150      0x168 c:/st/stm32cubeide_1.8.0/stm32cubeide/plugins/com.st.stm32cube.ide.mcu.externaltools.gnu-tools-for-stm32.9-2020-q2-update.win32_2.0.0.202105311346/tools/bin/../lib/gcc/arm-none-eabi/9.3.1/thumb/v7-m/nofp\libgcc.a(_arm_mulsf3.o)
                0x0000000008000150                __aeabi_fmul
                0x0000000008000150                __mulsf3
 .text          0x00000000080002b8      0x378 c:/st/stm32cubeide_1.8.0/stm32cubeide/plugins/com.st.stm32cube.ide.mcu.externaltools.gnu-tools-for-stm32.9-2020-q2-update.win32_2.0.0.202105311346/tools/bin/../lib/gcc/arm-none-eabi/9.3.1/thumb/v7-m/nofp\libgcc.a(_arm_addsubdf3.o)
                0x00000000080002b8                __aeabi_drsub
                0x00000000080002c0                __aeabi_dsub
                0x00000000080002c0                __subdf3
                0x00000000080002c4                __aeabi_dadd
                0x00000000080002c4                __adddf3
                0x000000000800053c                __floatunsidf
                0x000000000800053c                __aeabi_ui2d
                0x000000000800055c                __floatsidf
                0x000000000800055c                __aeabi_i2d
                0x0000000008000580                __aeabi_f2d
                0x0000000008000580                __extendsfdf2
                0x00000000080005c4                __floatundidf
                0x00000000080005c4                __aeabi_ul2d
                0x00000000080005d4                __floatdidf
                0x00000000080005d4                __aeabi_l2d
 .text          0x0000000008000630      0x424 c:/st/stm32cubeide_1.8.0/stm32cubeide/plugins/com.st.stm32cube.ide.mcu.externaltools.gnu-tools-for-stm32.9-2020-q2-update.win32_2.0.0.202105311346/tools/bin/../lib/gcc/arm-none-eabi/9.3.1/thumb/v7-m/nofp\libgcc.a(_arm_muldivdf3.o)
                0x0000000008000630                __aeabi_dmul
                0x0000000008000630                __muldf3
                0x0000000008000884                __divdf3
                0x0000000008000884                __aeabi_ddiv
 .text          0x0000000008000a54      0x110 c:/st/stm32cubeide_1.8.0/stm32cubeide/plugins/com.st.stm32cube.ide.mcu.externaltools.gnu-tools-for-stm32.9-2020-q2-update.win32_2.0.0.202105311346/tools/bin/../lib/gcc/arm-none-eabi/9.3.1/thumb/v7-m/nofp\libgcc.a(_arm_cmpdf2.o)
                0x0000000008000a54                __gtdf2
                0x0000000008000a54                __gedf2
                0x0000000008000a5c                __ltdf2
                0x0000000008000a5c                __ledf2
                0x0000000008000a64                __nedf2
                0x0000000008000a64                __eqdf2
                0x0000000008000a64                __cmpdf2
                0x0000000008000ae0                __aeabi_cdrcmple
                0x0000000008000af0                __aeabi_cdcmpeq
                0x0000000008000af0                __aeabi_cdcmple
                0x0000000008000b00                __aeabi_dcmpeq
                0x0000000008000b14                __aeabi_dcmplt
                0x0000000008000b28                __aeabi_dcmple
                0x0000000008000b3c                __aeabi_dcmpge
                0x0000000008000b50                __aeabi_dcmpgt
 .text          0x0000000008000b64       0x50 c:/st/stm32cubeide_1.8.0/stm32cubeide/plugins/com.st.stm32cube.ide.mcu.externaltools.gnu-tools-for-stm32.9-2020-q2-update.win32_2.0.0.202105311346/tools/bin/../lib/gcc/arm-none-eabi/9.3.1/thumb/v7-m/nofp\libgcc.a(_arm_fixdfsi.o)
                0x0000000008000b64                __aeabi_d2iz
                0x0000000008000b64                __fixdfsi
 .text          0x0000000008000bb4       0xa0 c:/st/stm32cubeide_1.8.0/stm32cubeide/plugins/com.st.stm32cube.ide.mcu.externaltools.gnu-tools-for-stm32.9-2020-q2-update.win32_2.0.0.202105311346/tools/bin/../lib/gcc/arm-none-eabi/9.3.1/thumb/v7-m/nofp\libgcc.a(_arm_truncdfsf2.o)
                0x0000000008000bb4                __truncdfsf2
                0x0000000008000bb4                __aeabi_d2f
 .text          0x0000000008000c54      0x21c c:/st/stm32cubeide_1.8.0/stm32cubeide/plugins/com.st.stm32cube.ide.mcu.externaltools.gnu-tools-for-stm32.9-2020-q2-update.win32_2.0.0.202105311346/tools/bin/../lib/gcc/arm-none-eabi/9.3.1/thumb/v7-m/nofp\libgcc.a(_arm_addsubsf3.o)
                0x0000000008000c54                __aeabi_frsub
                0x0000000008000c5c                __subsf3
                0x0000000008000c5c                __aeabi_fsub
                0x0000000008000c60                __aeabi_fadd
                0x0000000008000c60                __addsf3
                0x0000000008000dc0                __aeabi_ui2f
                0x0000000008000dc0                __floatunsisf
                0x0000000008000dc8                __aeabi_i2f
                0x0000000008000dc8                __floatsisf
                0x0000000008000de4                __aeabi_ul2f
                0x0000000008000de4                __floatundisf
                0x0000000008000df4                __aeabi_l2f
                0x0000000008000df4                __floatdisf
 .text          0x0000000008000e70       0x4c c:/st/stm32cubeide_1.8.0/stm32cubeide/plugins/com.st.stm32cube.ide.mcu.externaltools.gnu-tools-for-stm32.9-2020-q2-update.win32_2.0.0.202105311346/tools/bin/../lib/gcc/arm-none-eabi/9.3.1/thumb/v7-m/nofp\libgcc.a(_arm_fixsfsi.o)
                0x0000000008000e70                __aeabi_f2iz
                0x0000000008000e70                __fixsfsi
 *(.text*)
 .text.ADC_DMA_Init
                0x0000000008000ebc       0x34 ./Core/Src/ADC_DMA.o
                0x0000000008000ebc                ADC_DMA_Init
 .text.aceGir_Init
                0x0000000008000ef0      0x11c ./Core/Src/ace_gir.o
                0x0000000008000ef0                aceGir_Init
 *fill*         0x000000000800100c        0x4 
 .text.aceGir_Read
                0x0000000008001010      0x1d0 ./Core/Src/ace_gir.o
                0x0000000008001010                aceGir_Read
 .text.can_bus_Init
                0x00000000080011e0       0x9c ./Core/Src/can_bus.o
                0x00000000080011e0                can_bus_Init
 .text.can_bus_Recieve
                0x000000000800127c       0xbc ./Core/Src/can_bus.o
                0x000000000800127c                can_bus_Recieve
 .text.dina_Init
                0x0000000008001338       0x1c ./Core/Src/dina.o
                0x0000000008001338                dina_Init
 .text.dina_Update
                0x0000000008001354       0x14 ./Core/Src/dina.o
                0x0000000008001354                dina_Update
 .text.SELECT   0x0000000008001368       0x18 ./Core/Src/fatfs_sd.o
 .text.DESELECT
                0x0000000008001380       0x18 ./Core/Src/fatfs_sd.o
 .text.SPI_TxByte
                0x0000000008001398       0x34 ./Core/Src/fatfs_sd.o
 .text.SPI_RxByte
                0x00000000080013cc       0x3c ./Core/Src/fatfs_sd.o
 .text.SPI_RxBytePtr
                0x0000000008001408       0x1c ./Core/Src/fatfs_sd.o
 .text.SD_ReadyWait
                0x0000000008001424       0x38 ./Core/Src/fatfs_sd.o
 .text.SD_PowerOn
                0x000000000800145c       0x98 ./Core/Src/fatfs_sd.o
 .text.SD_PowerOff
                0x00000000080014f4       0x18 ./Core/Src/fatfs_sd.o
 .text.SD_CheckPower
                0x000000000800150c       0x14 ./Core/Src/fatfs_sd.o
 .text.SD_RxDataBlock
                0x0000000008001520       0x6c ./Core/Src/fatfs_sd.o
 .text.SD_TxDataBlock
                0x000000000800158c       0xa8 ./Core/Src/fatfs_sd.o
 .text.SD_SendCmd
                0x0000000008001634       0xa4 ./Core/Src/fatfs_sd.o
 .text.SD_disk_initialize
                0x00000000080016d8      0x1d4 ./Core/Src/fatfs_sd.o
                0x00000000080016d8                SD_disk_initialize
 .text.SD_disk_status
                0x00000000080018ac       0x28 ./Core/Src/fatfs_sd.o
                0x00000000080018ac                SD_disk_status
 .text.SD_disk_read
                0x00000000080018d4       0xd4 ./Core/Src/fatfs_sd.o
                0x00000000080018d4                SD_disk_read
 .text.SD_disk_write
                0x00000000080019a8      0x108 ./Core/Src/fatfs_sd.o
                0x00000000080019a8                SD_disk_write
 .text.SD_disk_ioctl
                0x0000000008001ab0      0x264 ./Core/Src/fatfs_sd.o
                0x0000000008001ab0                SD_disk_ioctl
 .text.forceGauge_uart_Init_DMA
                0x0000000008001d14       0x28 ./Core/Src/forceGauge.o
                0x0000000008001d14                forceGauge_uart_Init_DMA
 .text.forceGauge_getForce
                0x0000000008001d3c      0x118 ./Core/Src/forceGauge.o
                0x0000000008001d3c                forceGauge_getForce
 .text.pow10    0x0000000008001e54       0x52 ./Core/Src/forceGauge.o
                0x0000000008001e54                pow10
 .text.indutivo_Init
                0x0000000008001ea6       0x46 ./Core/Src/indutivo.o
                0x0000000008001ea6                indutivo_Init
 .text.indutivo_filtro
                0x0000000008001eec       0xb0 ./Core/Src/indutivo.o
                0x0000000008001eec                indutivo_filtro
 *fill*         0x0000000008001f9c        0x4 
 .text.indutivo_calc
                0x0000000008001fa0       0xc8 ./Core/Src/indutivo.o
                0x0000000008001fa0                indutivo_calc
 .text.indutivo_reset
                0x0000000008002068       0x40 ./Core/Src/indutivo.o
                0x0000000008002068                indutivo_reset
 .text.main     0x00000000080020a8       0xdc ./Core/Src/main.o
                0x00000000080020a8                main
 .text.SystemClock_Config
                0x0000000008002184       0xb6 ./Core/Src/main.o
                0x0000000008002184                SystemClock_Config
 *fill*         0x000000000800223a        0x2 
 .text.MX_ADC1_Init
                0x000000000800223c       0x9c ./Core/Src/main.o
 .text.MX_CAN_Init
                0x00000000080022d8       0x6c ./Core/Src/main.o
 .text.MX_I2C2_Init
                0x0000000008002344       0x5c ./Core/Src/main.o
 .text.MX_SPI1_Init
                0x00000000080023a0       0x6c ./Core/Src/main.o
 .text.MX_TIM1_Init
                0x000000000800240c       0xe8 ./Core/Src/main.o
 .text.MX_TIM2_Init
                0x00000000080024f4       0xe0 ./Core/Src/main.o
 .text.MX_TIM3_Init
                0x00000000080025d4       0x9c ./Core/Src/main.o
 .text.MX_TIM4_Init
                0x0000000008002670       0x9c ./Core/Src/main.o
 .text.MX_USART1_UART_Init
                0x000000000800270c       0x54 ./Core/Src/main.o
 .text.MX_USART2_UART_Init
                0x0000000008002760       0x54 ./Core/Src/main.o
 .text.MX_DMA_Init
                0x00000000080027b4       0x5c ./Core/Src/main.o
 .text.MX_GPIO_Init
                0x0000000008002810       0xdc ./Core/Src/main.o
 .text.Error_Handler
                0x00000000080028ec        0xa ./Core/Src/main.o
                0x00000000080028ec                Error_Handler
 *fill*         0x00000000080028f6        0x2 
 .text.rot_Init
                0x00000000080028f8       0x2c ./Core/Src/rot.o
                0x00000000080028f8                rot_Init
 .text.rot_Reset
                0x0000000008002924       0x14 ./Core/Src/rot.o
                0x0000000008002924                rot_Reset
 .text.rot_Calc
                0x0000000008002938       0x14 ./Core/Src/rot.o
                0x0000000008002938                rot_Calc
 .text.bufsize  0x000000000800294c       0x2c ./Core/Src/sdCard.o
                0x000000000800294c                bufsize
 .text.bufclear
                0x0000000008002978       0x40 ./Core/Src/sdCard.o
                0x0000000008002978                bufclear
 .text.SD_Init  0x00000000080029b8       0xa8 ./Core/Src/sdCard.o
                0x00000000080029b8                SD_Init
 .text.SD_loadSettings
                0x0000000008002a60       0x60 ./Core/Src/sdCard.o
                0x0000000008002a60                SD_loadSettings
 .text.SD_createSettings
                0x0000000008002ac0       0xac ./Core/Src/sdCard.o
                0x0000000008002ac0                SD_createSettings
 .text.SD_searchSettings
                0x0000000008002b6c      0x154 ./Core/Src/sdCard.o
                0x0000000008002b6c                SD_searchSettings
 .text.SD_createFile
                0x0000000008002cc0       0xb4 ./Core/Src/sdCard.o
                0x0000000008002cc0                SD_createFile
 .text.SD_write
                0x0000000008002d74       0xbc ./Core/Src/sdCard.o
                0x0000000008002d74                SD_write
 .text.SD_logger
                0x0000000008002e30      0x254 ./Core/Src/sdCard.o
                0x0000000008002e30                SD_logger
 .text.HAL_MspInit
                0x0000000008003084       0x64 ./Core/Src/stm32f1xx_hal_msp.o
                0x0000000008003084                HAL_MspInit
 .text.HAL_ADC_MspInit
                0x00000000080030e8      0x100 ./Core/Src/stm32f1xx_hal_msp.o
                0x00000000080030e8                HAL_ADC_MspInit
 .text.HAL_CAN_MspInit
                0x00000000080031e8       0xa8 ./Core/Src/stm32f1xx_hal_msp.o
                0x00000000080031e8                HAL_CAN_MspInit
 .text.HAL_I2C_MspInit
                0x0000000008003290       0x80 ./Core/Src/stm32f1xx_hal_msp.o
                0x0000000008003290                HAL_I2C_MspInit
 .text.HAL_SPI_MspInit
                0x0000000008003310       0xb4 ./Core/Src/stm32f1xx_hal_msp.o
                0x0000000008003310                HAL_SPI_MspInit
 .text.HAL_TIM_Base_MspInit
                0x00000000080033c4      0x174 ./Core/Src/stm32f1xx_hal_msp.o
                0x00000000080033c4                HAL_TIM_Base_MspInit
 .text.HAL_UART_MspInit
                0x0000000008003538      0x1d4 ./Core/Src/stm32f1xx_hal_msp.o
                0x0000000008003538                HAL_UART_MspInit
 .text.SDTimer_Handler
                0x000000000800370c       0x44 ./Core/Src/stm32f1xx_it.o
                0x000000000800370c                SDTimer_Handler
 .text.NMI_Handler
                0x0000000008003750        0x6 ./Core/Src/stm32f1xx_it.o
                0x0000000008003750                NMI_Handler
 .text.HardFault_Handler
                0x0000000008003756        0x6 ./Core/Src/stm32f1xx_it.o
                0x0000000008003756                HardFault_Handler
 .text.MemManage_Handler
                0x000000000800375c        0x6 ./Core/Src/stm32f1xx_it.o
                0x000000000800375c                MemManage_Handler
 .text.BusFault_Handler
                0x0000000008003762        0x6 ./Core/Src/stm32f1xx_it.o
                0x0000000008003762                BusFault_Handler
 .text.UsageFault_Handler
                0x0000000008003768        0x6 ./Core/Src/stm32f1xx_it.o
                0x0000000008003768                UsageFault_Handler
 .text.SVC_Handler
                0x000000000800376e        0xc ./Core/Src/stm32f1xx_it.o
                0x000000000800376e                SVC_Handler
 .text.DebugMon_Handler
                0x000000000800377a        0xc ./Core/Src/stm32f1xx_it.o
                0x000000000800377a                DebugMon_Handler
 .text.PendSV_Handler
                0x0000000008003786        0xc ./Core/Src/stm32f1xx_it.o
                0x0000000008003786                PendSV_Handler
 *fill*         0x0000000008003792        0x2 
 .text.SysTick_Handler
                0x0000000008003794       0x34 ./Core/Src/stm32f1xx_it.o
                0x0000000008003794                SysTick_Handler
 .text.DMA1_Channel1_IRQHandler
                0x00000000080037c8       0x14 ./Core/Src/stm32f1xx_it.o
                0x00000000080037c8                DMA1_Channel1_IRQHandler
 .text.DMA1_Channel5_IRQHandler
                0x00000000080037dc       0x14 ./Core/Src/stm32f1xx_it.o
                0x00000000080037dc                DMA1_Channel5_IRQHandler
 .text.DMA1_Channel6_IRQHandler
                0x00000000080037f0       0x14 ./Core/Src/stm32f1xx_it.o
                0x00000000080037f0                DMA1_Channel6_IRQHandler
 .text.USB_LP_CAN1_RX0_IRQHandler
                0x0000000008003804       0x18 ./Core/Src/stm32f1xx_it.o
                0x0000000008003804                USB_LP_CAN1_RX0_IRQHandler
 .text.TIM1_UP_IRQHandler
                0x000000000800381c       0x24 ./Core/Src/stm32f1xx_it.o
                0x000000000800381c                TIM1_UP_IRQHandler
 .text.TIM1_CC_IRQHandler
                0x0000000008003840       0x24 ./Core/Src/stm32f1xx_it.o
                0x0000000008003840                TIM1_CC_IRQHandler
 .text.TIM2_IRQHandler
                0x0000000008003864       0x38 ./Core/Src/stm32f1xx_it.o
                0x0000000008003864                TIM2_IRQHandler
 .text.TIM3_IRQHandler
                0x000000000800389c       0x14 ./Core/Src/stm32f1xx_it.o
                0x000000000800389c                TIM3_IRQHandler
 .text.TIM4_IRQHandler
                0x00000000080038b0       0x5c ./Core/Src/stm32f1xx_it.o
                0x00000000080038b0                TIM4_IRQHandler
 .text.USART1_IRQHandler
                0x000000000800390c       0x14 ./Core/Src/stm32f1xx_it.o
                0x000000000800390c                USART1_IRQHandler
 .text.USART2_IRQHandler
                0x0000000008003920       0x14 ./Core/Src/stm32f1xx_it.o
                0x0000000008003920                USART2_IRQHandler
 .text._sbrk    0x0000000008003934       0x6c ./Core/Src/sysmem.o
                0x0000000008003934                _sbrk
 .text.SystemInit
                0x00000000080039a0        0xc ./Core/Src/system_stm32f1xx.o
                0x00000000080039a0                SystemInit
 .text.traction_Init
                0x00000000080039ac       0x30 ./Core/Src/traction.o
                0x00000000080039ac                traction_Init
 .text.traction_Update
                0x00000000080039dc       0x1c ./Core/Src/traction.o
                0x00000000080039dc                traction_Update
 .text.vel_Init
                0x00000000080039f8       0x2c ./Core/Src/vel.o
                0x00000000080039f8                vel_Init
 .text.vel_Reset
                0x0000000008003a24       0x14 ./Core/Src/vel.o
                0x0000000008003a24                vel_Reset
 .text.vel_Calc
                0x0000000008003a38       0x14 ./Core/Src/vel.o
                0x0000000008003a38                vel_Calc
 .text.Reset_Handler
                0x0000000008003a4c       0x48 ./Core/Startup/startup_stm32f103c8tx.o
                0x0000000008003a4c                Reset_Handler
 .text.Default_Handler
                0x0000000008003a94        0x2 ./Core/Startup/startup_stm32f103c8tx.o
                0x0000000008003a94                RTC_Alarm_IRQHandler
                0x0000000008003a94                EXTI2_IRQHandler
                0x0000000008003a94                PVD_IRQHandler
                0x0000000008003a94                EXTI3_IRQHandler
                0x0000000008003a94                EXTI0_IRQHandler
                0x0000000008003a94                I2C2_EV_IRQHandler
                0x0000000008003a94                ADC1_2_IRQHandler
                0x0000000008003a94                SPI1_IRQHandler
                0x0000000008003a94                TAMPER_IRQHandler
                0x0000000008003a94                DMA1_Channel4_IRQHandler
                0x0000000008003a94                USART3_IRQHandler
                0x0000000008003a94                RTC_IRQHandler
                0x0000000008003a94                DMA1_Channel7_IRQHandler
                0x0000000008003a94                CAN1_RX1_IRQHandler
                0x0000000008003a94                I2C1_EV_IRQHandler
                0x0000000008003a94                RCC_IRQHandler
                0x0000000008003a94                TIM1_TRG_COM_IRQHandler
                0x0000000008003a94                Default_Handler
                0x0000000008003a94                EXTI15_10_IRQHandler
                0x0000000008003a94                EXTI9_5_IRQHandler
                0x0000000008003a94                SPI2_IRQHandler
                0x0000000008003a94                EXTI4_IRQHandler
                0x0000000008003a94                USB_HP_CAN1_TX_IRQHandler
                0x0000000008003a94                DMA1_Channel3_IRQHandler
                0x0000000008003a94                WWDG_IRQHandler
                0x0000000008003a94                TIM1_BRK_IRQHandler
                0x0000000008003a94                EXTI1_IRQHandler
                0x0000000008003a94                I2C2_ER_IRQHandler
                0x0000000008003a94                DMA1_Channel2_IRQHandler
                0x0000000008003a94                CAN1_SCE_IRQHandler
                0x0000000008003a94                FLASH_IRQHandler
                0x0000000008003a94                I2C1_ER_IRQHandler
                0x0000000008003a94                USBWakeUp_IRQHandler
 *fill*         0x0000000008003a96        0x2 
 .text.HAL_Init
                0x0000000008003a98       0x2c ./Drivers/STM32F1xx_HAL_Driver/Src/stm32f1xx_hal.o
                0x0000000008003a98                HAL_Init
 .text.HAL_InitTick
                0x0000000008003ac4       0x60 ./Drivers/STM32F1xx_HAL_Driver/Src/stm32f1xx_hal.o
                0x0000000008003ac4                HAL_InitTick
 .text.HAL_IncTick
                0x0000000008003b24       0x24 ./Drivers/STM32F1xx_HAL_Driver/Src/stm32f1xx_hal.o
                0x0000000008003b24                HAL_IncTick
 .text.HAL_GetTick
                0x0000000008003b48       0x14 ./Drivers/STM32F1xx_HAL_Driver/Src/stm32f1xx_hal.o
                0x0000000008003b48                HAL_GetTick
 .text.HAL_ADC_Init
                0x0000000008003b5c      0x1b0 ./Drivers/STM32F1xx_HAL_Driver/Src/stm32f1xx_hal_adc.o
                0x0000000008003b5c                HAL_ADC_Init
 .text.HAL_ADC_Start_DMA
                0x0000000008003d0c      0x1bc ./Drivers/STM32F1xx_HAL_Driver/Src/stm32f1xx_hal_adc.o
                0x0000000008003d0c                HAL_ADC_Start_DMA
 .text.HAL_ADC_ConvCpltCallback
                0x0000000008003ec8       0x12 ./Drivers/STM32F1xx_HAL_Driver/Src/stm32f1xx_hal_adc.o
                0x0000000008003ec8                HAL_ADC_ConvCpltCallback
 .text.HAL_ADC_ConvHalfCpltCallback
                0x0000000008003eda       0x12 ./Drivers/STM32F1xx_HAL_Driver/Src/stm32f1xx_hal_adc.o
                0x0000000008003eda                HAL_ADC_ConvHalfCpltCallback
 .text.HAL_ADC_ErrorCallback
                0x0000000008003eec       0x12 ./Drivers/STM32F1xx_HAL_Driver/Src/stm32f1xx_hal_adc.o
                0x0000000008003eec                HAL_ADC_ErrorCallback
 *fill*         0x0000000008003efe        0x2 
 .text.HAL_ADC_ConfigChannel
                0x0000000008003f00      0x1f0 ./Drivers/STM32F1xx_HAL_Driver/Src/stm32f1xx_hal_adc.o
                0x0000000008003f00                HAL_ADC_ConfigChannel
 .text.ADC_Enable
                0x00000000080040f0       0xb4 ./Drivers/STM32F1xx_HAL_Driver/Src/stm32f1xx_hal_adc.o
                0x00000000080040f0                ADC_Enable
 .text.ADC_ConversionStop_Disable
                0x00000000080041a4       0x82 ./Drivers/STM32F1xx_HAL_Driver/Src/stm32f1xx_hal_adc.o
                0x00000000080041a4                ADC_ConversionStop_Disable
 .text.ADC_DMAConvCplt
                0x0000000008004226       0x7c ./Drivers/STM32F1xx_HAL_Driver/Src/stm32f1xx_hal_adc.o
                0x0000000008004226                ADC_DMAConvCplt
 .text.ADC_DMAHalfConvCplt
                0x00000000080042a2       0x1c ./Drivers/STM32F1xx_HAL_Driver/Src/stm32f1xx_hal_adc.o
                0x00000000080042a2                ADC_DMAHalfConvCplt
 .text.ADC_DMAError
                0x00000000080042be       0x34 ./Drivers/STM32F1xx_HAL_Driver/Src/stm32f1xx_hal_adc.o
                0x00000000080042be                ADC_DMAError
 *fill*         0x00000000080042f2        0x2 
 .text.HAL_ADCEx_Calibration_Start
                0x00000000080042f4      0x158 ./Drivers/STM32F1xx_HAL_Driver/Src/stm32f1xx_hal_adc_ex.o
                0x00000000080042f4                HAL_ADCEx_Calibration_Start
 .text.HAL_CAN_Init
                0x000000000800444c      0x1f6 ./Drivers/STM32F1xx_HAL_Driver/Src/stm32f1xx_hal_can.o
                0x000000000800444c                HAL_CAN_Init
 .text.HAL_CAN_ConfigFilter
                0x0000000008004642      0x192 ./Drivers/STM32F1xx_HAL_Driver/Src/stm32f1xx_hal_can.o
                0x0000000008004642                HAL_CAN_ConfigFilter
 .text.HAL_CAN_Start
                0x00000000080047d4       0x88 ./Drivers/STM32F1xx_HAL_Driver/Src/stm32f1xx_hal_can.o
                0x00000000080047d4                HAL_CAN_Start
 .text.HAL_CAN_GetRxMessage
                0x000000000800485c      0x222 ./Drivers/STM32F1xx_HAL_Driver/Src/stm32f1xx_hal_can.o
                0x000000000800485c                HAL_CAN_GetRxMessage
 .text.HAL_CAN_ActivateNotification
                0x0000000008004a7e       0x4a ./Drivers/STM32F1xx_HAL_Driver/Src/stm32f1xx_hal_can.o
                0x0000000008004a7e                HAL_CAN_ActivateNotification
 .text.HAL_CAN_IRQHandler
                0x0000000008004ac8      0x36e ./Drivers/STM32F1xx_HAL_Driver/Src/stm32f1xx_hal_can.o
                0x0000000008004ac8                HAL_CAN_IRQHandler
 .text.HAL_CAN_TxMailbox0CompleteCallback
                0x0000000008004e36       0x12 ./Drivers/STM32F1xx_HAL_Driver/Src/stm32f1xx_hal_can.o
                0x0000000008004e36                HAL_CAN_TxMailbox0CompleteCallback
 .text.HAL_CAN_TxMailbox1CompleteCallback
                0x0000000008004e48       0x12 ./Drivers/STM32F1xx_HAL_Driver/Src/stm32f1xx_hal_can.o
                0x0000000008004e48                HAL_CAN_TxMailbox1CompleteCallback
 .text.HAL_CAN_TxMailbox2CompleteCallback
                0x0000000008004e5a       0x12 ./Drivers/STM32F1xx_HAL_Driver/Src/stm32f1xx_hal_can.o
                0x0000000008004e5a                HAL_CAN_TxMailbox2CompleteCallback
 .text.HAL_CAN_TxMailbox0AbortCallback
                0x0000000008004e6c       0x12 ./Drivers/STM32F1xx_HAL_Driver/Src/stm32f1xx_hal_can.o
                0x0000000008004e6c                HAL_CAN_TxMailbox0AbortCallback
 .text.HAL_CAN_TxMailbox1AbortCallback
                0x0000000008004e7e       0x12 ./Drivers/STM32F1xx_HAL_Driver/Src/stm32f1xx_hal_can.o
                0x0000000008004e7e                HAL_CAN_TxMailbox1AbortCallback
 .text.HAL_CAN_TxMailbox2AbortCallback
                0x0000000008004e90       0x12 ./Drivers/STM32F1xx_HAL_Driver/Src/stm32f1xx_hal_can.o
                0x0000000008004e90                HAL_CAN_TxMailbox2AbortCallback
 .text.HAL_CAN_RxFifo0MsgPendingCallback
                0x0000000008004ea2       0x12 ./Drivers/STM32F1xx_HAL_Driver/Src/stm32f1xx_hal_can.o
                0x0000000008004ea2                HAL_CAN_RxFifo0MsgPendingCallback
 .text.HAL_CAN_RxFifo0FullCallback
                0x0000000008004eb4       0x12 ./Drivers/STM32F1xx_HAL_Driver/Src/stm32f1xx_hal_can.o
                0x0000000008004eb4                HAL_CAN_RxFifo0FullCallback
 .text.HAL_CAN_RxFifo1MsgPendingCallback
                0x0000000008004ec6       0x12 ./Drivers/STM32F1xx_HAL_Driver/Src/stm32f1xx_hal_can.o
                0x0000000008004ec6                HAL_CAN_RxFifo1MsgPendingCallback
 .text.HAL_CAN_RxFifo1FullCallback
                0x0000000008004ed8       0x12 ./Drivers/STM32F1xx_HAL_Driver/Src/stm32f1xx_hal_can.o
                0x0000000008004ed8                HAL_CAN_RxFifo1FullCallback
 .text.HAL_CAN_SleepCallback
                0x0000000008004eea       0x12 ./Drivers/STM32F1xx_HAL_Driver/Src/stm32f1xx_hal_can.o
                0x0000000008004eea                HAL_CAN_SleepCallback
 .text.HAL_CAN_WakeUpFromRxMsgCallback
                0x0000000008004efc       0x12 ./Drivers/STM32F1xx_HAL_Driver/Src/stm32f1xx_hal_can.o
                0x0000000008004efc                HAL_CAN_WakeUpFromRxMsgCallback
 .text.HAL_CAN_ErrorCallback
                0x0000000008004f0e       0x12 ./Drivers/STM32F1xx_HAL_Driver/Src/stm32f1xx_hal_can.o
                0x0000000008004f0e                HAL_CAN_ErrorCallback
 .text.__NVIC_SetPriorityGrouping
                0x0000000008004f20       0x48 ./Drivers/STM32F1xx_HAL_Driver/Src/stm32f1xx_hal_cortex.o
 .text.__NVIC_GetPriorityGrouping
                0x0000000008004f68       0x1c ./Drivers/STM32F1xx_HAL_Driver/Src/stm32f1xx_hal_cortex.o
 .text.__NVIC_EnableIRQ
                0x0000000008004f84       0x38 ./Drivers/STM32F1xx_HAL_Driver/Src/stm32f1xx_hal_cortex.o
 .text.__NVIC_SetPriority
                0x0000000008004fbc       0x54 ./Drivers/STM32F1xx_HAL_Driver/Src/stm32f1xx_hal_cortex.o
 .text.NVIC_EncodePriority
                0x0000000008005010       0x64 ./Drivers/STM32F1xx_HAL_Driver/Src/stm32f1xx_hal_cortex.o
 .text.SysTick_Config
                0x0000000008005074       0x44 ./Drivers/STM32F1xx_HAL_Driver/Src/stm32f1xx_hal_cortex.o
 .text.HAL_NVIC_SetPriorityGrouping
                0x00000000080050b8       0x16 ./Drivers/STM32F1xx_HAL_Driver/Src/stm32f1xx_hal_cortex.o
                0x00000000080050b8                HAL_NVIC_SetPriorityGrouping
 .text.HAL_NVIC_SetPriority
                0x00000000080050ce       0x38 ./Drivers/STM32F1xx_HAL_Driver/Src/stm32f1xx_hal_cortex.o
                0x00000000080050ce                HAL_NVIC_SetPriority
 .text.HAL_NVIC_EnableIRQ
                0x0000000008005106       0x1c ./Drivers/STM32F1xx_HAL_Driver/Src/stm32f1xx_hal_cortex.o
                0x0000000008005106                HAL_NVIC_EnableIRQ
 .text.HAL_SYSTICK_Config
                0x0000000008005122       0x18 ./Drivers/STM32F1xx_HAL_Driver/Src/stm32f1xx_hal_cortex.o
                0x0000000008005122                HAL_SYSTICK_Config
 *fill*         0x000000000800513a        0x2 
 .text.HAL_DMA_Init
                0x000000000800513c       0xb4 ./Drivers/STM32F1xx_HAL_Driver/Src/stm32f1xx_hal_dma.o
                0x000000000800513c                HAL_DMA_Init
 .text.HAL_DMA_Start_IT
                0x00000000080051f0       0xbe ./Drivers/STM32F1xx_HAL_Driver/Src/stm32f1xx_hal_dma.o
                0x00000000080051f0                HAL_DMA_Start_IT
 .text.HAL_DMA_Abort
                0x00000000080052ae       0x74 ./Drivers/STM32F1xx_HAL_Driver/Src/stm32f1xx_hal_dma.o
                0x00000000080052ae                HAL_DMA_Abort
 *fill*         0x0000000008005322        0x2 
 .text.HAL_DMA_Abort_IT
                0x0000000008005324       0xec ./Drivers/STM32F1xx_HAL_Driver/Src/stm32f1xx_hal_dma.o
                0x0000000008005324                HAL_DMA_Abort_IT
 .text.HAL_DMA_IRQHandler
                0x0000000008005410      0x20c ./Drivers/STM32F1xx_HAL_Driver/Src/stm32f1xx_hal_dma.o
                0x0000000008005410                HAL_DMA_IRQHandler
 .text.DMA_SetConfig
                0x000000000800561c       0x5a ./Drivers/STM32F1xx_HAL_Driver/Src/stm32f1xx_hal_dma.o
 *fill*         0x0000000008005676        0x2 
 .text.HAL_GPIO_Init
                0x0000000008005678      0x308 ./Drivers/STM32F1xx_HAL_Driver/Src/stm32f1xx_hal_gpio.o
                0x0000000008005678                HAL_GPIO_Init
 .text.HAL_GPIO_WritePin
                0x0000000008005980       0x30 ./Drivers/STM32F1xx_HAL_Driver/Src/stm32f1xx_hal_gpio.o
                0x0000000008005980                HAL_GPIO_WritePin
 .text.HAL_GPIO_TogglePin
                0x00000000080059b0       0x32 ./Drivers/STM32F1xx_HAL_Driver/Src/stm32f1xx_hal_gpio.o
                0x00000000080059b0                HAL_GPIO_TogglePin
 *fill*         0x00000000080059e2        0x2 
 .text.HAL_I2C_Init
                0x00000000080059e4      0x288 ./Drivers/STM32F1xx_HAL_Driver/Src/stm32f1xx_hal_i2c.o
                0x00000000080059e4                HAL_I2C_Init
 .text.HAL_I2C_Mem_Write
                0x0000000008005c6c      0x1f4 ./Drivers/STM32F1xx_HAL_Driver/Src/stm32f1xx_hal_i2c.o
                0x0000000008005c6c                HAL_I2C_Mem_Write
 .text.HAL_I2C_Mem_Read
                0x0000000008005e60      0x4d0 ./Drivers/STM32F1xx_HAL_Driver/Src/stm32f1xx_hal_i2c.o
                0x0000000008005e60                HAL_I2C_Mem_Read
 .text.I2C_RequestMemoryWrite
                0x0000000008006330      0x12c ./Drivers/STM32F1xx_HAL_Driver/Src/stm32f1xx_hal_i2c.o
 .text.I2C_RequestMemoryRead
                0x000000000800645c      0x1d0 ./Drivers/STM32F1xx_HAL_Driver/Src/stm32f1xx_hal_i2c.o
 .text.I2C_WaitOnFlagUntilTimeout
                0x000000000800662c       0xae ./Drivers/STM32F1xx_HAL_Driver/Src/stm32f1xx_hal_i2c.o
 .text.I2C_WaitOnMasterAddressFlagUntilTimeout
                0x00000000080066da       0xfe ./Drivers/STM32F1xx_HAL_Driver/Src/stm32f1xx_hal_i2c.o
 .text.I2C_WaitOnTXEFlagUntilTimeout
                0x00000000080067d8       0x82 ./Drivers/STM32F1xx_HAL_Driver/Src/stm32f1xx_hal_i2c.o
 .text.I2C_WaitOnBTFFlagUntilTimeout
                0x000000000800685a       0x82 ./Drivers/STM32F1xx_HAL_Driver/Src/stm32f1xx_hal_i2c.o
 .text.I2C_WaitOnRXNEFlagUntilTimeout
                0x00000000080068dc       0xac ./Drivers/STM32F1xx_HAL_Driver/Src/stm32f1xx_hal_i2c.o
 .text.I2C_IsAcknowledgeFailed
                0x0000000008006988       0x5c ./Drivers/STM32F1xx_HAL_Driver/Src/stm32f1xx_hal_i2c.o
 .text.HAL_RCC_OscConfig
                0x00000000080069e4      0x500 ./Drivers/STM32F1xx_HAL_Driver/Src/stm32f1xx_hal_rcc.o
                0x00000000080069e4                HAL_RCC_OscConfig
 .text.HAL_RCC_ClockConfig
                0x0000000008006ee4      0x1d4 ./Drivers/STM32F1xx_HAL_Driver/Src/stm32f1xx_hal_rcc.o
                0x0000000008006ee4                HAL_RCC_ClockConfig
 .text.HAL_RCC_GetSysClockFreq
                0x00000000080070b8       0xc0 ./Drivers/STM32F1xx_HAL_Driver/Src/stm32f1xx_hal_rcc.o
                0x00000000080070b8                HAL_RCC_GetSysClockFreq
 .text.HAL_RCC_GetHCLKFreq
                0x0000000008007178       0x14 ./Drivers/STM32F1xx_HAL_Driver/Src/stm32f1xx_hal_rcc.o
                0x0000000008007178                HAL_RCC_GetHCLKFreq
 .text.HAL_RCC_GetPCLK1Freq
                0x000000000800718c       0x28 ./Drivers/STM32F1xx_HAL_Driver/Src/stm32f1xx_hal_rcc.o
                0x000000000800718c                HAL_RCC_GetPCLK1Freq
 .text.HAL_RCC_GetPCLK2Freq
                0x00000000080071b4       0x28 ./Drivers/STM32F1xx_HAL_Driver/Src/stm32f1xx_hal_rcc.o
                0x00000000080071b4                HAL_RCC_GetPCLK2Freq
 .text.RCC_Delay
                0x00000000080071dc       0x3c ./Drivers/STM32F1xx_HAL_Driver/Src/stm32f1xx_hal_rcc.o
 .text.HAL_RCCEx_PeriphCLKConfig
                0x0000000008007218      0x16c ./Drivers/STM32F1xx_HAL_Driver/Src/stm32f1xx_hal_rcc_ex.o
                0x0000000008007218                HAL_RCCEx_PeriphCLKConfig
 .text.HAL_RCCEx_GetPeriphCLKFreq
                0x0000000008007384      0x188 ./Drivers/STM32F1xx_HAL_Driver/Src/stm32f1xx_hal_rcc_ex.o
                0x0000000008007384                HAL_RCCEx_GetPeriphCLKFreq
 .text.HAL_SPI_Init
                0x000000000800750c      0x108 ./Drivers/STM32F1xx_HAL_Driver/Src/stm32f1xx_hal_spi.o
                0x000000000800750c                HAL_SPI_Init
 .text.HAL_SPI_Transmit
                0x0000000008007614      0x278 ./Drivers/STM32F1xx_HAL_Driver/Src/stm32f1xx_hal_spi.o
                0x0000000008007614                HAL_SPI_Transmit
 .text.HAL_SPI_TransmitReceive
                0x000000000800788c      0x344 ./Drivers/STM32F1xx_HAL_Driver/Src/stm32f1xx_hal_spi.o
                0x000000000800788c                HAL_SPI_TransmitReceive
 .text.HAL_SPI_GetState
                0x0000000008007bd0       0x1a ./Drivers/STM32F1xx_HAL_Driver/Src/stm32f1xx_hal_spi.o
                0x0000000008007bd0                HAL_SPI_GetState
 *fill*         0x0000000008007bea        0x2 
 .text.SPI_WaitFlagStateUntilTimeout
                0x0000000008007bec      0x110 ./Drivers/STM32F1xx_HAL_Driver/Src/stm32f1xx_hal_spi.o
 .text.SPI_EndRxTxTransaction
                0x0000000008007cfc       0x3c ./Drivers/STM32F1xx_HAL_Driver/Src/stm32f1xx_hal_spi.o
 .text.HAL_TIM_Base_Init
                0x0000000008007d38       0x9e ./Drivers/STM32F1xx_HAL_Driver/Src/stm32f1xx_hal_tim.o
                0x0000000008007d38                HAL_TIM_Base_Init
 *fill*         0x0000000008007dd6        0x2 
 .text.HAL_TIM_Base_Start_IT
                0x0000000008007dd8       0xa4 ./Drivers/STM32F1xx_HAL_Driver/Src/stm32f1xx_hal_tim.o
                0x0000000008007dd8                HAL_TIM_Base_Start_IT
 .text.HAL_TIM_IC_Init
                0x0000000008007e7c       0x9e ./Drivers/STM32F1xx_HAL_Driver/Src/stm32f1xx_hal_tim.o
                0x0000000008007e7c                HAL_TIM_IC_Init
 .text.HAL_TIM_IC_MspInit
                0x0000000008007f1a       0x12 ./Drivers/STM32F1xx_HAL_Driver/Src/stm32f1xx_hal_tim.o
                0x0000000008007f1a                HAL_TIM_IC_MspInit
 .text.HAL_TIM_IC_Start_IT
                0x0000000008007f2c      0x20c ./Drivers/STM32F1xx_HAL_Driver/Src/stm32f1xx_hal_tim.o
                0x0000000008007f2c                HAL_TIM_IC_Start_IT
 .text.HAL_TIM_IRQHandler
                0x0000000008008138      0x210 ./Drivers/STM32F1xx_HAL_Driver/Src/stm32f1xx_hal_tim.o
                0x0000000008008138                HAL_TIM_IRQHandler
 .text.HAL_TIM_IC_ConfigChannel
                0x0000000008008348      0x128 ./Drivers/STM32F1xx_HAL_Driver/Src/stm32f1xx_hal_tim.o
                0x0000000008008348                HAL_TIM_IC_ConfigChannel
 .text.HAL_TIM_ConfigClockSource
                0x0000000008008470      0x188 ./Drivers/STM32F1xx_HAL_Driver/Src/stm32f1xx_hal_tim.o
                0x0000000008008470                HAL_TIM_ConfigClockSource
 .text.HAL_TIM_PeriodElapsedCallback
                0x00000000080085f8       0x12 ./Drivers/STM32F1xx_HAL_Driver/Src/stm32f1xx_hal_tim.o
                0x00000000080085f8                HAL_TIM_PeriodElapsedCallback
 .text.HAL_TIM_OC_DelayElapsedCallback
                0x000000000800860a       0x12 ./Drivers/STM32F1xx_HAL_Driver/Src/stm32f1xx_hal_tim.o
                0x000000000800860a                HAL_TIM_OC_DelayElapsedCallback
 .text.HAL_TIM_IC_CaptureCallback
                0x000000000800861c       0x12 ./Drivers/STM32F1xx_HAL_Driver/Src/stm32f1xx_hal_tim.o
                0x000000000800861c                HAL_TIM_IC_CaptureCallback
 .text.HAL_TIM_PWM_PulseFinishedCallback
                0x000000000800862e       0x12 ./Drivers/STM32F1xx_HAL_Driver/Src/stm32f1xx_hal_tim.o
                0x000000000800862e                HAL_TIM_PWM_PulseFinishedCallback
 .text.HAL_TIM_TriggerCallback
                0x0000000008008640       0x12 ./Drivers/STM32F1xx_HAL_Driver/Src/stm32f1xx_hal_tim.o
                0x0000000008008640                HAL_TIM_TriggerCallback
 *fill*         0x0000000008008652        0x2 
 .text.TIM_Base_SetConfig
                0x0000000008008654       0xc4 ./Drivers/STM32F1xx_HAL_Driver/Src/stm32f1xx_hal_tim.o
                0x0000000008008654                TIM_Base_SetConfig
 .text.TIM_TI1_SetConfig
                0x0000000008008718       0xb4 ./Drivers/STM32F1xx_HAL_Driver/Src/stm32f1xx_hal_tim.o
                0x0000000008008718                TIM_TI1_SetConfig
 .text.TIM_TI1_ConfigInputStage
                0x00000000080087cc       0x5c ./Drivers/STM32F1xx_HAL_Driver/Src/stm32f1xx_hal_tim.o
 .text.TIM_TI2_SetConfig
                0x0000000008008828       0x78 ./Drivers/STM32F1xx_HAL_Driver/Src/stm32f1xx_hal_tim.o
 .text.TIM_TI2_ConfigInputStage
                0x00000000080088a0       0x5e ./Drivers/STM32F1xx_HAL_Driver/Src/stm32f1xx_hal_tim.o
 .text.TIM_TI3_SetConfig
                0x00000000080088fe       0x76 ./Drivers/STM32F1xx_HAL_Driver/Src/stm32f1xx_hal_tim.o
 .text.TIM_TI4_SetConfig
                0x0000000008008974       0x78 ./Drivers/STM32F1xx_HAL_Driver/Src/stm32f1xx_hal_tim.o
 .text.TIM_ITRx_SetConfig
                0x00000000080089ec       0x34 ./Drivers/STM32F1xx_HAL_Driver/Src/stm32f1xx_hal_tim.o
 .text.TIM_ETR_SetConfig
                0x0000000008008a20       0x3e ./Drivers/STM32F1xx_HAL_Driver/Src/stm32f1xx_hal_tim.o
                0x0000000008008a20                TIM_ETR_SetConfig
 .text.TIM_CCxChannelCmd
                0x0000000008008a5e       0x48 ./Drivers/STM32F1xx_HAL_Driver/Src/stm32f1xx_hal_tim.o
                0x0000000008008a5e                TIM_CCxChannelCmd
 *fill*         0x0000000008008aa6        0x2 
 .text.HAL_TIMEx_MasterConfigSynchronization
                0x0000000008008aa8       0xbc ./Drivers/STM32F1xx_HAL_Driver/Src/stm32f1xx_hal_tim_ex.o
                0x0000000008008aa8                HAL_TIMEx_MasterConfigSynchronization
 .text.HAL_TIMEx_CommutCallback
                0x0000000008008b64       0x12 ./Drivers/STM32F1xx_HAL_Driver/Src/stm32f1xx_hal_tim_ex.o
                0x0000000008008b64                HAL_TIMEx_CommutCallback
 .text.HAL_TIMEx_BreakCallback
                0x0000000008008b76       0x12 ./Drivers/STM32F1xx_HAL_Driver/Src/stm32f1xx_hal_tim_ex.o
                0x0000000008008b76                HAL_TIMEx_BreakCallback
 .text.HAL_UART_Init
                0x0000000008008b88       0x9a ./Drivers/STM32F1xx_HAL_Driver/Src/stm32f1xx_hal_uart.o
                0x0000000008008b88                HAL_UART_Init
 .text.HAL_UART_Receive_DMA
                0x0000000008008c22       0x60 ./Drivers/STM32F1xx_HAL_Driver/Src/stm32f1xx_hal_uart.o
                0x0000000008008c22                HAL_UART_Receive_DMA
 *fill*         0x0000000008008c82        0x2 
 .text.HAL_UART_IRQHandler
                0x0000000008008c84      0x354 ./Drivers/STM32F1xx_HAL_Driver/Src/stm32f1xx_hal_uart.o
                0x0000000008008c84                HAL_UART_IRQHandler
 .text.HAL_UART_TxCpltCallback
                0x0000000008008fd8       0x12 ./Drivers/STM32F1xx_HAL_Driver/Src/stm32f1xx_hal_uart.o
                0x0000000008008fd8                HAL_UART_TxCpltCallback
 .text.HAL_UART_RxCpltCallback
                0x0000000008008fea       0x12 ./Drivers/STM32F1xx_HAL_Driver/Src/stm32f1xx_hal_uart.o
                0x0000000008008fea                HAL_UART_RxCpltCallback
 .text.HAL_UART_RxHalfCpltCallback
                0x0000000008008ffc       0x12 ./Drivers/STM32F1xx_HAL_Driver/Src/stm32f1xx_hal_uart.o
                0x0000000008008ffc                HAL_UART_RxHalfCpltCallback
 .text.HAL_UART_ErrorCallback
                0x000000000800900e       0x12 ./Drivers/STM32F1xx_HAL_Driver/Src/stm32f1xx_hal_uart.o
                0x000000000800900e                HAL_UART_ErrorCallback
 .text.HAL_UARTEx_RxEventCallback
                0x0000000008009020       0x16 ./Drivers/STM32F1xx_HAL_Driver/Src/stm32f1xx_hal_uart.o
                0x0000000008009020                HAL_UARTEx_RxEventCallback
 .text.UART_DMAReceiveCplt
                0x0000000008009036       0x96 ./Drivers/STM32F1xx_HAL_Driver/Src/stm32f1xx_hal_uart.o
 .text.UART_DMARxHalfCplt
                0x00000000080090cc       0x36 ./Drivers/STM32F1xx_HAL_Driver/Src/stm32f1xx_hal_uart.o
 .text.UART_DMAError
                0x0000000008009102       0x94 ./Drivers/STM32F1xx_HAL_Driver/Src/stm32f1xx_hal_uart.o
 *fill*         0x0000000008009196        0x2 
 .text.UART_Start_Receive_DMA
                0x0000000008009198       0xc8 ./Drivers/STM32F1xx_HAL_Driver/Src/stm32f1xx_hal_uart.o
                0x0000000008009198                UART_Start_Receive_DMA
 .text.UART_EndTxTransfer
                0x0000000008009260       0x2a ./Drivers/STM32F1xx_HAL_Driver/Src/stm32f1xx_hal_uart.o
 .text.UART_EndRxTransfer
                0x000000000800928a       0x58 ./Drivers/STM32F1xx_HAL_Driver/Src/stm32f1xx_hal_uart.o
 .text.UART_DMAAbortOnError
                0x00000000080092e2       0x28 ./Drivers/STM32F1xx_HAL_Driver/Src/stm32f1xx_hal_uart.o
 .text.UART_Transmit_IT
                0x000000000800930a       0x9e ./Drivers/STM32F1xx_HAL_Driver/Src/stm32f1xx_hal_uart.o
 .text.UART_EndTransmit_IT
                0x00000000080093a8       0x30 ./Drivers/STM32F1xx_HAL_Driver/Src/stm32f1xx_hal_uart.o
 .text.UART_Receive_IT
                0x00000000080093d8      0x152 ./Drivers/STM32F1xx_HAL_Driver/Src/stm32f1xx_hal_uart.o
 *fill*         0x000000000800952a        0x2 
 .text.UART_SetConfig
                0x000000000800952c      0x11c ./Drivers/STM32F1xx_HAL_Driver/Src/stm32f1xx_hal_uart.o
 .text.MX_FATFS_Init
                0x0000000008009648       0x24 ./FATFS/App/fatfs.o
                0x0000000008009648                MX_FATFS_Init
 .text.get_fattime
                0x000000000800966c        0xe ./FATFS/App/fatfs.o
                0x000000000800966c                get_fattime
 *fill*         0x000000000800967a        0x2 
 .text.USER_initialize
                0x000000000800967c       0x2c ./FATFS/Target/user_diskio.o
                0x000000000800967c                USER_initialize
 .text.USER_status
                0x00000000080096a8       0x1c ./FATFS/Target/user_diskio.o
                0x00000000080096a8                USER_status
 .text.USER_read
                0x00000000080096c4       0x26 ./FATFS/Target/user_diskio.o
                0x00000000080096c4                USER_read
 .text.USER_write
                0x00000000080096ea       0x26 ./FATFS/Target/user_diskio.o
                0x00000000080096ea                USER_write
 .text.USER_ioctl
                0x0000000008009710       0x26 ./FATFS/Target/user_diskio.o
                0x0000000008009710                USER_ioctl
 *fill*         0x0000000008009736        0x2 
 .text.disk_status
                0x0000000008009738       0x34 ./Middlewares/Third_Party/FatFs/src/diskio.o
                0x0000000008009738                disk_status
 .text.disk_initialize
                0x000000000800976c       0x4c ./Middlewares/Third_Party/FatFs/src/diskio.o
                0x000000000800976c                disk_initialize
 .text.disk_read
                0x00000000080097b8       0x40 ./Middlewares/Third_Party/FatFs/src/diskio.o
                0x00000000080097b8                disk_read
 .text.disk_write
                0x00000000080097f8       0x40 ./Middlewares/Third_Party/FatFs/src/diskio.o
                0x00000000080097f8                disk_write
 .text.disk_ioctl
                0x0000000008009838       0x3c ./Middlewares/Third_Party/FatFs/src/diskio.o
                0x0000000008009838                disk_ioctl
 .text.mem_cpy  0x0000000008009874       0x3c ./Middlewares/Third_Party/FatFs/src/ff.o
 .text.mem_set  0x00000000080098b0       0x34 ./Middlewares/Third_Party/FatFs/src/ff.o
 .text.mem_cmp  0x00000000080098e4       0x4c ./Middlewares/Third_Party/FatFs/src/ff.o
 .text.chk_chr  0x0000000008009930       0x34 ./Middlewares/Third_Party/FatFs/src/ff.o
 .text.chk_lock
                0x0000000008009964       0xd4 ./Middlewares/Third_Party/FatFs/src/ff.o
 .text.enq_lock
                0x0000000008009a38       0x48 ./Middlewares/Third_Party/FatFs/src/ff.o
 .text.inc_lock
                0x0000000008009a80      0x160 ./Middlewares/Third_Party/FatFs/src/ff.o
 .text.dec_lock
                0x0000000008009be0       0x88 ./Middlewares/Third_Party/FatFs/src/ff.o
 .text.clear_lock
                0x0000000008009c68       0x54 ./Middlewares/Third_Party/FatFs/src/ff.o
 .text.sync_window
                0x0000000008009cbc       0x92 ./Middlewares/Third_Party/FatFs/src/ff.o
 .text.move_window
                0x0000000008009d4e       0x5c ./Middlewares/Third_Party/FatFs/src/ff.o
 .text.sync_fs  0x0000000008009daa      0x15c ./Middlewares/Third_Party/FatFs/src/ff.o
 .text.clust2sect
                0x0000000008009f06       0x42 ./Middlewares/Third_Party/FatFs/src/ff.o
                0x0000000008009f06                clust2sect
 .text.get_fat  0x0000000008009f48      0x1dc ./Middlewares/Third_Party/FatFs/src/ff.o
                0x0000000008009f48                get_fat
 .text.put_fat  0x000000000800a124      0x280 ./Middlewares/Third_Party/FatFs/src/ff.o
                0x000000000800a124                put_fat
 .text.remove_chain
                0x000000000800a3a4       0xb4 ./Middlewares/Third_Party/FatFs/src/ff.o
 .text.create_chain
                0x000000000800a458      0x13a ./Middlewares/Third_Party/FatFs/src/ff.o
 .text.clmt_clust
                0x000000000800a592       0x70 ./Middlewares/Third_Party/FatFs/src/ff.o
 .text.dir_sdi  0x000000000800a602      0x13e ./Middlewares/Third_Party/FatFs/src/ff.o
 .text.dir_next
                0x000000000800a740      0x1f4 ./Middlewares/Third_Party/FatFs/src/ff.o
 .text.dir_alloc
                0x000000000800a934       0x8c ./Middlewares/Third_Party/FatFs/src/ff.o
 .text.ld_clust
                0x000000000800a9c0       0x5a ./Middlewares/Third_Party/FatFs/src/ff.o
 .text.st_clust
                0x000000000800aa1a       0x4c ./Middlewares/Third_Party/FatFs/src/ff.o
 *fill*         0x000000000800aa66        0x2 
 .text.cmp_lfn  0x000000000800aa68       0xdc ./Middlewares/Third_Party/FatFs/src/ff.o
 .text.fit_lfn  0x000000000800ab44       0xe8 ./Middlewares/Third_Party/FatFs/src/ff.o
 .text.gen_numname
                0x000000000800ac2c      0x120 ./Middlewares/Third_Party/FatFs/src/ff.o
 .text.sum_sfn  0x000000000800ad4c       0x40 ./Middlewares/Third_Party/FatFs/src/ff.o
 .text.dir_find
                0x000000000800ad8c      0x168 ./Middlewares/Third_Party/FatFs/src/ff.o
 .text.dir_register
                0x000000000800aef4      0x1f4 ./Middlewares/Third_Party/FatFs/src/ff.o
 .text.create_name
                0x000000000800b0e8      0x364 ./Middlewares/Third_Party/FatFs/src/ff.o
 .text.follow_path
                0x000000000800b44c       0xd0 ./Middlewares/Third_Party/FatFs/src/ff.o
 .text.get_ldnumber
                0x000000000800b51c       0x86 ./Middlewares/Third_Party/FatFs/src/ff.o
 *fill*         0x000000000800b5a2        0x2 
 .text.check_fs
                0x000000000800b5a4       0xd4 ./Middlewares/Third_Party/FatFs/src/ff.o
 .text.find_volume
                0x000000000800b678      0x5fc ./Middlewares/Third_Party/FatFs/src/ff.o
 .text.validate
                0x000000000800bc74       0x5c ./Middlewares/Third_Party/FatFs/src/ff.o
 .text.f_mount  0x000000000800bcd0       0x90 ./Middlewares/Third_Party/FatFs/src/ff.o
                0x000000000800bcd0                f_mount
 .text.f_open   0x000000000800bd60      0x300 ./Middlewares/Third_Party/FatFs/src/ff.o
                0x000000000800bd60                f_open
 .text.f_read   0x000000000800c060      0x2aa ./Middlewares/Third_Party/FatFs/src/ff.o
                0x000000000800c060                f_read
 .text.f_write  0x000000000800c30a      0x358 ./Middlewares/Third_Party/FatFs/src/ff.o
                0x000000000800c30a                f_write
 .text.f_sync   0x000000000800c662      0x114 ./Middlewares/Third_Party/FatFs/src/ff.o
                0x000000000800c662                f_sync
 .text.f_close  0x000000000800c776       0x4c ./Middlewares/Third_Party/FatFs/src/ff.o
                0x000000000800c776                f_close
 .text.f_lseek  0x000000000800c7c2      0x3b6 ./Middlewares/Third_Party/FatFs/src/ff.o
                0x000000000800c7c2                f_lseek
 .text.FATFS_LinkDriverEx
                0x000000000800cb78       0x94 ./Middlewares/Third_Party/FatFs/src/ff_gen_drv.o
                0x000000000800cb78                FATFS_LinkDriverEx
 .text.FATFS_LinkDriver
                0x000000000800cc0c       0x1e ./Middlewares/Third_Party/FatFs/src/ff_gen_drv.o
                0x000000000800cc0c                FATFS_LinkDriver
 *fill*         0x000000000800cc2a        0x2 
 .text.ff_convert
                0x000000000800cc2c       0x74 ./Middlewares/Third_Party/FatFs/src/option/ccsbcs.o
                0x000000000800cc2c                ff_convert
 .text.ff_wtoupper
                0x000000000800cca0       0x5c ./Middlewares/Third_Party/FatFs/src/option/ccsbcs.o
                0x000000000800cca0                ff_wtoupper
 .text.__errno  0x000000000800ccfc        0xc c:/st/stm32cubeide_1.8.0/stm32cubeide/plugins/com.st.stm32cube.ide.mcu.externaltools.gnu-tools-for-stm32.9-2020-q2-update.win32_2.0.0.202105311346/tools/bin/../lib/gcc/arm-none-eabi/9.3.1/../../../../arm-none-eabi/lib/thumb/v7-m/nofp\libc_nano.a(lib_a-errno.o)
                0x000000000800ccfc                __errno
 .text.__libc_init_array
                0x000000000800cd08       0x48 c:/st/stm32cubeide_1.8.0/stm32cubeide/plugins/com.st.stm32cube.ide.mcu.externaltools.gnu-tools-for-stm32.9-2020-q2-update.win32_2.0.0.202105311346/tools/bin/../lib/gcc/arm-none-eabi/9.3.1/../../../../arm-none-eabi/lib/thumb/v7-m/nofp\libc_nano.a(lib_a-init.o)
                0x000000000800cd08                __libc_init_array
 .text.memset   0x000000000800cd50       0x10 c:/st/stm32cubeide_1.8.0/stm32cubeide/plugins/com.st.stm32cube.ide.mcu.externaltools.gnu-tools-for-stm32.9-2020-q2-update.win32_2.0.0.202105311346/tools/bin/../lib/gcc/arm-none-eabi/9.3.1/../../../../arm-none-eabi/lib/thumb/v7-m/nofp\libc_nano.a(lib_a-memset.o)
                0x000000000800cd50                memset
 .text.sprintf  0x000000000800cd60       0x40 c:/st/stm32cubeide_1.8.0/stm32cubeide/plugins/com.st.stm32cube.ide.mcu.externaltools.gnu-tools-for-stm32.9-2020-q2-update.win32_2.0.0.202105311346/tools/bin/../lib/gcc/arm-none-eabi/9.3.1/../../../../arm-none-eabi/lib/thumb/v7-m/nofp\libc_nano.a(lib_a-sprintf.o)
                0x000000000800cd60                siprintf
                0x000000000800cd60                sprintf
 .text.__ssputs_r
                0x000000000800cda0       0xb6 c:/st/stm32cubeide_1.8.0/stm32cubeide/plugins/com.st.stm32cube.ide.mcu.externaltools.gnu-tools-for-stm32.9-2020-q2-update.win32_2.0.0.202105311346/tools/bin/../lib/gcc/arm-none-eabi/9.3.1/../../../../arm-none-eabi/lib/thumb/v7-m/nofp\libc_nano.a(lib_a-nano-svfprintf.o)
                0x000000000800cda0                __ssputs_r
 *fill*         0x000000000800ce56        0x2 
 .text._svfprintf_r
                0x000000000800ce58      0x200 c:/st/stm32cubeide_1.8.0/stm32cubeide/plugins/com.st.stm32cube.ide.mcu.externaltools.gnu-tools-for-stm32.9-2020-q2-update.win32_2.0.0.202105311346/tools/bin/../lib/gcc/arm-none-eabi/9.3.1/../../../../arm-none-eabi/lib/thumb/v7-m/nofp\libc_nano.a(lib_a-nano-svfprintf.o)
                0x000000000800ce58                _svfiprintf_r
                0x000000000800ce58                _svfprintf_r
 .text._printf_common
                0x000000000800d058       0xde c:/st/stm32cubeide_1.8.0/stm32cubeide/plugins/com.st.stm32cube.ide.mcu.externaltools.gnu-tools-for-stm32.9-2020-q2-update.win32_2.0.0.202105311346/tools/bin/../lib/gcc/arm-none-eabi/9.3.1/../../../../arm-none-eabi/lib/thumb/v7-m/nofp\libc_nano.a(lib_a-nano-vfprintf_i.o)
                0x000000000800d058                _printf_common
 *fill*         0x000000000800d136        0x2 
 .text._printf_i
                0x000000000800d138      0x24c c:/st/stm32cubeide_1.8.0/stm32cubeide/plugins/com.st.stm32cube.ide.mcu.externaltools.gnu-tools-for-stm32.9-2020-q2-update.win32_2.0.0.202105311346/tools/bin/../lib/gcc/arm-none-eabi/9.3.1/../../../../arm-none-eabi/lib/thumb/v7-m/nofp\libc_nano.a(lib_a-nano-vfprintf_i.o)
                0x000000000800d138                _printf_i
 .text.memchr   0x000000000800d384       0x1c c:/st/stm32cubeide_1.8.0/stm32cubeide/plugins/com.st.stm32cube.ide.mcu.externaltools.gnu-tools-for-stm32.9-2020-q2-update.win32_2.0.0.202105311346/tools/bin/../lib/gcc/arm-none-eabi/9.3.1/../../../../arm-none-eabi/lib/thumb/v7-m/nofp\libc_nano.a(lib_a-memchr-stub.o)
                0x000000000800d384                memchr
 .text.memcpy   0x000000000800d3a0       0x1c c:/st/stm32cubeide_1.8.0/stm32cubeide/plugins/com.st.stm32cube.ide.mcu.externaltools.gnu-tools-for-stm32.9-2020-q2-update.win32_2.0.0.202105311346/tools/bin/../lib/gcc/arm-none-eabi/9.3.1/../../../../arm-none-eabi/lib/thumb/v7-m/nofp\libc_nano.a(lib_a-memcpy-stub.o)
                0x000000000800d3a0                memcpy
 .text.memmove  0x000000000800d3bc       0x34 c:/st/stm32cubeide_1.8.0/stm32cubeide/plugins/com.st.stm32cube.ide.mcu.externaltools.gnu-tools-for-stm32.9-2020-q2-update.win32_2.0.0.202105311346/tools/bin/../lib/gcc/arm-none-eabi/9.3.1/../../../../arm-none-eabi/lib/thumb/v7-m/nofp\libc_nano.a(lib_a-memmove.o)
                0x000000000800d3bc                memmove
 .text._free_r  0x000000000800d3f0       0x98 c:/st/stm32cubeide_1.8.0/stm32cubeide/plugins/com.st.stm32cube.ide.mcu.externaltools.gnu-tools-for-stm32.9-2020-q2-update.win32_2.0.0.202105311346/tools/bin/../lib/gcc/arm-none-eabi/9.3.1/../../../../arm-none-eabi/lib/thumb/v7-m/nofp\libc_nano.a(lib_a-nano-freer.o)
                0x000000000800d3f0                _free_r
 .text._malloc_r
                0x000000000800d488       0xb4 c:/st/stm32cubeide_1.8.0/stm32cubeide/plugins/com.st.stm32cube.ide.mcu.externaltools.gnu-tools-for-stm32.9-2020-q2-update.win32_2.0.0.202105311346/tools/bin/../lib/gcc/arm-none-eabi/9.3.1/../../../../arm-none-eabi/lib/thumb/v7-m/nofp\libc_nano.a(lib_a-nano-mallocr.o)
                0x000000000800d488                _malloc_r
 .text._realloc_r
                0x000000000800d53c       0x4c c:/st/stm32cubeide_1.8.0/stm32cubeide/plugins/com.st.stm32cube.ide.mcu.externaltools.gnu-tools-for-stm32.9-2020-q2-update.win32_2.0.0.202105311346/tools/bin/../lib/gcc/arm-none-eabi/9.3.1/../../../../arm-none-eabi/lib/thumb/v7-m/nofp\libc_nano.a(lib_a-nano-reallocr.o)
                0x000000000800d53c                _realloc_r
 .text._sbrk_r  0x000000000800d588       0x20 c:/st/stm32cubeide_1.8.0/stm32cubeide/plugins/com.st.stm32cube.ide.mcu.externaltools.gnu-tools-for-stm32.9-2020-q2-update.win32_2.0.0.202105311346/tools/bin/../lib/gcc/arm-none-eabi/9.3.1/../../../../arm-none-eabi/lib/thumb/v7-m/nofp\libc_nano.a(lib_a-sbrkr.o)
                0x000000000800d588                _sbrk_r
 .text.__malloc_lock
                0x000000000800d5a8        0xc c:/st/stm32cubeide_1.8.0/stm32cubeide/plugins/com.st.stm32cube.ide.mcu.externaltools.gnu-tools-for-stm32.9-2020-q2-update.win32_2.0.0.202105311346/tools/bin/../lib/gcc/arm-none-eabi/9.3.1/../../../../arm-none-eabi/lib/thumb/v7-m/nofp\libc_nano.a(lib_a-mlock.o)
                0x000000000800d5a8                __malloc_lock
 .text.__malloc_unlock
                0x000000000800d5b4        0xc c:/st/stm32cubeide_1.8.0/stm32cubeide/plugins/com.st.stm32cube.ide.mcu.externaltools.gnu-tools-for-stm32.9-2020-q2-update.win32_2.0.0.202105311346/tools/bin/../lib/gcc/arm-none-eabi/9.3.1/../../../../arm-none-eabi/lib/thumb/v7-m/nofp\libc_nano.a(lib_a-mlock.o)
                0x000000000800d5b4                __malloc_unlock
 .text._malloc_usable_size_r
                0x000000000800d5c0       0x10 c:/st/stm32cubeide_1.8.0/stm32cubeide/plugins/com.st.stm32cube.ide.mcu.externaltools.gnu-tools-for-stm32.9-2020-q2-update.win32_2.0.0.202105311346/tools/bin/../lib/gcc/arm-none-eabi/9.3.1/../../../../arm-none-eabi/lib/thumb/v7-m/nofp\libc_nano.a(lib_a-nano-msizer.o)
                0x000000000800d5c0                _malloc_usable_size_r
 .text.__retarget_lock_acquire_recursive
                0x000000000800d5d0        0x2 c:/st/stm32cubeide_1.8.0/stm32cubeide/plugins/com.st.stm32cube.ide.mcu.externaltools.gnu-tools-for-stm32.9-2020-q2-update.win32_2.0.0.202105311346/tools/bin/../lib/gcc/arm-none-eabi/9.3.1/../../../../arm-none-eabi/lib/thumb/v7-m/nofp\libc_nano.a(lib_a-lock.o)
                0x000000000800d5d0                __retarget_lock_acquire_recursive
 .text.__retarget_lock_release_recursive
                0x000000000800d5d2        0x2 c:/st/stm32cubeide_1.8.0/stm32cubeide/plugins/com.st.stm32cube.ide.mcu.externaltools.gnu-tools-for-stm32.9-2020-q2-update.win32_2.0.0.202105311346/tools/bin/../lib/gcc/arm-none-eabi/9.3.1/../../../../arm-none-eabi/lib/thumb/v7-m/nofp\libc_nano.a(lib_a-lock.o)
                0x000000000800d5d2                __retarget_lock_release_recursive
 *(.glue_7)
 .glue_7        0x000000000800d5d4        0x0 linker stubs
 *(.glue_7t)
 .glue_7t       0x000000000800d5d4        0x0 linker stubs
 *(.eh_frame)
 .eh_frame      0x000000000800d5d4        0x0 c:/st/stm32cubeide_1.8.0/stm32cubeide/plugins/com.st.stm32cube.ide.mcu.externaltools.gnu-tools-for-stm32.9-2020-q2-update.win32_2.0.0.202105311346/tools/bin/../lib/gcc/arm-none-eabi/9.3.1/thumb/v7-m/nofp/crtbegin.o
 *(.init)
 .init          0x000000000800d5d4        0x4 c:/st/stm32cubeide_1.8.0/stm32cubeide/plugins/com.st.stm32cube.ide.mcu.externaltools.gnu-tools-for-stm32.9-2020-q2-update.win32_2.0.0.202105311346/tools/bin/../lib/gcc/arm-none-eabi/9.3.1/thumb/v7-m/nofp/crti.o
                0x000000000800d5d4                _init
 .init          0x000000000800d5d8        0x8 c:/st/stm32cubeide_1.8.0/stm32cubeide/plugins/com.st.stm32cube.ide.mcu.externaltools.gnu-tools-for-stm32.9-2020-q2-update.win32_2.0.0.202105311346/tools/bin/../lib/gcc/arm-none-eabi/9.3.1/thumb/v7-m/nofp/crtn.o
 *(.fini)
 .fini          0x000000000800d5e0        0x4 c:/st/stm32cubeide_1.8.0/stm32cubeide/plugins/com.st.stm32cube.ide.mcu.externaltools.gnu-tools-for-stm32.9-2020-q2-update.win32_2.0.0.202105311346/tools/bin/../lib/gcc/arm-none-eabi/9.3.1/thumb/v7-m/nofp/crti.o
                0x000000000800d5e0                _fini
 .fini          0x000000000800d5e4        0x8 c:/st/stm32cubeide_1.8.0/stm32cubeide/plugins/com.st.stm32cube.ide.mcu.externaltools.gnu-tools-for-stm32.9-2020-q2-update.win32_2.0.0.202105311346/tools/bin/../lib/gcc/arm-none-eabi/9.3.1/thumb/v7-m/nofp/crtn.o
                0x000000000800d5ec                . = ALIGN (0x4)
                0x000000000800d5ec                _etext = .

.vfp11_veneer   0x000000000800d5ec        0x0
 .vfp11_veneer  0x000000000800d5ec        0x0 linker stubs

.v4_bx          0x000000000800d5ec        0x0
 .v4_bx         0x000000000800d5ec        0x0 linker stubs

.iplt           0x000000000800d5ec        0x0
 .iplt          0x000000000800d5ec        0x0 c:/st/stm32cubeide_1.8.0/stm32cubeide/plugins/com.st.stm32cube.ide.mcu.externaltools.gnu-tools-for-stm32.9-2020-q2-update.win32_2.0.0.202105311346/tools/bin/../lib/gcc/arm-none-eabi/9.3.1/thumb/v7-m/nofp/crtbegin.o

.rodata         0x000000000800d5ec      0x740
                0x000000000800d5ec                . = ALIGN (0x4)
 *(.rodata)
 .rodata        0x000000000800d5ec      0x13a ./Core/Src/sdCard.o
 *fill*         0x000000000800d726        0x2 
 .rodata        0x000000000800d728       0x10 ./Drivers/STM32F1xx_HAL_Driver/Src/stm32f1xx_hal_rcc.o
 .rodata        0x000000000800d738       0x10 ./Drivers/STM32F1xx_HAL_Driver/Src/stm32f1xx_hal_rcc_ex.o
 .rodata        0x000000000800d748       0x48 ./Middlewares/Third_Party/FatFs/src/ff.o
 *(.rodata*)
 .rodata.AHBPrescTable
                0x000000000800d790       0x10 ./Core/Src/system_stm32f1xx.o
                0x000000000800d790                AHBPrescTable
 .rodata.APBPrescTable
                0x000000000800d7a0        0x8 ./Core/Src/system_stm32f1xx.o
                0x000000000800d7a0                APBPrescTable
 .rodata.ExCvt  0x000000000800d7a8       0x80 ./Middlewares/Third_Party/FatFs/src/ff.o
 .rodata.LfnOfs
                0x000000000800d828        0xd ./Middlewares/Third_Party/FatFs/src/ff.o
 *fill*         0x000000000800d835        0x3 
 .rodata.Tbl    0x000000000800d838      0x100 ./Middlewares/Third_Party/FatFs/src/option/ccsbcs.o
 .rodata.tbl_lower.6976
                0x000000000800d938      0x1e0 ./Middlewares/Third_Party/FatFs/src/option/ccsbcs.o
 .rodata.tbl_upper.6977
                0x000000000800db18      0x1e0 ./Middlewares/Third_Party/FatFs/src/option/ccsbcs.o
 .rodata._svfprintf_r.str1.1
                0x000000000800dcf8       0x11 c:/st/stm32cubeide_1.8.0/stm32cubeide/plugins/com.st.stm32cube.ide.mcu.externaltools.gnu-tools-for-stm32.9-2020-q2-update.win32_2.0.0.202105311346/tools/bin/../lib/gcc/arm-none-eabi/9.3.1/../../../../arm-none-eabi/lib/thumb/v7-m/nofp\libc_nano.a(lib_a-nano-svfprintf.o)
 .rodata._printf_i.str1.1
                0x000000000800dd09       0x22 c:/st/stm32cubeide_1.8.0/stm32cubeide/plugins/com.st.stm32cube.ide.mcu.externaltools.gnu-tools-for-stm32.9-2020-q2-update.win32_2.0.0.202105311346/tools/bin/../lib/gcc/arm-none-eabi/9.3.1/../../../../arm-none-eabi/lib/thumb/v7-m/nofp\libc_nano.a(lib_a-nano-vfprintf_i.o)
                0x000000000800dd2c                . = ALIGN (0x4)
 *fill*         0x000000000800dd2b        0x1 

.rel.dyn        0x000000000800dd2c        0x0
 .rel.iplt      0x000000000800dd2c        0x0 c:/st/stm32cubeide_1.8.0/stm32cubeide/plugins/com.st.stm32cube.ide.mcu.externaltools.gnu-tools-for-stm32.9-2020-q2-update.win32_2.0.0.202105311346/tools/bin/../lib/gcc/arm-none-eabi/9.3.1/thumb/v7-m/nofp/crtbegin.o

.ARM.extab      0x000000000800dd2c        0x0
                0x000000000800dd2c                . = ALIGN (0x4)
 *(.ARM.extab* .gnu.linkonce.armextab.*)
                0x000000000800dd2c                . = ALIGN (0x4)

.ARM            0x000000000800dd2c        0x0
                0x000000000800dd2c                . = ALIGN (0x4)
                0x000000000800dd2c                __exidx_start = .
 *(.ARM.exidx*)
                0x000000000800dd2c                __exidx_end = .
                0x000000000800dd2c                . = ALIGN (0x4)

.preinit_array  0x000000000800dd2c        0x0
                0x000000000800dd2c                . = ALIGN (0x4)
                0x000000000800dd2c                PROVIDE (__preinit_array_start = .)
 *(.preinit_array*)
                0x000000000800dd2c                PROVIDE (__preinit_array_end = .)
                0x000000000800dd2c                . = ALIGN (0x4)

.init_array     0x000000000800dd2c        0x4
                0x000000000800dd2c                . = ALIGN (0x4)
                0x000000000800dd2c                PROVIDE (__init_array_start = .)
 *(SORT_BY_NAME(.init_array.*))
 *(.init_array*)
 .init_array    0x000000000800dd2c        0x4 c:/st/stm32cubeide_1.8.0/stm32cubeide/plugins/com.st.stm32cube.ide.mcu.externaltools.gnu-tools-for-stm32.9-2020-q2-update.win32_2.0.0.202105311346/tools/bin/../lib/gcc/arm-none-eabi/9.3.1/thumb/v7-m/nofp/crtbegin.o
                0x000000000800dd30                PROVIDE (__init_array_end = .)
                0x000000000800dd30                . = ALIGN (0x4)

.fini_array     0x000000000800dd30        0x4
                0x000000000800dd30                . = ALIGN (0x4)
                [!provide]                        PROVIDE (__fini_array_start = .)
 *(SORT_BY_NAME(.fini_array.*))
 *(.fini_array*)
 .fini_array    0x000000000800dd30        0x4 c:/st/stm32cubeide_1.8.0/stm32cubeide/plugins/com.st.stm32cube.ide.mcu.externaltools.gnu-tools-for-stm32.9-2020-q2-update.win32_2.0.0.202105311346/tools/bin/../lib/gcc/arm-none-eabi/9.3.1/thumb/v7-m/nofp/crtbegin.o
                [!provide]                        PROVIDE (__fini_array_end = .)
                0x000000000800dd34                . = ALIGN (0x4)
                0x000000000800dd34                _sidata = LOADADDR (.data)

.data           0x0000000020000000       0x88 load address 0x000000000800dd34
                0x0000000020000000                . = ALIGN (0x4)
                0x0000000020000000                _sdata = .
 *(.data)
 *(.data*)
 .data.Stat     0x0000000020000000        0x1 ./Core/Src/fatfs_sd.o
 *fill*         0x0000000020000001        0x3 
 .data.SystemCoreClock
                0x0000000020000004        0x4 ./Core/Src/system_stm32f1xx.o
                0x0000000020000004                SystemCoreClock
 .data.uwTickPrio
                0x0000000020000008        0x4 ./Drivers/STM32F1xx_HAL_Driver/Src/stm32f1xx_hal.o
                0x0000000020000008                uwTickPrio
 .data.uwTickFreq
                0x000000002000000c        0x1 ./Drivers/STM32F1xx_HAL_Driver/Src/stm32f1xx_hal.o
                0x000000002000000c                uwTickFreq
 .data.Stat     0x000000002000000d        0x1 ./FATFS/Target/user_diskio.o
 *fill*         0x000000002000000e        0x2 
 .data.USER_Driver
                0x0000000020000010       0x14 ./FATFS/Target/user_diskio.o
                0x0000000020000010                USER_Driver
 .data._impure_ptr
                0x0000000020000024        0x4 c:/st/stm32cubeide_1.8.0/stm32cubeide/plugins/com.st.stm32cube.ide.mcu.externaltools.gnu-tools-for-stm32.9-2020-q2-update.win32_2.0.0.202105311346/tools/bin/../lib/gcc/arm-none-eabi/9.3.1/../../../../arm-none-eabi/lib/thumb/v7-m/nofp\libc_nano.a(lib_a-impure.o)
                0x0000000020000024                _impure_ptr
 .data.impure_data
                0x0000000020000028       0x60 c:/st/stm32cubeide_1.8.0/stm32cubeide/plugins/com.st.stm32cube.ide.mcu.externaltools.gnu-tools-for-stm32.9-2020-q2-update.win32_2.0.0.202105311346/tools/bin/../lib/gcc/arm-none-eabi/9.3.1/../../../../arm-none-eabi/lib/thumb/v7-m/nofp\libc_nano.a(lib_a-impure.o)
 *(.RamFunc)
 *(.RamFunc*)
                0x0000000020000088                . = ALIGN (0x4)
                0x0000000020000088                _edata = .

.igot.plt       0x0000000020000088        0x0 load address 0x000000000800ddbc
 .igot.plt      0x0000000020000088        0x0 c:/st/stm32cubeide_1.8.0/stm32cubeide/plugins/com.st.stm32cube.ide.mcu.externaltools.gnu-tools-for-stm32.9-2020-q2-update.win32_2.0.0.202105311346/tools/bin/../lib/gcc/arm-none-eabi/9.3.1/thumb/v7-m/nofp/crtbegin.o
                0x0000000020000088                . = ALIGN (0x4)

.bss            0x0000000020000088     0x1310 load address 0x000000000800ddbc
                0x0000000020000088                _sbss = .
                0x0000000020000088                __bss_start__ = _sbss
 *(.bss)
 .bss           0x0000000020000088       0x1c c:/st/stm32cubeide_1.8.0/stm32cubeide/plugins/com.st.stm32cube.ide.mcu.externaltools.gnu-tools-for-stm32.9-2020-q2-update.win32_2.0.0.202105311346/tools/bin/../lib/gcc/arm-none-eabi/9.3.1/thumb/v7-m/nofp/crtbegin.o
 *(.bss*)
 .bss.CardType  0x00000000200000a4        0x1 ./Core/Src/fatfs_sd.o
 .bss.PowerFlag
                0x00000000200000a5        0x1 ./Core/Src/fatfs_sd.o
 .bss.FatFsCnt  0x00000000200000a6        0x1 ./Core/Src/stm32f1xx_it.o
                0x00000000200000a6                FatFsCnt
 *fill*         0x00000000200000a7        0x1 
 .bss.__sbrk_heap_end
                0x00000000200000a8        0x4 ./Core/Src/sysmem.o
 .bss.FatFs     0x00000000200000ac        0x4 ./Middlewares/Third_Party/FatFs/src/ff.o
 .bss.Fsid      0x00000000200000b0        0x2 ./Middlewares/Third_Party/FatFs/src/ff.o
 *fill*         0x00000000200000b2        0x2 
 .bss.Files     0x00000000200000b4       0x18 ./Middlewares/Third_Party/FatFs/src/ff.o
 .bss.LfnBuf    0x00000000200000cc      0x200 ./Middlewares/Third_Party/FatFs/src/ff.o
 .bss.disk      0x00000000200002cc        0xc ./Middlewares/Third_Party/FatFs/src/ff_gen_drv.o
                0x00000000200002cc                disk
 .bss.__malloc_free_list
                0x00000000200002d8        0x4 c:/st/stm32cubeide_1.8.0/stm32cubeide/plugins/com.st.stm32cube.ide.mcu.externaltools.gnu-tools-for-stm32.9-2020-q2-update.win32_2.0.0.202105311346/tools/bin/../lib/gcc/arm-none-eabi/9.3.1/../../../../arm-none-eabi/lib/thumb/v7-m/nofp\libc_nano.a(lib_a-nano-mallocr.o)
                0x00000000200002d8                __malloc_free_list
 .bss.__malloc_sbrk_start
                0x00000000200002dc        0x4 c:/st/stm32cubeide_1.8.0/stm32cubeide/plugins/com.st.stm32cube.ide.mcu.externaltools.gnu-tools-for-stm32.9-2020-q2-update.win32_2.0.0.202105311346/tools/bin/../lib/gcc/arm-none-eabi/9.3.1/../../../../arm-none-eabi/lib/thumb/v7-m/nofp\libc_nano.a(lib_a-nano-mallocr.o)
                0x00000000200002dc                __malloc_sbrk_start
 *(COMMON)
 COMMON         0x00000000200002e0       0x34 ./Core/Src/ADC_DMA.o
                0x00000000200002e0                analog
                0x00000000200002e4                hadc1
 COMMON         0x0000000020000314       0x74 ./Core/Src/ace_gir.o
                0x0000000020000314                htim4
                0x000000002000035c                aceGir
 COMMON         0x0000000020000388       0xac ./Core/Src/can_bus.o
                0x0000000020000388                canBus
                0x000000002000040c                hcan
 COMMON         0x0000000020000434       0x60 ./Core/Src/dina.o
                0x0000000020000434                dina
                0x0000000020000450                huart2
 COMMON         0x0000000020000494      0xa88 ./Core/Src/main.o
                0x0000000020000494                rot
                0x00000000200004c4                sdCard
                0x0000000020000c1c                hdma_usart2_rx
                0x0000000020000c60                hi2c2
                0x0000000020000cb4                htim3
                0x0000000020000cfc                vel
                0x0000000020000d2c                hdma_usart1_rx
                0x0000000020000d70                huart1
                0x0000000020000db4                hdma_adc1
                0x0000000020000df8                htim1
                0x0000000020000e40                traction
                0x0000000020000e78                fresult
                0x0000000020000e7c                hspi1
                0x0000000020000ed4                htim2
 COMMON         0x0000000020000f1c        0x2 ./Core/Src/stm32f1xx_it.o
                0x0000000020000f1c                Timer2
                0x0000000020000f1d                Timer1
 *fill*         0x0000000020000f1e        0x2 
 COMMON         0x0000000020000f20        0x4 ./Drivers/STM32F1xx_HAL_Driver/Src/stm32f1xx_hal.o
                0x0000000020000f20                uwTick
 COMMON         0x0000000020000f24      0x464 ./FATFS/App/fatfs.o
                0x0000000020000f24                USERPath
                0x0000000020000f28                retUSER
                0x0000000020000f2c                USERFile
                0x0000000020000f58                USERFatFS
 COMMON         0x0000000020001388        0x4 c:/st/stm32cubeide_1.8.0/stm32cubeide/plugins/com.st.stm32cube.ide.mcu.externaltools.gnu-tools-for-stm32.9-2020-q2-update.win32_2.0.0.202105311346/tools/bin/../lib/gcc/arm-none-eabi/9.3.1/../../../../arm-none-eabi/lib/thumb/v7-m/nofp\libc_nano.a(lib_a-reent.o)
                0x0000000020001388                errno
 COMMON         0x000000002000138c        0x9 c:/st/stm32cubeide_1.8.0/stm32cubeide/plugins/com.st.stm32cube.ide.mcu.externaltools.gnu-tools-for-stm32.9-2020-q2-update.win32_2.0.0.202105311346/tools/bin/../lib/gcc/arm-none-eabi/9.3.1/../../../../arm-none-eabi/lib/thumb/v7-m/nofp\libc_nano.a(lib_a-lock.o)
                0x000000002000138c                __lock___atexit_recursive_mutex
                0x000000002000138d                __lock___arc4random_mutex
                0x000000002000138e                __lock___env_recursive_mutex
                0x000000002000138f                __lock___sinit_recursive_mutex
                0x0000000020001390                __lock___malloc_recursive_mutex
                0x0000000020001391                __lock___at_quick_exit_mutex
                0x0000000020001392                __lock___dd_hash_mutex
                0x0000000020001393                __lock___tz_mutex
                0x0000000020001394                __lock___sfp_recursive_mutex
                0x0000000020001398                . = ALIGN (0x4)
 *fill*         0x0000000020001395        0x3 
                0x0000000020001398                _ebss = .
                0x0000000020001398                __bss_end__ = _ebss

._user_heap_stack
                0x0000000020001398      0x600 load address 0x000000000800ddbc
                0x0000000020001398                . = ALIGN (0x8)
                [!provide]                        PROVIDE (end = .)
                0x0000000020001398                PROVIDE (_end = .)
                0x0000000020001598                . = (. + _Min_Heap_Size)
 *fill*         0x0000000020001398      0x200 
                0x0000000020001998                . = (. + _Min_Stack_Size)
 *fill*         0x0000000020001598      0x400 
                0x0000000020001998                . = ALIGN (0x8)

/DISCARD/
 libc.a(*)
 libm.a(*)
 libgcc.a(*)

.ARM.attributes
                0x0000000000000000       0x29
 *(.ARM.attributes)
 .ARM.attributes
                0x0000000000000000       0x1d c:/st/stm32cubeide_1.8.0/stm32cubeide/plugins/com.st.stm32cube.ide.mcu.externaltools.gnu-tools-for-stm32.9-2020-q2-update.win32_2.0.0.202105311346/tools/bin/../lib/gcc/arm-none-eabi/9.3.1/thumb/v7-m/nofp/crti.o
 .ARM.attributes
                0x000000000000001d       0x2d c:/st/stm32cubeide_1.8.0/stm32cubeide/plugins/com.st.stm32cube.ide.mcu.externaltools.gnu-tools-for-stm32.9-2020-q2-update.win32_2.0.0.202105311346/tools/bin/../lib/gcc/arm-none-eabi/9.3.1/thumb/v7-m/nofp/crtbegin.o
 .ARM.attributes
                0x000000000000004a       0x2d ./Core/Src/ADC_DMA.o
 .ARM.attributes
                0x0000000000000077       0x2d ./Core/Src/ace_gir.o
 .ARM.attributes
                0x00000000000000a4       0x2d ./Core/Src/can_bus.o
 .ARM.attributes
                0x00000000000000d1       0x2d ./Core/Src/dina.o
 .ARM.attributes
                0x00000000000000fe       0x2d ./Core/Src/fatfs_sd.o
 .ARM.attributes
                0x000000000000012b       0x2d ./Core/Src/forceGauge.o
 .ARM.attributes
                0x0000000000000158       0x2d ./Core/Src/indutivo.o
 .ARM.attributes
                0x0000000000000185       0x2d ./Core/Src/main.o
 .ARM.attributes
                0x00000000000001b2       0x2d ./Core/Src/rot.o
 .ARM.attributes
                0x00000000000001df       0x2d ./Core/Src/sdCard.o
 .ARM.attributes
                0x000000000000020c       0x2d ./Core/Src/stm32f1xx_hal_msp.o
 .ARM.attributes
                0x0000000000000239       0x2d ./Core/Src/stm32f1xx_it.o
 .ARM.attributes
                0x0000000000000266       0x2d ./Core/Src/sysmem.o
 .ARM.attributes
                0x0000000000000293       0x2d ./Core/Src/system_stm32f1xx.o
 .ARM.attributes
                0x00000000000002c0       0x2d ./Core/Src/traction.o
 .ARM.attributes
                0x00000000000002ed       0x2d ./Core/Src/vel.o
 .ARM.attributes
                0x000000000000031a       0x21 ./Core/Startup/startup_stm32f103c8tx.o
 .ARM.attributes
                0x000000000000033b       0x2d ./Drivers/STM32F1xx_HAL_Driver/Src/stm32f1xx_hal.o
 .ARM.attributes
                0x0000000000000368       0x2d ./Drivers/STM32F1xx_HAL_Driver/Src/stm32f1xx_hal_adc.o
 .ARM.attributes
                0x0000000000000395       0x2d ./Drivers/STM32F1xx_HAL_Driver/Src/stm32f1xx_hal_adc_ex.o
 .ARM.attributes
                0x00000000000003c2       0x2d ./Drivers/STM32F1xx_HAL_Driver/Src/stm32f1xx_hal_can.o
 .ARM.attributes
                0x00000000000003ef       0x2d ./Drivers/STM32F1xx_HAL_Driver/Src/stm32f1xx_hal_cortex.o
 .ARM.attributes
                0x000000000000041c       0x2d ./Drivers/STM32F1xx_HAL_Driver/Src/stm32f1xx_hal_dma.o
 .ARM.attributes
                0x0000000000000449       0x2d ./Drivers/STM32F1xx_HAL_Driver/Src/stm32f1xx_hal_gpio.o
 .ARM.attributes
                0x0000000000000476       0x2d ./Drivers/STM32F1xx_HAL_Driver/Src/stm32f1xx_hal_i2c.o
 .ARM.attributes
                0x00000000000004a3       0x2d ./Drivers/STM32F1xx_HAL_Driver/Src/stm32f1xx_hal_rcc.o
 .ARM.attributes
                0x00000000000004d0       0x2d ./Drivers/STM32F1xx_HAL_Driver/Src/stm32f1xx_hal_rcc_ex.o
 .ARM.attributes
                0x00000000000004fd       0x2d ./Drivers/STM32F1xx_HAL_Driver/Src/stm32f1xx_hal_spi.o
 .ARM.attributes
                0x000000000000052a       0x2d ./Drivers/STM32F1xx_HAL_Driver/Src/stm32f1xx_hal_tim.o
 .ARM.attributes
                0x0000000000000557       0x2d ./Drivers/STM32F1xx_HAL_Driver/Src/stm32f1xx_hal_tim_ex.o
 .ARM.attributes
                0x0000000000000584       0x2d ./Drivers/STM32F1xx_HAL_Driver/Src/stm32f1xx_hal_uart.o
 .ARM.attributes
                0x00000000000005b1       0x2d ./FATFS/App/fatfs.o
 .ARM.attributes
                0x00000000000005de       0x2d ./FATFS/Target/user_diskio.o
 .ARM.attributes
                0x000000000000060b       0x2d ./Middlewares/Third_Party/FatFs/src/diskio.o
 .ARM.attributes
                0x0000000000000638       0x2d ./Middlewares/Third_Party/FatFs/src/ff.o
 .ARM.attributes
                0x0000000000000665       0x2d ./Middlewares/Third_Party/FatFs/src/ff_gen_drv.o
 .ARM.attributes
                0x0000000000000692       0x2d ./Middlewares/Third_Party/FatFs/src/option/ccsbcs.o
 .ARM.attributes
                0x00000000000006bf       0x2d c:/st/stm32cubeide_1.8.0/stm32cubeide/plugins/com.st.stm32cube.ide.mcu.externaltools.gnu-tools-for-stm32.9-2020-q2-update.win32_2.0.0.202105311346/tools/bin/../lib/gcc/arm-none-eabi/9.3.1/../../../../arm-none-eabi/lib/thumb/v7-m/nofp\libc_nano.a(lib_a-errno.o)
 .ARM.attributes
                0x00000000000006ec       0x2d c:/st/stm32cubeide_1.8.0/stm32cubeide/plugins/com.st.stm32cube.ide.mcu.externaltools.gnu-tools-for-stm32.9-2020-q2-update.win32_2.0.0.202105311346/tools/bin/../lib/gcc/arm-none-eabi/9.3.1/../../../../arm-none-eabi/lib/thumb/v7-m/nofp\libc_nano.a(lib_a-impure.o)
 .ARM.attributes
                0x0000000000000719       0x2d c:/st/stm32cubeide_1.8.0/stm32cubeide/plugins/com.st.stm32cube.ide.mcu.externaltools.gnu-tools-for-stm32.9-2020-q2-update.win32_2.0.0.202105311346/tools/bin/../lib/gcc/arm-none-eabi/9.3.1/../../../../arm-none-eabi/lib/thumb/v7-m/nofp\libc_nano.a(lib_a-init.o)
 .ARM.attributes
                0x0000000000000746       0x2d c:/st/stm32cubeide_1.8.0/stm32cubeide/plugins/com.st.stm32cube.ide.mcu.externaltools.gnu-tools-for-stm32.9-2020-q2-update.win32_2.0.0.202105311346/tools/bin/../lib/gcc/arm-none-eabi/9.3.1/../../../../arm-none-eabi/lib/thumb/v7-m/nofp\libc_nano.a(lib_a-memset.o)
 .ARM.attributes
                0x0000000000000773       0x2d c:/st/stm32cubeide_1.8.0/stm32cubeide/plugins/com.st.stm32cube.ide.mcu.externaltools.gnu-tools-for-stm32.9-2020-q2-update.win32_2.0.0.202105311346/tools/bin/../lib/gcc/arm-none-eabi/9.3.1/../../../../arm-none-eabi/lib/thumb/v7-m/nofp\libc_nano.a(lib_a-sprintf.o)
 .ARM.attributes
                0x00000000000007a0       0x2d c:/st/stm32cubeide_1.8.0/stm32cubeide/plugins/com.st.stm32cube.ide.mcu.externaltools.gnu-tools-for-stm32.9-2020-q2-update.win32_2.0.0.202105311346/tools/bin/../lib/gcc/arm-none-eabi/9.3.1/../../../../arm-none-eabi/lib/thumb/v7-m/nofp\libc_nano.a(lib_a-nano-svfprintf.o)
 .ARM.attributes
                0x00000000000007cd       0x2d c:/st/stm32cubeide_1.8.0/stm32cubeide/plugins/com.st.stm32cube.ide.mcu.externaltools.gnu-tools-for-stm32.9-2020-q2-update.win32_2.0.0.202105311346/tools/bin/../lib/gcc/arm-none-eabi/9.3.1/../../../../arm-none-eabi/lib/thumb/v7-m/nofp\libc_nano.a(lib_a-nano-vfprintf_i.o)
 .ARM.attributes
                0x00000000000007fa       0x2d c:/st/stm32cubeide_1.8.0/stm32cubeide/plugins/com.st.stm32cube.ide.mcu.externaltools.gnu-tools-for-stm32.9-2020-q2-update.win32_2.0.0.202105311346/tools/bin/../lib/gcc/arm-none-eabi/9.3.1/../../../../arm-none-eabi/lib/thumb/v7-m/nofp\libc_nano.a(lib_a-memchr-stub.o)
 .ARM.attributes
                0x0000000000000827       0x2d c:/st/stm32cubeide_1.8.0/stm32cubeide/plugins/com.st.stm32cube.ide.mcu.externaltools.gnu-tools-for-stm32.9-2020-q2-update.win32_2.0.0.202105311346/tools/bin/../lib/gcc/arm-none-eabi/9.3.1/../../../../arm-none-eabi/lib/thumb/v7-m/nofp\libc_nano.a(lib_a-memcpy-stub.o)
 .ARM.attributes
                0x0000000000000854       0x2d c:/st/stm32cubeide_1.8.0/stm32cubeide/plugins/com.st.stm32cube.ide.mcu.externaltools.gnu-tools-for-stm32.9-2020-q2-update.win32_2.0.0.202105311346/tools/bin/../lib/gcc/arm-none-eabi/9.3.1/../../../../arm-none-eabi/lib/thumb/v7-m/nofp\libc_nano.a(lib_a-memmove.o)
 .ARM.attributes
                0x0000000000000881       0x2d c:/st/stm32cubeide_1.8.0/stm32cubeide/plugins/com.st.stm32cube.ide.mcu.externaltools.gnu-tools-for-stm32.9-2020-q2-update.win32_2.0.0.202105311346/tools/bin/../lib/gcc/arm-none-eabi/9.3.1/../../../../arm-none-eabi/lib/thumb/v7-m/nofp\libc_nano.a(lib_a-nano-freer.o)
 .ARM.attributes
                0x00000000000008ae       0x2d c:/st/stm32cubeide_1.8.0/stm32cubeide/plugins/com.st.stm32cube.ide.mcu.externaltools.gnu-tools-for-stm32.9-2020-q2-update.win32_2.0.0.202105311346/tools/bin/../lib/gcc/arm-none-eabi/9.3.1/../../../../arm-none-eabi/lib/thumb/v7-m/nofp\libc_nano.a(lib_a-nano-mallocr.o)
 .ARM.attributes
                0x00000000000008db       0x2d c:/st/stm32cubeide_1.8.0/stm32cubeide/plugins/com.st.stm32cube.ide.mcu.externaltools.gnu-tools-for-stm32.9-2020-q2-update.win32_2.0.0.202105311346/tools/bin/../lib/gcc/arm-none-eabi/9.3.1/../../../../arm-none-eabi/lib/thumb/v7-m/nofp\libc_nano.a(lib_a-nano-reallocr.o)
 .ARM.attributes
                0x0000000000000908       0x2d c:/st/stm32cubeide_1.8.0/stm32cubeide/plugins/com.st.stm32cube.ide.mcu.externaltools.gnu-tools-for-stm32.9-2020-q2-update.win32_2.0.0.202105311346/tools/bin/../lib/gcc/arm-none-eabi/9.3.1/../../../../arm-none-eabi/lib/thumb/v7-m/nofp\libc_nano.a(lib_a-sbrkr.o)
 .ARM.attributes
                0x0000000000000935       0x2d c:/st/stm32cubeide_1.8.0/stm32cubeide/plugins/com.st.stm32cube.ide.mcu.externaltools.gnu-tools-for-stm32.9-2020-q2-update.win32_2.0.0.202105311346/tools/bin/../lib/gcc/arm-none-eabi/9.3.1/../../../../arm-none-eabi/lib/thumb/v7-m/nofp\libc_nano.a(lib_a-mlock.o)
 .ARM.attributes
                0x0000000000000962       0x2d c:/st/stm32cubeide_1.8.0/stm32cubeide/plugins/com.st.stm32cube.ide.mcu.externaltools.gnu-tools-for-stm32.9-2020-q2-update.win32_2.0.0.202105311346/tools/bin/../lib/gcc/arm-none-eabi/9.3.1/../../../../arm-none-eabi/lib/thumb/v7-m/nofp\libc_nano.a(lib_a-nano-msizer.o)
 .ARM.attributes
                0x000000000000098f       0x2d c:/st/stm32cubeide_1.8.0/stm32cubeide/plugins/com.st.stm32cube.ide.mcu.externaltools.gnu-tools-for-stm32.9-2020-q2-update.win32_2.0.0.202105311346/tools/bin/../lib/gcc/arm-none-eabi/9.3.1/../../../../arm-none-eabi/lib/thumb/v7-m/nofp\libc_nano.a(lib_a-reent.o)
 .ARM.attributes
                0x00000000000009bc       0x2d c:/st/stm32cubeide_1.8.0/stm32cubeide/plugins/com.st.stm32cube.ide.mcu.externaltools.gnu-tools-for-stm32.9-2020-q2-update.win32_2.0.0.202105311346/tools/bin/../lib/gcc/arm-none-eabi/9.3.1/../../../../arm-none-eabi/lib/thumb/v7-m/nofp\libc_nano.a(lib_a-lock.o)
 .ARM.attributes
                0x00000000000009e9       0x1d c:/st/stm32cubeide_1.8.0/stm32cubeide/plugins/com.st.stm32cube.ide.mcu.externaltools.gnu-tools-for-stm32.9-2020-q2-update.win32_2.0.0.202105311346/tools/bin/../lib/gcc/arm-none-eabi/9.3.1/thumb/v7-m/nofp\libgcc.a(_arm_mulsf3.o)
 .ARM.attributes
                0x0000000000000a06       0x1d c:/st/stm32cubeide_1.8.0/stm32cubeide/plugins/com.st.stm32cube.ide.mcu.externaltools.gnu-tools-for-stm32.9-2020-q2-update.win32_2.0.0.202105311346/tools/bin/../lib/gcc/arm-none-eabi/9.3.1/thumb/v7-m/nofp\libgcc.a(_arm_addsubdf3.o)
 .ARM.attributes
                0x0000000000000a23       0x1d c:/st/stm32cubeide_1.8.0/stm32cubeide/plugins/com.st.stm32cube.ide.mcu.externaltools.gnu-tools-for-stm32.9-2020-q2-update.win32_2.0.0.202105311346/tools/bin/../lib/gcc/arm-none-eabi/9.3.1/thumb/v7-m/nofp\libgcc.a(_arm_muldivdf3.o)
 .ARM.attributes
                0x0000000000000a40       0x1d c:/st/stm32cubeide_1.8.0/stm32cubeide/plugins/com.st.stm32cube.ide.mcu.externaltools.gnu-tools-for-stm32.9-2020-q2-update.win32_2.0.0.202105311346/tools/bin/../lib/gcc/arm-none-eabi/9.3.1/thumb/v7-m/nofp\libgcc.a(_arm_cmpdf2.o)
 .ARM.attributes