Archive member included to satisfy reference by file (symbol)

d:/st/stm32cubeide_1.6.1/stm32cubeide/plugins/com.st.stm32cube.ide.mcu.externaltools.gnu-tools-for-stm32.9-2020-q2-update.win32_2.0.0.202105311346/tools/bin/../lib/gcc/arm-none-eabi/9.3.1/../../../../arm-none-eabi/lib/thumb/v7-m/nofp\libc_nano.a(lib_a-errno.o)
                              ./Core/Src/syscalls.o (__errno)
d:/st/stm32cubeide_1.6.1/stm32cubeide/plugins/com.st.stm32cube.ide.mcu.externaltools.gnu-tools-for-stm32.9-2020-q2-update.win32_2.0.0.202105311346/tools/bin/../lib/gcc/arm-none-eabi/9.3.1/../../../../arm-none-eabi/lib/thumb/v7-m/nofp\libc_nano.a(lib_a-exit.o)
                              d:/st/stm32cubeide_1.6.1/stm32cubeide/plugins/com.st.stm32cube.ide.mcu.externaltools.gnu-tools-for-stm32.9-2020-q2-update.win32_2.0.0.202105311346/tools/bin/../lib/gcc/arm-none-eabi/9.3.1/../../../../arm-none-eabi/lib/thumb/v7-m/nofp/crt0.o (exit)
d:/st/stm32cubeide_1.6.1/stm32cubeide/plugins/com.st.stm32cube.ide.mcu.externaltools.gnu-tools-for-stm32.9-2020-q2-update.win32_2.0.0.202105311346/tools/bin/../lib/gcc/arm-none-eabi/9.3.1/../../../../arm-none-eabi/lib/thumb/v7-m/nofp\libc_nano.a(lib_a-impure.o)
                              d:/st/stm32cubeide_1.6.1/stm32cubeide/plugins/com.st.stm32cube.ide.mcu.externaltools.gnu-tools-for-stm32.9-2020-q2-update.win32_2.0.0.202105311346/tools/bin/../lib/gcc/arm-none-eabi/9.3.1/../../../../arm-none-eabi/lib/thumb/v7-m/nofp\libc_nano.a(lib_a-exit.o) (_global_impure_ptr)
d:/st/stm32cubeide_1.6.1/stm32cubeide/plugins/com.st.stm32cube.ide.mcu.externaltools.gnu-tools-for-stm32.9-2020-q2-update.win32_2.0.0.202105311346/tools/bin/../lib/gcc/arm-none-eabi/9.3.1/../../../../arm-none-eabi/lib/thumb/v7-m/nofp\libc_nano.a(lib_a-init.o)
                              d:/st/stm32cubeide_1.6.1/stm32cubeide/plugins/com.st.stm32cube.ide.mcu.externaltools.gnu-tools-for-stm32.9-2020-q2-update.win32_2.0.0.202105311346/tools/bin/../lib/gcc/arm-none-eabi/9.3.1/../../../../arm-none-eabi/lib/thumb/v7-m/nofp/crt0.o (__libc_init_array)
d:/st/stm32cubeide_1.6.1/stm32cubeide/plugins/com.st.stm32cube.ide.mcu.externaltools.gnu-tools-for-stm32.9-2020-q2-update.win32_2.0.0.202105311346/tools/bin/../lib/gcc/arm-none-eabi/9.3.1/../../../../arm-none-eabi/lib/thumb/v7-m/nofp\libc_nano.a(lib_a-memset.o)
                              d:/st/stm32cubeide_1.6.1/stm32cubeide/plugins/com.st.stm32cube.ide.mcu.externaltools.gnu-tools-for-stm32.9-2020-q2-update.win32_2.0.0.202105311346/tools/bin/../lib/gcc/arm-none-eabi/9.3.1/../../../../arm-none-eabi/lib/thumb/v7-m/nofp/crt0.o (memset)
d:/st/stm32cubeide_1.6.1/stm32cubeide/plugins/com.st.stm32cube.ide.mcu.externaltools.gnu-tools-for-stm32.9-2020-q2-update.win32_2.0.0.202105311346/tools/bin/../lib/gcc/arm-none-eabi/9.3.1/../../../../arm-none-eabi/lib/thumb/v7-m/nofp\libc_nano.a(lib_a-sprintf.o)
                              ./Core/Src/sdCard.o (sprintf)
d:/st/stm32cubeide_1.6.1/stm32cubeide/plugins/com.st.stm32cube.ide.mcu.externaltools.gnu-tools-for-stm32.9-2020-q2-update.win32_2.0.0.202105311346/tools/bin/../lib/gcc/arm-none-eabi/9.3.1/../../../../arm-none-eabi/lib/thumb/v7-m/nofp\libc_nano.a(lib_a-nano-svfprintf.o)
                              d:/st/stm32cubeide_1.6.1/stm32cubeide/plugins/com.st.stm32cube.ide.mcu.externaltools.gnu-tools-for-stm32.9-2020-q2-update.win32_2.0.0.202105311346/tools/bin/../lib/gcc/arm-none-eabi/9.3.1/../../../../arm-none-eabi/lib/thumb/v7-m/nofp\libc_nano.a(lib_a-sprintf.o) (_svfprintf_r)
d:/st/stm32cubeide_1.6.1/stm32cubeide/plugins/com.st.stm32cube.ide.mcu.externaltools.gnu-tools-for-stm32.9-2020-q2-update.win32_2.0.0.202105311346/tools/bin/../lib/gcc/arm-none-eabi/9.3.1/../../../../arm-none-eabi/lib/thumb/v7-m/nofp\libc_nano.a(lib_a-nano-vfprintf_i.o)
                              d:/st/stm32cubeide_1.6.1/stm32cubeide/plugins/com.st.stm32cube.ide.mcu.externaltools.gnu-tools-for-stm32.9-2020-q2-update.win32_2.0.0.202105311346/tools/bin/../lib/gcc/arm-none-eabi/9.3.1/../../../../arm-none-eabi/lib/thumb/v7-m/nofp\libc_nano.a(lib_a-nano-svfprintf.o) (_printf_i)
d:/st/stm32cubeide_1.6.1/stm32cubeide/plugins/com.st.stm32cube.ide.mcu.externaltools.gnu-tools-for-stm32.9-2020-q2-update.win32_2.0.0.202105311346/tools/bin/../lib/gcc/arm-none-eabi/9.3.1/../../../../arm-none-eabi/lib/thumb/v7-m/nofp\libc_nano.a(lib_a-memchr-stub.o)
                              d:/st/stm32cubeide_1.6.1/stm32cubeide/plugins/com.st.stm32cube.ide.mcu.externaltools.gnu-tools-for-stm32.9-2020-q2-update.win32_2.0.0.202105311346/tools/bin/../lib/gcc/arm-none-eabi/9.3.1/../../../../arm-none-eabi/lib/thumb/v7-m/nofp\libc_nano.a(lib_a-nano-svfprintf.o) (memchr)
d:/st/stm32cubeide_1.6.1/stm32cubeide/plugins/com.st.stm32cube.ide.mcu.externaltools.gnu-tools-for-stm32.9-2020-q2-update.win32_2.0.0.202105311346/tools/bin/../lib/gcc/arm-none-eabi/9.3.1/../../../../arm-none-eabi/lib/thumb/v7-m/nofp\libc_nano.a(lib_a-memcpy-stub.o)
[...]
Memory Configuration

Name             Origin             Length             Attributes
RAM              0x0000000020000000 0x0000000000005000 xrw
FLASH            0x0000000008000000 0x0000000000010000 xr
*default*        0x0000000000000000 0xffffffffffffffff

Linker script and memory map

LOAD d:/st/stm32cubeide_1.6.1/stm32cubeide/plugins/com.st.stm32cube.ide.mcu.externaltools.gnu-tools-for-stm32.9-2020-q2-update.win32_2.0.0.202105311346/tools/bin/../lib/gcc/arm-none-eabi/9.3.1/thumb/v7-m/nofp/crti.o
LOAD d:/st/stm32cubeide_1.6.1/stm32cubeide/plugins/com.st.stm32cube.ide.mcu.externaltools.gnu-tools-for-stm32.9-2020-q2-update.win32_2.0.0.202105311346/tools/bin/../lib/gcc/arm-none-eabi/9.3.1/thumb/v7-m/nofp/crtbegin.o
LOAD d:/st/stm32cubeide_1.6.1/stm32cubeide/plugins/com.st.stm32cube.ide.mcu.externaltools.gnu-tools-for-stm32.9-2020-q2-update.win32_2.0.0.202105311346/tools/bin/../lib/gcc/arm-none-eabi/9.3.1/../../../../arm-none-eabi/lib/thumb/v7-m/nofp/crt0.o
LOAD ./Core/Src/ADC_DMA.o
LOAD ./Core/Src/ace_gir.o
LOAD ./Core/Src/can_bus.o
LOAD ./Core/Src/dina.o
LOAD ./Core/Src/fatfs_sd.o
LOAD ./Core/Src/forceGauge.o
LOAD ./Core/Src/indutivo.o
LOAD ./Core/Src/main.o
LOAD ./Core/Src/rot.o
LOAD ./Core/Src/sdCard.o
LOAD ./Core/Src/stm32f1xx_hal_msp.o
LOAD ./Core/Src/stm32f1xx_it.o
LOAD ./Core/Src/syscalls.o
LOAD ./Core/Src/sysmem.o
LOAD ./Core/Src/system_stm32f1xx.o
LOAD ./Core/Src/traction.o
LOAD ./Core/Src/vel.o
LOAD ./Core/Startup/startup_stm32f103c8tx.o
LOAD ./Drivers/STM32F1xx_HAL_Driver/Src/stm32f1xx_hal.o
LOAD ./Drivers/STM32F1xx_HAL_Driver/Src/stm32f1xx_hal_adc.o
LOAD ./Drivers/STM32F1xx_HAL_Driver/Src/stm32f1xx_hal_adc_ex.o
LOAD ./Drivers/STM32F1xx_HAL_Driver/Src/stm32f1xx_hal_can.o
LOAD ./Drivers/STM32F1xx_HAL_Driver/Src/stm32f1xx_hal_cortex.o
LOAD ./Drivers/STM32F1xx_HAL_Driver/Src/stm32f1xx_hal_dma.o
LOAD ./Drivers/STM32F1xx_HAL_Driver/Src/stm32f1xx_hal_exti.o
LOAD ./Drivers/STM32F1xx_HAL_Driver/Src/stm32f1xx_hal_flash.o
LOAD ./Drivers/STM32F1xx_HAL_Driver/Src/stm32f1xx_hal_flash_ex.o
LOAD ./Drivers/STM32F1xx_HAL_Driver/Src/stm32f1xx_hal_gpio.o
LOAD ./Drivers/STM32F1xx_HAL_Driver/Src/stm32f1xx_hal_gpio_ex.o
LOAD ./Drivers/STM32F1xx_HAL_Driver/Src/stm32f1xx_hal_i2c.o
LOAD ./Drivers/STM32F1xx_HAL_Driver/Src/stm32f1xx_hal_pwr.o
LOAD ./Drivers/STM32F1xx_HAL_Driver/Src/stm32f1xx_hal_rcc.o
LOAD ./Drivers/STM32F1xx_HAL_Driver/Src/stm32f1xx_hal_rcc_ex.o
LOAD ./Drivers/STM32F1xx_HAL_Driver/Src/stm32f1xx_hal_spi.o
LOAD ./Drivers/STM32F1xx_HAL_Driver/Src/stm32f1xx_hal_tim.o
LOAD ./Drivers/STM32F1xx_HAL_Driver/Src/stm32f1xx_hal_tim_ex.o
LOAD ./Drivers/STM32F1xx_HAL_Driver/Src/stm32f1xx_hal_uart.o
LOAD ./FATFS/App/fatfs.o
LOAD ./FATFS/Target/user_diskio.o
LOAD ./Middlewares/Third_Party/FatFs/src/diskio.o
LOAD ./Middlewares/Third_Party/FatFs/src/ff.o
LOAD ./Middlewares/Third_Party/FatFs/src/ff_gen_drv.o
LOAD ./Middlewares/Third_Party/FatFs/src/option/ccsbcs.o
LOAD ./Middlewares/Third_Party/FatFs/src/option/syscall.o
START GROUP
LOAD d:/st/stm32cubeide_1.6.1/stm32cubeide/plugins/com.st.stm32cube.ide.mcu.externaltools.gnu-tools-for-stm32.9-2020-q2-update.win32_2.0.0.202105311346/tools/bin/../lib/gcc/arm-none-eabi/9.3.1/../../../../arm-none-eabi/lib/thumb/v7-m/nofp\libc_nano.a
LOAD d:/st/stm32cubeide_1.6.1/stm32cubeide/plugins/com.st.stm32cube.ide.mcu.externaltools.gnu-tools-for-stm32.9-2020-q2-update.win32_2.0.0.202105311346/tools/bin/../lib/gcc/arm-none-eabi/9.3.1/../../../../arm-none-eabi/lib/thumb/v7-m/nofp\libm.a
END GROUP
START GROUP
LOAD d:/st/stm32cubeide_1.6.1/stm32cubeide/plugins/com.st.stm32cube.ide.mcu.externaltools.gnu-tools-for-stm32.9-2020-q2-update.win32_2.0.0.202105311346/tools/bin/../lib/gcc/arm-none-eabi/9.3.1/thumb/v7-m/nofp\libgcc.a
LOAD d:/st/stm32cubeide_1.6.1/stm32cubeide/plugins/com.st.stm32cube.ide.mcu.externaltools.gnu-tools-for-stm32.9-2020-q2-update.win32_2.0.0.202105311346/tools/bin/../lib/gcc/arm-none-eabi/9.3.1/../../../../arm-none-eabi/lib/thumb/v7-m/nofp\libc_nano.a
END GROUP
START GROUP
LOAD d:/st/stm32cubeide_1.6.1/stm32cubeide/plugins/com.st.stm32cube.ide.mcu.externaltools.gnu-tools-for-stm32.9-2020-q2-update.win32_2.0.0.202105311346/tools/bin/../lib/gcc/arm-none-eabi/9.3.1/thumb/v7-m/nofp\libgcc.a
LOAD d:/st/stm32cubeide_1.6.1/stm32cubeide/plugins/com.st.stm32cube.ide.mcu.externaltools.gnu-tools-for-stm32.9-2020-q2-update.win32_2.0.0.202105311346/tools/bin/../lib/gcc/arm-none-eabi/9.3.1/../../../../arm-none-eabi/lib/thumb/v7-m/nofp\libc_nano.a
LOAD d:/st/stm32cubeide_1.6.1/stm32cubeide/plugins/com.st.stm32cube.ide.mcu.externaltools.gnu-tools-for-stm32.9-2020-q2-update.win32_2.0.0.202105311346/tools/bin/../lib/gcc/arm-none-eabi/9.3.1/../../../../arm-none-eabi/lib/thumb/v7-m/nofp\libnosys.a
END GROUP
START GROUP
LOAD d:/st/stm32cubeide_1.6.1/stm32cubeide/plugins/com.st.stm32cube.ide.mcu.externaltools.gnu-tools-for-stm32.9-2020-q2-update.win32_2.0.0.202105311346/tools/bin/../lib/gcc/arm-none-eabi/9.3.1/thumb/v7-m/nofp\libgcc.a
LOAD d:/st/stm32cubeide_1.6.1/stm32cubeide/plugins/com.st.stm32cube.ide.mcu.externaltools.gnu-tools-for-stm32.9-2020-q2-update.win32_2.0.0.202105311346/tools/bin/../lib/gcc/arm-none-eabi/9.3.1/../../../../arm-none-eabi/lib/thumb/v7-m/nofp\libc_nano.a
LOAD d:/st/stm32cubeide_1.6.1/stm32cubeide/plugins/com.st.stm32cube.ide.mcu.externaltools.gnu-tools-for-stm32.9-2020-q2-update.win32_2.0.0.202105311346/tools/bin/../lib/gcc/arm-none-eabi/9.3.1/../../../../arm-none-eabi/lib/thumb/v7-m/nofp\libnosys.a
END GROUP
LOAD d:/st/stm32cubeide_1.6.1/stm32cubeide/plugins/com.st.stm32cube.ide.mcu.externaltools.gnu-tools-for-stm32.9-2020-q2-update.win32_2.0.0.202105311346/tools/bin/../lib/gcc/arm-none-eabi/9.3.1/thumb/v7-m/nofp/crtend.o
LOAD d:/st/stm32cubeide_1.6.1/stm32cubeide/plugins/com.st.stm32cube.ide.mcu.externaltools.gnu-tools-for-stm32.9-2020-q2-update.win32_2.0.0.202105311346/tools/bin/../lib/gcc/arm-none-eabi/9.3.1/thumb/v7-m/nofp/crtn.o
                0x0000000020005000                _estack = (ORIGIN (RAM) + LENGTH (RAM))
                0x0000000000000200                _Min_Heap_Size = 0x200
                0x0000000000000400                _Min_Stack_Size = 0x400

.isr_vector     0x0000000008000000      0x10c
                0x0000000008000000                . = ALIGN (0x4)
 *(.isr_vector)
 .isr_vector    0x0000000008000000      0x10c ./Core/Startup/startup_stm32f103c8tx.o
                0x0000000008000000                g_pfnVectors
                0x000000000800010c                . = ALIGN (0x4)

.text           0x0000000008000110     0xef84
                0x0000000008000110                . = ALIGN (0x4)
 *(.text)
 .text          0x0000000008000110       0x40 d:/st/stm32cubeide_1.6.1/stm32cubeide/plugins/com.st.stm32cube.ide.mcu.externaltools.gnu-tools-for-stm32.9-2020-q2-update.win32_2.0.0.202105311346/tools/bin/../lib/gcc/arm-none-eabi/9.3.1/thumb/v7-m/nofp/crtbegin.o
 .text          0x0000000008000150      0x168 d:/st/stm32cubeide_1.6.1/stm32cubeide/plugins/com.st.stm32cube.ide.mcu.externaltools.gnu-tools-for-stm32.9-2020-q2-update.win32_2.0.0.202105311346/tools/bin/../lib/gcc/arm-none-eabi/9.3.1/thumb/v7-m/nofp\libgcc.a(_arm_mulsf3.o)
                0x0000000008000150                __aeabi_fmul
                0x0000000008000150                __mulsf3
 .text          0x00000000080002b8      0x378 d:/st/stm32cubeide_1.6.1/stm32cubeide/plugins/com.st.stm32cube.ide.mcu.externaltools.gnu-tools-for-stm32.9-2020-q2-update.win32_2.0.0.202105311346/tools/bin/../lib/gcc/arm-none-eabi/9.3.1/thumb/v7-m/nofp\libgcc.a(_arm_addsubdf3.o)
                0x00000000080002b8                __aeabi_drsub
                0x00000000080002c0                __aeabi_dsub
                0x00000000080002c0                __subdf3
                0x00000000080002c4                __aeabi_dadd
                0x00000000080002c4                __adddf3
                0x000000000800053c                __floatunsidf
                0x000000000800053c                __aeabi_ui2d
                0x000000000800055c                __floatsidf
                0x000000000800055c                __aeabi_i2d
                0x0000000008000580                __aeabi_f2d
                0x0000000008000580                __extendsfdf2
                0x00000000080005c4                __floatundidf
                0x00000000080005c4                __aeabi_ul2d
                0x00000000080005d4                __floatdidf
                0x00000000080005d4                __aeabi_l2d
 .text          0x0000000008000630      0x424 d:/st/stm32cubeide_1.6.1/stm32cubeide/plugins/com.st.stm32cube.ide.mcu.externaltools.gnu-tools-for-stm32.9-2020-q2-update.win32_2.0.0.202105311346/tools/bin/../lib/gcc/arm-none-eabi/9.3.1/thumb/v7-m/nofp\libgcc.a(_arm_muldivdf3.o)
                0x0000000008000630                __aeabi_dmul
                0x0000000008000630                __muldf3
                0x0000000008000884                __divdf3
                0x0000000008000884                __aeabi_ddiv
 .text          0x0000000008000a54       0x50 d:/st/stm32cubeide_1.6.1/stm32cubeide/plugins/com.st.stm32cube.ide.mcu.externaltools.gnu-tools-for-stm32.9-2020-q2-update.win32_2.0.0.202105311346/tools/bin/../lib/gcc/arm-none-eabi/9.3.1/thumb/v7-m/nofp\libgcc.a(_arm_fixdfsi.o)
                0x0000000008000a54                __aeabi_d2iz
                0x0000000008000a54                __fixdfsi
 .text          0x0000000008000aa4       0xa0 d:/st/stm32cubeide_1.6.1/stm32cubeide/plugins/com.st.stm32cube.ide.mcu.externaltools.gnu-tools-for-stm32.9-2020-q2-update.win32_2.0.0.202105311346/tools/bin/../lib/gcc/arm-none-eabi/9.3.1/thumb/v7-m/nofp\libgcc.a(_arm_truncdfsf2.o)
                0x0000000008000aa4                __truncdfsf2
                0x0000000008000aa4                __aeabi_d2f
 .text          0x0000000008000b44      0x21c d:/st/stm32cubeide_1.6.1/stm32cubeide/plugins/com.st.stm32cube.ide.mcu.externaltools.gnu-tools-for-stm32.9-2020-q2-update.win32_2.0.0.202105311346/tools/bin/../lib/gcc/arm-none-eabi/9.3.1/thumb/v7-m/nofp\libgcc.a(_arm_addsubsf3.o)
                0x0000000008000b44                __aeabi_frsub
                0x0000000008000b4c                __subsf3
                0x0000000008000b4c                __aeabi_fsub
                0x0000000008000b50                __aeabi_fadd
                0x0000000008000b50                __addsf3
                0x0000000008000cb0                __aeabi_ui2f
                0x0000000008000cb0                __floatunsisf
                0x0000000008000cb8                __aeabi_i2f
                0x0000000008000cb8                __floatsisf
                0x0000000008000cd4                __aeabi_ul2f
                0x0000000008000cd4                __floatundisf
                0x0000000008000ce4                __aeabi_l2f
                0x0000000008000ce4                __floatdisf
 .text          0x0000000008000d60       0x4c d:/st/stm32cubeide_1.6.1/stm32cubeide/plugins/com.st.stm32cube.ide.mcu.externaltools.gnu-tools-for-stm32.9-2020-q2-update.win32_2.0.0.202105311346/tools/bin/../lib/gcc/arm-none-eabi/9.3.1/thumb/v7-m/nofp\libgcc.a(_arm_fixsfsi.o)
                0x0000000008000d60                __aeabi_f2iz
                0x0000000008000d60                __fixsfsi
 *(.text*)
 .text.ADC_DMA_Init
                0x0000000008000dac       0x34 ./Core/Src/ADC_DMA.o
                0x0000000008000dac                ADC_DMA_Init
 .text.aceGir_Init
                0x0000000008000de0      0x11c ./Core/Src/ace_gir.o
                0x0000000008000de0                aceGir_Init
 *fill*         0x0000000008000efc        0x4 
 .text.aceGir_Read
                0x0000000008000f00      0x1d0 ./Core/Src/ace_gir.o
                0x0000000008000f00                aceGir_Read
 .text.can_bus_Init
                0x00000000080010d0       0x90 ./Core/Src/can_bus.o
                0x00000000080010d0                can_bus_Init
 .text.can_bus_Recieve
                0x0000000008001160       0xe0 ./Core/Src/can_bus.o
                0x0000000008001160                can_bus_Recieve
 .text.dina_Init
                0x0000000008001240       0x1c ./Core/Src/dina.o
                0x0000000008001240                dina_Init
 .text.dina_Update
                0x000000000800125c       0x14 ./Core/Src/dina.o
                0x000000000800125c                dina_Update
 .text.SELECT   0x0000000008001270       0x18 ./Core/Src/fatfs_sd.o
 .text.DESELECT
                0x0000000008001288       0x18 ./Core/Src/fatfs_sd.o
 .text.SPI_TxByte
                0x00000000080012a0       0x34 ./Core/Src/fatfs_sd.o
 .text.SPI_RxByte
                0x00000000080012d4       0x3c ./Core/Src/fatfs_sd.o
 .text.SPI_RxBytePtr
                0x0000000008001310       0x1c ./Core/Src/fatfs_sd.o
 .text.SD_ReadyWait
                0x000000000800132c       0x38 ./Core/Src/fatfs_sd.o
 .text.SD_PowerOn
                0x0000000008001364       0x98 ./Core/Src/fatfs_sd.o
 .text.SD_PowerOff
                0x00000000080013fc       0x18 ./Core/Src/fatfs_sd.o
 .text.SD_CheckPower
                0x0000000008001414       0x14 ./Core/Src/fatfs_sd.o
 .text.SD_RxDataBlock
                0x0000000008001428       0x6c ./Core/Src/fatfs_sd.o
 .text.SD_TxDataBlock
                0x0000000008001494       0xa8 ./Core/Src/fatfs_sd.o
 .text.SD_SendCmd
                0x000000000800153c       0xa4 ./Core/Src/fatfs_sd.o
 .text.SD_disk_initialize
                0x00000000080015e0      0x1d4 ./Core/Src/fatfs_sd.o
                0x00000000080015e0                SD_disk_initialize
 .text.SD_disk_status
                0x00000000080017b4       0x28 ./Core/Src/fatfs_sd.o
                0x00000000080017b4                SD_disk_status
 .text.SD_disk_read
                0x00000000080017dc       0xd4 ./Core/Src/fatfs_sd.o
                0x00000000080017dc                SD_disk_read
 .text.SD_disk_write
                0x00000000080018b0      0x108 ./Core/Src/fatfs_sd.o
                0x00000000080018b0                SD_disk_write
 .text.SD_disk_ioctl
                0x00000000080019b8      0x264 ./Core/Src/fatfs_sd.o
                0x00000000080019b8                SD_disk_ioctl
 .text.forceGauge_uart_Init_DMA
                0x0000000008001c1c       0x28 ./Core/Src/forceGauge.o
                0x0000000008001c1c                forceGauge_uart_Init_DMA
 .text.forceGauge_getForce
                0x0000000008001c44       0xf0 ./Core/Src/forceGauge.o
                0x0000000008001c44                forceGauge_getForce
 .text.indutivo_Init
                0x0000000008001d34       0x46 ./Core/Src/indutivo.o
                0x0000000008001d34                indutivo_Init
 *fill*         0x0000000008001d7a        0x2 
 .text.indutivo_filtro
                0x0000000008001d7c       0xb0 ./Core/Src/indutivo.o
                0x0000000008001d7c                indutivo_filtro
 *fill*         0x0000000008001e2c        0x4 
 .text.indutivo_calc
                0x0000000008001e30       0xc8 ./Core/Src/indutivo.o
                0x0000000008001e30                indutivo_calc
 .text.indutivo_reset
                0x0000000008001ef8       0x40 ./Core/Src/indutivo.o
                0x0000000008001ef8                indutivo_reset
 .text.main     0x0000000008001f38       0xc0 ./Core/Src/main.o
                0x0000000008001f38                main
 .text.SystemClock_Config
                0x0000000008001ff8       0xb6 ./Core/Src/main.o
                0x0000000008001ff8                SystemClock_Config
 *fill*         0x00000000080020ae        0x2 
 .text.MX_ADC1_Init
                0x00000000080020b0       0x9c ./Core/Src/main.o
 .text.MX_CAN_Init
                0x000000000800214c       0x6c ./Core/Src/main.o
 .text.MX_I2C2_Init
                0x00000000080021b8       0x5c ./Core/Src/main.o
 .text.MX_SPI1_Init
                0x0000000008002214       0x6c ./Core/Src/main.o
 .text.MX_TIM1_Init
                0x0000000008002280       0xe8 ./Core/Src/main.o
 .text.MX_TIM2_Init
                0x0000000008002368       0xe0 ./Core/Src/main.o
 .text.MX_TIM3_Init
                0x0000000008002448       0x9c ./Core/Src/main.o
 .text.MX_TIM4_Init
                0x00000000080024e4       0x9c ./Core/Src/main.o
 .text.MX_USART1_UART_Init
                0x0000000008002580       0x54 ./Core/Src/main.o
 .text.MX_USART2_UART_Init
                0x00000000080025d4       0x54 ./Core/Src/main.o
 .text.MX_DMA_Init
                0x0000000008002628       0x5c ./Core/Src/main.o
 .text.MX_GPIO_Init
                0x0000000008002684       0xdc ./Core/Src/main.o
 .text.Error_Handler
                0x0000000008002760        0xa ./Core/Src/main.o
                0x0000000008002760                Error_Handler
 *fill*         0x000000000800276a        0x2 
 .text.rot_Init
                0x000000000800276c       0x2c ./Core/Src/rot.o
                0x000000000800276c                rot_Init
 .text.rot_Reset
                0x0000000008002798       0x14 ./Core/Src/rot.o
                0x0000000008002798                rot_Reset
 .text.rot_Calc
                0x00000000080027ac       0x14 ./Core/Src/rot.o
                0x00000000080027ac                rot_Calc
 .text.bufsize  0x00000000080027c0       0x2c ./Core/Src/sdCard.o
                0x00000000080027c0                bufsize
 .text.bufclear
                0x00000000080027ec       0x40 ./Core/Src/sdCard.o
                0x00000000080027ec                bufclear
 .text.SD_Init  0x000000000800282c       0xb4 ./Core/Src/sdCard.o
                0x000000000800282c                SD_Init
 .text.SD_loadSettings
                0x00000000080028e0       0x60 ./Core/Src/sdCard.o
                0x00000000080028e0                SD_loadSettings
 .text.SD_createSettings
                0x0000000008002940       0xac ./Core/Src/sdCard.o
                0x0000000008002940                SD_createSettings
 .text.SD_searchSettings
                0x00000000080029ec      0x154 ./Core/Src/sdCard.o
                0x00000000080029ec                SD_searchSettings
 .text.SD_createFile
                0x0000000008002b40       0xb4 ./Core/Src/sdCard.o
                0x0000000008002b40                SD_createFile
 .text.SD_write
                0x0000000008002bf4       0xbc ./Core/Src/sdCard.o
                0x0000000008002bf4                SD_write
 .text.SD_logger
                0x0000000008002cb0      0x250 ./Core/Src/sdCard.o
                0x0000000008002cb0                SD_logger
 .text.HAL_MspInit
                0x0000000008002f00       0x64 ./Core/Src/stm32f1xx_hal_msp.o
                0x0000000008002f00                HAL_MspInit
 .text.HAL_ADC_MspInit
                0x0000000008002f64      0x100 ./Core/Src/stm32f1xx_hal_msp.o
                0x0000000008002f64                HAL_ADC_MspInit
 .text.HAL_CAN_MspInit
                0x0000000008003064       0xa8 ./Core/Src/stm32f1xx_hal_msp.o
                0x0000000008003064                HAL_CAN_MspInit
 .text.HAL_I2C_MspInit
                0x000000000800310c       0xa0 ./Core/Src/stm32f1xx_hal_msp.o
                0x000000000800310c                HAL_I2C_MspInit
 .text.HAL_SPI_MspInit
                0x00000000080031ac       0xc4 ./Core/Src/stm32f1xx_hal_msp.o
                0x00000000080031ac                HAL_SPI_MspInit
 .text.HAL_TIM_Base_MspInit
                0x0000000008003270      0x174 ./Core/Src/stm32f1xx_hal_msp.o
                0x0000000008003270                HAL_TIM_Base_MspInit
 .text.HAL_UART_MspInit
                0x00000000080033e4      0x1d0 ./Core/Src/stm32f1xx_hal_msp.o
                0x00000000080033e4                HAL_UART_MspInit
 .text.SDTimer_Handler
                0x00000000080035b4       0x44 ./Core/Src/stm32f1xx_it.o
                0x00000000080035b4                SDTimer_Handler
 .text.NMI_Handler
                0x00000000080035f8        0x6 ./Core/Src/stm32f1xx_it.o
                0x00000000080035f8                NMI_Handler
 .text.HardFault_Handler
                0x00000000080035fe        0x6 ./Core/Src/stm32f1xx_it.o
                0x00000000080035fe                HardFault_Handler
 .text.MemManage_Handler
                0x0000000008003604        0x6 ./Core/Src/stm32f1xx_it.o
                0x0000000008003604                MemManage_Handler
 .text.BusFault_Handler
                0x000000000800360a        0x6 ./Core/Src/stm32f1xx_it.o
                0x000000000800360a                BusFault_Handler
 .text.UsageFault_Handler
                0x0000000008003610        0x6 ./Core/Src/stm32f1xx_it.o
                0x0000000008003610                UsageFault_Handler
 .text.SVC_Handler
                0x0000000008003616        0xc ./Core/Src/stm32f1xx_it.o
                0x0000000008003616                SVC_Handler
 .text.DebugMon_Handler
                0x0000000008003622        0xc ./Core/Src/stm32f1xx_it.o
                0x0000000008003622                DebugMon_Handler
 .text.PendSV_Handler
                0x000000000800362e        0xc ./Core/Src/stm32f1xx_it.o
                0x000000000800362e                PendSV_Handler
 *fill*         0x000000000800363a        0x2 
 .text.SysTick_Handler
                0x000000000800363c       0x34 ./Core/Src/stm32f1xx_it.o
                0x000000000800363c                SysTick_Handler
 .text.DMA1_Channel1_IRQHandler
                0x0000000008003670       0x14 ./Core/Src/stm32f1xx_it.o
                0x0000000008003670                DMA1_Channel1_IRQHandler
 .text.DMA1_Channel5_IRQHandler
                0x0000000008003684       0x14 ./Core/Src/stm32f1xx_it.o
                0x0000000008003684                DMA1_Channel5_IRQHandler
 .text.DMA1_Channel6_IRQHandler
                0x0000000008003698       0x14 ./Core/Src/stm32f1xx_it.o
                0x0000000008003698                DMA1_Channel6_IRQHandler
 .text.USB_LP_CAN1_RX0_IRQHandler
                0x00000000080036ac       0x18 ./Core/Src/stm32f1xx_it.o
                0x00000000080036ac                USB_LP_CAN1_RX0_IRQHandler
 .text.TIM1_UP_IRQHandler
                0x00000000080036c4       0x24 ./Core/Src/stm32f1xx_it.o
                0x00000000080036c4                TIM1_UP_IRQHandler
 .text.TIM1_CC_IRQHandler
                0x00000000080036e8       0x24 ./Core/Src/stm32f1xx_it.o
                0x00000000080036e8                TIM1_CC_IRQHandler
 .text.TIM2_IRQHandler
                0x000000000800370c       0x38 ./Core/Src/stm32f1xx_it.o
                0x000000000800370c                TIM2_IRQHandler
 .text.TIM3_IRQHandler
                0x0000000008003744       0x14 ./Core/Src/stm32f1xx_it.o
                0x0000000008003744                TIM3_IRQHandler
 .text.TIM4_IRQHandler
                0x0000000008003758       0x5c ./Core/Src/stm32f1xx_it.o
                0x0000000008003758                TIM4_IRQHandler
 .text.I2C2_EV_IRQHandler
                0x00000000080037b4       0x14 ./Core/Src/stm32f1xx_it.o
                0x00000000080037b4                I2C2_EV_IRQHandler
 .text.I2C2_ER_IRQHandler
                0x00000000080037c8       0x14 ./Core/Src/stm32f1xx_it.o
                0x00000000080037c8                I2C2_ER_IRQHandler
 .text.SPI1_IRQHandler
                0x00000000080037dc       0x14 ./Core/Src/stm32f1xx_it.o
                0x00000000080037dc                SPI1_IRQHandler
 .text.USART1_IRQHandler
                0x00000000080037f0       0x14 ./Core/Src/stm32f1xx_it.o
                0x00000000080037f0                USART1_IRQHandler
 .text.USART2_IRQHandler
                0x0000000008003804       0x14 ./Core/Src/stm32f1xx_it.o
                0x0000000008003804                USART2_IRQHandler
 .text._sbrk    0x0000000008003818       0x6c ./Core/Src/sysmem.o
                0x0000000008003818                _sbrk
 .text.SystemInit
                0x0000000008003884        0xc ./Core/Src/system_stm32f1xx.o
                0x0000000008003884                SystemInit
 .text.traction_Init
                0x0000000008003890       0x30 ./Core/Src/traction.o
                0x0000000008003890                traction_Init
 .text.traction_Update
                0x00000000080038c0       0x1c ./Core/Src/traction.o
                0x00000000080038c0                traction_Update
 .text.vel_Init
                0x00000000080038dc       0x2c ./Core/Src/vel.o
                0x00000000080038dc                vel_Init
 .text.vel_Reset
                0x0000000008003908       0x14 ./Core/Src/vel.o
                0x0000000008003908                vel_Reset
 .text.vel_Calc
                0x000000000800391c       0x14 ./Core/Src/vel.o
                0x000000000800391c                vel_Calc
 .text.Reset_Handler
                0x0000000008003930       0x48 ./Core/Startup/startup_stm32f103c8tx.o
                0x0000000008003930                Reset_Handler
 .text.Default_Handler
                0x0000000008003978        0x2 ./Core/Startup/startup_stm32f103c8tx.o
                0x0000000008003978                RTC_Alarm_IRQHandler
                0x0000000008003978                EXTI2_IRQHandler
                0x0000000008003978                PVD_IRQHandler
                0x0000000008003978                EXTI3_IRQHandler
                0x0000000008003978                EXTI0_IRQHandler
                0x0000000008003978                ADC1_2_IRQHandler
                0x0000000008003978                TAMPER_IRQHandler
                0x0000000008003978                DMA1_Channel4_IRQHandler
                0x0000000008003978                USART3_IRQHandler
                0x0000000008003978                RTC_IRQHandler
                0x0000000008003978                DMA1_Channel7_IRQHandler
                0x0000000008003978                CAN1_RX1_IRQHandler
                0x0000000008003978                I2C1_EV_IRQHandler
                0x0000000008003978                RCC_IRQHandler
                0x0000000008003978                TIM1_TRG_COM_IRQHandler
                0x0000000008003978                Default_Handler
                0x0000000008003978                EXTI15_10_IRQHandler
                0x0000000008003978                EXTI9_5_IRQHandler
                0x0000000008003978                SPI2_IRQHandler
                0x0000000008003978                EXTI4_IRQHandler
                0x0000000008003978                USB_HP_CAN1_TX_IRQHandler
                0x0000000008003978                DMA1_Channel3_IRQHandler
                0x0000000008003978                WWDG_IRQHandler
                0x0000000008003978                TIM1_BRK_IRQHandler
                0x0000000008003978                EXTI1_IRQHandler
                0x0000000008003978                DMA1_Channel2_IRQHandler
                0x0000000008003978                CAN1_SCE_IRQHandler
                0x0000000008003978                FLASH_IRQHandler
                0x0000000008003978                I2C1_ER_IRQHandler
                0x0000000008003978                USBWakeUp_IRQHandler
 *fill*         0x000000000800397a        0x2 
 .text.HAL_Init
                0x000000000800397c       0x2c ./Drivers/STM32F1xx_HAL_Driver/Src/stm32f1xx_hal.o
                0x000000000800397c                HAL_Init
 .text.HAL_InitTick
                0x00000000080039a8       0x60 ./Drivers/STM32F1xx_HAL_Driver/Src/stm32f1xx_hal.o
                0x00000000080039a8                HAL_InitTick
 .text.HAL_IncTick
                0x0000000008003a08       0x24 ./Drivers/STM32F1xx_HAL_Driver/Src/stm32f1xx_hal.o
                0x0000000008003a08                HAL_IncTick
 .text.HAL_GetTick
                0x0000000008003a2c       0x14 ./Drivers/STM32F1xx_HAL_Driver/Src/stm32f1xx_hal.o
                0x0000000008003a2c                HAL_GetTick
 .text.HAL_ADC_Init
                0x0000000008003a40      0x1b0 ./Drivers/STM32F1xx_HAL_Driver/Src/stm32f1xx_hal_adc.o
                0x0000000008003a40                HAL_ADC_Init
 .text.HAL_ADC_Start_DMA
                0x0000000008003bf0      0x1bc ./Drivers/STM32F1xx_HAL_Driver/Src/stm32f1xx_hal_adc.o
                0x0000000008003bf0                HAL_ADC_Start_DMA
 .text.HAL_ADC_ConvCpltCallback
                0x0000000008003dac       0x12 ./Drivers/STM32F1xx_HAL_Driver/Src/stm32f1xx_hal_adc.o
                0x0000000008003dac                HAL_ADC_ConvCpltCallback
 .text.HAL_ADC_ConvHalfCpltCallback
                0x0000000008003dbe       0x12 ./Drivers/STM32F1xx_HAL_Driver/Src/stm32f1xx_hal_adc.o
                0x0000000008003dbe                HAL_ADC_ConvHalfCpltCallback
 .text.HAL_ADC_ErrorCallback
                0x0000000008003dd0       0x12 ./Drivers/STM32F1xx_HAL_Driver/Src/stm32f1xx_hal_adc.o
                0x0000000008003dd0                HAL_ADC_ErrorCallback
 *fill*         0x0000000008003de2        0x2 
 .text.HAL_ADC_ConfigChannel
                0x0000000008003de4      0x1f0 ./Drivers/STM32F1xx_HAL_Driver/Src/stm32f1xx_hal_adc.o
                0x0000000008003de4                HAL_ADC_ConfigChannel
 .text.ADC_Enable
                0x0000000008003fd4       0xb4 ./Drivers/STM32F1xx_HAL_Driver/Src/stm32f1xx_hal_adc.o
                0x0000000008003fd4                ADC_Enable
 .text.ADC_ConversionStop_Disable
                0x0000000008004088       0x82 ./Drivers/STM32F1xx_HAL_Driver/Src/stm32f1xx_hal_adc.o
                0x0000000008004088                ADC_ConversionStop_Disable
 .text.ADC_DMAConvCplt
                0x000000000800410a       0x7c ./Drivers/STM32F1xx_HAL_Driver/Src/stm32f1xx_hal_adc.o
                0x000000000800410a                ADC_DMAConvCplt
 .text.ADC_DMAHalfConvCplt
                0x0000000008004186       0x1c ./Drivers/STM32F1xx_HAL_Driver/Src/stm32f1xx_hal_adc.o
                0x0000000008004186                ADC_DMAHalfConvCplt
 .text.ADC_DMAError
                0x00000000080041a2       0x34 ./Drivers/STM32F1xx_HAL_Driver/Src/stm32f1xx_hal_adc.o
                0x00000000080041a2                ADC_DMAError
 *fill*         0x00000000080041d6        0x2 
 .text.HAL_ADCEx_Calibration_Start
                0x00000000080041d8      0x158 ./Drivers/STM32F1xx_HAL_Driver/Src/stm32f1xx_hal_adc_ex.o
                0x00000000080041d8                HAL_ADCEx_Calibration_Start
 .text.HAL_CAN_Init
                0x0000000008004330      0x1f6 ./Drivers/STM32F1xx_HAL_Driver/Src/stm32f1xx_hal_can.o
                0x0000000008004330                HAL_CAN_Init
 .text.HAL_CAN_ConfigFilter
                0x0000000008004526      0x192 ./Drivers/STM32F1xx_HAL_Driver/Src/stm32f1xx_hal_can.o
                0x0000000008004526                HAL_CAN_ConfigFilter
 .text.HAL_CAN_Start
                0x00000000080046b8       0x88 ./Drivers/STM32F1xx_HAL_Driver/Src/stm32f1xx_hal_can.o
                0x00000000080046b8                HAL_CAN_Start
 .text.HAL_CAN_GetRxMessage
                0x0000000008004740      0x222 ./Drivers/STM32F1xx_HAL_Driver/Src/stm32f1xx_hal_can.o
                0x0000000008004740                HAL_CAN_GetRxMessage
 .text.HAL_CAN_ActivateNotification
                0x0000000008004962       0x4a ./Drivers/STM32F1xx_HAL_Driver/Src/stm32f1xx_hal_can.o
                0x0000000008004962                HAL_CAN_ActivateNotification
 .text.HAL_CAN_IRQHandler
                0x00000000080049ac      0x36e ./Drivers/STM32F1xx_HAL_Driver/Src/stm32f1xx_hal_can.o
                0x00000000080049ac                HAL_CAN_IRQHandler
 .text.HAL_CAN_TxMailbox0CompleteCallback
                0x0000000008004d1a       0x12 ./Drivers/STM32F1xx_HAL_Driver/Src/stm32f1xx_hal_can.o
                0x0000000008004d1a                HAL_CAN_TxMailbox0CompleteCallback
 .text.HAL_CAN_TxMailbox1CompleteCallback
                0x0000000008004d2c       0x12 ./Drivers/STM32F1xx_HAL_Driver/Src/stm32f1xx_hal_can.o
                0x0000000008004d2c                HAL_CAN_TxMailbox1CompleteCallback
 .text.HAL_CAN_TxMailbox2CompleteCallback
                0x0000000008004d3e       0x12 ./Drivers/STM32F1xx_HAL_Driver/Src/stm32f1xx_hal_can.o
                0x0000000008004d3e                HAL_CAN_TxMailbox2CompleteCallback
 .text.HAL_CAN_TxMailbox0AbortCallback
                0x0000000008004d50       0x12 ./Drivers/STM32F1xx_HAL_Driver/Src/stm32f1xx_hal_can.o
                0x0000000008004d50                HAL_CAN_TxMailbox0AbortCallback
 .text.HAL_CAN_TxMailbox1AbortCallback
                0x0000000008004d62       0x12 ./Drivers/STM32F1xx_HAL_Driver/Src/stm32f1xx_hal_can.o
                0x0000000008004d62                HAL_CAN_TxMailbox1AbortCallback
 .text.HAL_CAN_TxMailbox2AbortCallback
                0x0000000008004d74       0x12 ./Drivers/STM32F1xx_HAL_Driver/Src/stm32f1xx_hal_can.o
                0x0000000008004d74                HAL_CAN_TxMailbox2AbortCallback
 .text.HAL_CAN_RxFifo0MsgPendingCallback
                0x0000000008004d86       0x12 ./Drivers/STM32F1xx_HAL_Driver/Src/stm32f1xx_hal_can.o
                0x0000000008004d86                HAL_CAN_RxFifo0MsgPendingCallback
 .text.HAL_CAN_RxFifo0FullCallback
                0x0000000008004d98       0x12 ./Drivers/STM32F1xx_HAL_Driver/Src/stm32f1xx_hal_can.o
                0x0000000008004d98                HAL_CAN_RxFifo0FullCallback
 .text.HAL_CAN_RxFifo1MsgPendingCallback
                0x0000000008004daa       0x12 ./Drivers/STM32F1xx_HAL_Driver/Src/stm32f1xx_hal_can.o
                0x0000000008004daa                HAL_CAN_RxFifo1MsgPendingCallback
 .text.HAL_CAN_RxFifo1FullCallback
                0x0000000008004dbc       0x12 ./Drivers/STM32F1xx_HAL_Driver/Src/stm32f1xx_hal_can.o
                0x0000000008004dbc                HAL_CAN_RxFifo1FullCallback
 .text.HAL_CAN_SleepCallback
                0x0000000008004dce       0x12 ./Drivers/STM32F1xx_HAL_Driver/Src/stm32f1xx_hal_can.o
                0x0000000008004dce                HAL_CAN_SleepCallback
 .text.HAL_CAN_WakeUpFromRxMsgCallback
                0x0000000008004de0       0x12 ./Drivers/STM32F1xx_HAL_Driver/Src/stm32f1xx_hal_can.o
                0x0000000008004de0                HAL_CAN_WakeUpFromRxMsgCallback
 .text.HAL_CAN_ErrorCallback
                0x0000000008004df2       0x12 ./Drivers/STM32F1xx_HAL_Driver/Src/stm32f1xx_hal_can.o
                0x0000000008004df2                HAL_CAN_ErrorCallback
 .text.__NVIC_SetPriorityGrouping
                0x0000000008004e04       0x48 ./Drivers/STM32F1xx_HAL_Driver/Src/stm32f1xx_hal_cortex.o
 .text.__NVIC_GetPriorityGrouping
                0x0000000008004e4c       0x1c ./Drivers/STM32F1xx_HAL_Driver/Src/stm32f1xx_hal_cortex.o
 .text.__NVIC_EnableIRQ
                0x0000000008004e68       0x38 ./Drivers/STM32F1xx_HAL_Driver/Src/stm32f1xx_hal_cortex.o
 .text.__NVIC_SetPriority
                0x0000000008004ea0       0x54 ./Drivers/STM32F1xx_HAL_Driver/Src/stm32f1xx_hal_cortex.o
 .text.NVIC_EncodePriority
                0x0000000008004ef4       0x64 ./Drivers/STM32F1xx_HAL_Driver/Src/stm32f1xx_hal_cortex.o
 .text.SysTick_Config
                0x0000000008004f58       0x44 ./Drivers/STM32F1xx_HAL_Driver/Src/stm32f1xx_hal_cortex.o
 .text.HAL_NVIC_SetPriorityGrouping
                0x0000000008004f9c       0x16 ./Drivers/STM32F1xx_HAL_Driver/Src/stm32f1xx_hal_cortex.o
                0x0000000008004f9c                HAL_NVIC_SetPriorityGrouping
 .text.HAL_NVIC_SetPriority
                0x0000000008004fb2       0x38 ./Drivers/STM32F1xx_HAL_Driver/Src/stm32f1xx_hal_cortex.o
                0x0000000008004fb2                HAL_NVIC_SetPriority
 .text.HAL_NVIC_EnableIRQ
                0x0000000008004fea       0x1c ./Drivers/STM32F1xx_HAL_Driver/Src/stm32f1xx_hal_cortex.o
                0x0000000008004fea                HAL_NVIC_EnableIRQ
 .text.HAL_SYSTICK_Config
                0x0000000008005006       0x18 ./Drivers/STM32F1xx_HAL_Driver/Src/stm32f1xx_hal_cortex.o
                0x0000000008005006                HAL_SYSTICK_Config
 *fill*         0x000000000800501e        0x2 
 .text.HAL_DMA_Init
                0x0000000008005020       0xb4 ./Drivers/STM32F1xx_HAL_Driver/Src/stm32f1xx_hal_dma.o
                0x0000000008005020                HAL_DMA_Init
 .text.HAL_DMA_Start_IT
                0x00000000080050d4       0xbe ./Drivers/STM32F1xx_HAL_Driver/Src/stm32f1xx_hal_dma.o
                0x00000000080050d4                HAL_DMA_Start_IT
 .text.HAL_DMA_Abort
                0x0000000008005192       0x74 ./Drivers/STM32F1xx_HAL_Driver/Src/stm32f1xx_hal_dma.o
                0x0000000008005192                HAL_DMA_Abort
 *fill*         0x0000000008005206        0x2 
 .text.HAL_DMA_Abort_IT
                0x0000000008005208       0xec ./Drivers/STM32F1xx_HAL_Driver/Src/stm32f1xx_hal_dma.o
                0x0000000008005208                HAL_DMA_Abort_IT
 .text.HAL_DMA_IRQHandler
                0x00000000080052f4      0x20c ./Drivers/STM32F1xx_HAL_Driver/Src/stm32f1xx_hal_dma.o
                0x00000000080052f4                HAL_DMA_IRQHandler
 .text.HAL_DMA_GetState
                0x0000000008005500       0x18 ./Drivers/STM32F1xx_HAL_Driver/Src/stm32f1xx_hal_dma.o
                0x0000000008005500                HAL_DMA_GetState
 .text.DMA_SetConfig
                0x0000000008005518       0x5a ./Drivers/STM32F1xx_HAL_Driver/Src/stm32f1xx_hal_dma.o
 *fill*         0x0000000008005572        0x2 
 .text.HAL_GPIO_Init
                0x0000000008005574      0x308 ./Drivers/STM32F1xx_HAL_Driver/Src/stm32f1xx_hal_gpio.o
                0x0000000008005574                HAL_GPIO_Init
 .text.HAL_GPIO_WritePin
                0x000000000800587c       0x30 ./Drivers/STM32F1xx_HAL_Driver/Src/stm32f1xx_hal_gpio.o
                0x000000000800587c                HAL_GPIO_WritePin
 .text.HAL_GPIO_TogglePin
                0x00000000080058ac       0x32 ./Drivers/STM32F1xx_HAL_Driver/Src/stm32f1xx_hal_gpio.o
                0x00000000080058ac                HAL_GPIO_TogglePin
 *fill*         0x00000000080058de        0x2 
 .text.HAL_I2C_Init
                0x00000000080058e0      0x288 ./Drivers/STM32F1xx_HAL_Driver/Src/stm32f1xx_hal_i2c.o
                0x00000000080058e0                HAL_I2C_Init
 .text.HAL_I2C_Mem_Write
                0x0000000008005b68      0x1f4 ./Drivers/STM32F1xx_HAL_Driver/Src/stm32f1xx_hal_i2c.o
                0x0000000008005b68                HAL_I2C_Mem_Write
 .text.HAL_I2C_Mem_Read
                0x0000000008005d5c      0x4d0 ./Drivers/STM32F1xx_HAL_Driver/Src/stm32f1xx_hal_i2c.o
                0x0000000008005d5c                HAL_I2C_Mem_Read
 .text.HAL_I2C_EV_IRQHandler
                0x000000000800622c      0x2e2 ./Drivers/STM32F1xx_HAL_Driver/Src/stm32f1xx_hal_i2c.o
                0x000000000800622c                HAL_I2C_EV_IRQHandler
 .text.HAL_I2C_ER_IRQHandler
                0x000000000800650e      0x15e ./Drivers/STM32F1xx_HAL_Driver/Src/stm32f1xx_hal_i2c.o
                0x000000000800650e                HAL_I2C_ER_IRQHandler
 .text.HAL_I2C_MasterTxCpltCallback
                0x000000000800666c       0x12 ./Drivers/STM32F1xx_HAL_Driver/Src/stm32f1xx_hal_i2c.o
                0x000000000800666c                HAL_I2C_MasterTxCpltCallback
 .text.HAL_I2C_MasterRxCpltCallback
                0x000000000800667e       0x12 ./Drivers/STM32F1xx_HAL_Driver/Src/stm32f1xx_hal_i2c.o
                0x000000000800667e                HAL_I2C_MasterRxCpltCallback
 .text.HAL_I2C_SlaveTxCpltCallback
                0x0000000008006690       0x12 ./Drivers/STM32F1xx_HAL_Driver/Src/stm32f1xx_hal_i2c.o
                0x0000000008006690                HAL_I2C_SlaveTxCpltCallback
 .text.HAL_I2C_SlaveRxCpltCallback
                0x00000000080066a2       0x12 ./Drivers/STM32F1xx_HAL_Driver/Src/stm32f1xx_hal_i2c.o
                0x00000000080066a2                HAL_I2C_SlaveRxCpltCallback
 .text.HAL_I2C_AddrCallback
                0x00000000080066b4       0x1a ./Drivers/STM32F1xx_HAL_Driver/Src/stm32f1xx_hal_i2c.o
                0x00000000080066b4                HAL_I2C_AddrCallback
 .text.HAL_I2C_ListenCpltCallback
                0x00000000080066ce       0x12 ./Drivers/STM32F1xx_HAL_Driver/Src/stm32f1xx_hal_i2c.o
                0x00000000080066ce                HAL_I2C_ListenCpltCallback
 .text.HAL_I2C_MemTxCpltCallback
                0x00000000080066e0       0x12 ./Drivers/STM32F1xx_HAL_Driver/Src/stm32f1xx_hal_i2c.o
                0x00000000080066e0                HAL_I2C_MemTxCpltCallback
 .text.HAL_I2C_MemRxCpltCallback
                0x00000000080066f2       0x12 ./Drivers/STM32F1xx_HAL_Driver/Src/stm32f1xx_hal_i2c.o
                0x00000000080066f2                HAL_I2C_MemRxCpltCallback
 .text.HAL_I2C_ErrorCallback
                0x0000000008006704       0x12 ./Drivers/STM32F1xx_HAL_Driver/Src/stm32f1xx_hal_i2c.o
                0x0000000008006704                HAL_I2C_ErrorCallback
 .text.HAL_I2C_AbortCpltCallback
                0x0000000008006716       0x12 ./Drivers/STM32F1xx_HAL_Driver/Src/stm32f1xx_hal_i2c.o
                0x0000000008006716                HAL_I2C_AbortCpltCallback
 .text.I2C_MasterTransmit_TXE
                0x0000000008006728      0x138 ./Drivers/STM32F1xx_HAL_Driver/Src/stm32f1xx_hal_i2c.o
 .text.I2C_MasterTransmit_BTF
                0x0000000008006860       0xec ./Drivers/STM32F1xx_HAL_Driver/Src/stm32f1xx_hal_i2c.o
 .text.I2C_MemoryTransmit_TXE_BTF
                0x000000000800694c      0x128 ./Drivers/STM32F1xx_HAL_Driver/Src/stm32f1xx_hal_i2c.o
 .text.I2C_MasterReceive_RXNE
                0x0000000008006a74      0x162 ./Drivers/STM32F1xx_HAL_Driver/Src/stm32f1xx_hal_i2c.o
 .text.I2C_MasterReceive_BTF
                0x0000000008006bd6      0x1d4 ./Drivers/STM32F1xx_HAL_Driver/Src/stm32f1xx_hal_i2c.o
 .text.I2C_Master_SB
                0x0000000008006daa      0x10a ./Drivers/STM32F1xx_HAL_Driver/Src/stm32f1xx_hal_i2c.o
 .text.I2C_Master_ADD10
                0x0000000008006eb4       0x52 ./Drivers/STM32F1xx_HAL_Driver/Src/stm32f1xx_hal_i2c.o
 .text.I2C_Master_ADDR
                0x0000000008006f06      0x336 ./Drivers/STM32F1xx_HAL_Driver/Src/stm32f1xx_hal_i2c.o
 .text.I2C_SlaveTransmit_TXE
                0x000000000800723c       0x7a ./Drivers/STM32F1xx_HAL_Driver/Src/stm32f1xx_hal_i2c.o
 .text.I2C_SlaveTransmit_BTF
                0x00000000080072b6       0x40 ./Drivers/STM32F1xx_HAL_Driver/Src/stm32f1xx_hal_i2c.o
 .text.I2C_SlaveReceive_RXNE
                0x00000000080072f6       0x7c ./Drivers/STM32F1xx_HAL_Driver/Src/stm32f1xx_hal_i2c.o
 .text.I2C_SlaveReceive_BTF
                0x0000000008007372       0x42 ./Drivers/STM32F1xx_HAL_Driver/Src/stm32f1xx_hal_i2c.o
 .text.I2C_Slave_ADDR
                0x00000000080073b4       0x94 ./Drivers/STM32F1xx_HAL_Driver/Src/stm32f1xx_hal_i2c.o
 .text.I2C_Slave_STOPF
                0x0000000008007448      0x260 ./Drivers/STM32F1xx_HAL_Driver/Src/stm32f1xx_hal_i2c.o
 .text.I2C_Slave_AF
                0x00000000080076a8       0xe0 ./Drivers/STM32F1xx_HAL_Driver/Src/stm32f1xx_hal_i2c.o
 .text.I2C_ITError
                0x0000000008007788      0x264 ./Drivers/STM32F1xx_HAL_Driver/Src/stm32f1xx_hal_i2c.o
 .text.I2C_RequestMemoryWrite
                0x00000000080079ec      0x12c ./Drivers/STM32F1xx_HAL_Driver/Src/stm32f1xx_hal_i2c.o
 .text.I2C_RequestMemoryRead
                0x0000000008007b18      0x1d0 ./Drivers/STM32F1xx_HAL_Driver/Src/stm32f1xx_hal_i2c.o
 .text.I2C_DMAAbort
                0x0000000008007ce8      0x150 ./Drivers/STM32F1xx_HAL_Driver/Src/stm32f1xx_hal_i2c.o
 .text.I2C_WaitOnFlagUntilTimeout
                0x0000000008007e38       0xae ./Drivers/STM32F1xx_HAL_Driver/Src/stm32f1xx_hal_i2c.o
 .text.I2C_WaitOnMasterAddressFlagUntilTimeout
                0x0000000008007ee6       0xfe ./Drivers/STM32F1xx_HAL_Driver/Src/stm32f1xx_hal_i2c.o
 .text.I2C_WaitOnTXEFlagUntilTimeout
                0x0000000008007fe4       0x82 ./Drivers/STM32F1xx_HAL_Driver/Src/stm32f1xx_hal_i2c.o
 .text.I2C_WaitOnBTFFlagUntilTimeout
                0x0000000008008066       0x82 ./Drivers/STM32F1xx_HAL_Driver/Src/stm32f1xx_hal_i2c.o
 .text.I2C_WaitOnSTOPRequestThroughIT
                0x00000000080080e8       0x64 ./Drivers/STM32F1xx_HAL_Driver/Src/stm32f1xx_hal_i2c.o
 .text.I2C_WaitOnRXNEFlagUntilTimeout
                0x000000000800814c       0xac ./Drivers/STM32F1xx_HAL_Driver/Src/stm32f1xx_hal_i2c.o
 .text.I2C_IsAcknowledgeFailed
                0x00000000080081f8       0x5c ./Drivers/STM32F1xx_HAL_Driver/Src/stm32f1xx_hal_i2c.o
 .text.I2C_ConvertOtherXferOptions
                0x0000000008008254       0x34 ./Drivers/STM32F1xx_HAL_Driver/Src/stm32f1xx_hal_i2c.o
 .text.HAL_RCC_OscConfig
                0x0000000008008288      0x500 ./Drivers/STM32F1xx_HAL_Driver/Src/stm32f1xx_hal_rcc.o
                0x0000000008008288                HAL_RCC_OscConfig
 .text.HAL_RCC_ClockConfig
                0x0000000008008788      0x1d4 ./Drivers/STM32F1xx_HAL_Driver/Src/stm32f1xx_hal_rcc.o
                0x0000000008008788                HAL_RCC_ClockConfig
 .text.HAL_RCC_GetSysClockFreq
                0x000000000800895c       0xc0 ./Drivers/STM32F1xx_HAL_Driver/Src/stm32f1xx_hal_rcc.o
                0x000000000800895c                HAL_RCC_GetSysClockFreq
 .text.HAL_RCC_GetHCLKFreq
                0x0000000008008a1c       0x14 ./Drivers/STM32F1xx_HAL_Driver/Src/stm32f1xx_hal_rcc.o
                0x0000000008008a1c                HAL_RCC_GetHCLKFreq
 .text.HAL_RCC_GetPCLK1Freq
                0x0000000008008a30       0x28 ./Drivers/STM32F1xx_HAL_Driver/Src/stm32f1xx_hal_rcc.o
                0x0000000008008a30                HAL_RCC_GetPCLK1Freq
 .text.HAL_RCC_GetPCLK2Freq
                0x0000000008008a58       0x28 ./Drivers/STM32F1xx_HAL_Driver/Src/stm32f1xx_hal_rcc.o
                0x0000000008008a58                HAL_RCC_GetPCLK2Freq
 .text.RCC_Delay
                0x0000000008008a80       0x3c ./Drivers/STM32F1xx_HAL_Driver/Src/stm32f1xx_hal_rcc.o
 .text.HAL_RCCEx_PeriphCLKConfig
                0x0000000008008abc      0x16c ./Drivers/STM32F1xx_HAL_Driver/Src/stm32f1xx_hal_rcc_ex.o
                0x0000000008008abc                HAL_RCCEx_PeriphCLKConfig
 .text.HAL_RCCEx_GetPeriphCLKFreq
                0x0000000008008c28      0x188 ./Drivers/STM32F1xx_HAL_Driver/Src/stm32f1xx_hal_rcc_ex.o
                0x0000000008008c28                HAL_RCCEx_GetPeriphCLKFreq
 .text.HAL_SPI_Init
                0x0000000008008db0      0x108 ./Drivers/STM32F1xx_HAL_Driver/Src/stm32f1xx_hal_spi.o
                0x0000000008008db0                HAL_SPI_Init
 .text.HAL_SPI_Transmit
                0x0000000008008eb8      0x278 ./Drivers/STM32F1xx_HAL_Driver/Src/stm32f1xx_hal_spi.o
                0x0000000008008eb8                HAL_SPI_Transmit
 .text.HAL_SPI_TransmitReceive
                0x0000000008009130      0x344 ./Drivers/STM32F1xx_HAL_Driver/Src/stm32f1xx_hal_spi.o
                0x0000000008009130                HAL_SPI_TransmitReceive
 .text.HAL_SPI_IRQHandler
                0x0000000008009474      0x1cc ./Drivers/STM32F1xx_HAL_Driver/Src/stm32f1xx_hal_spi.o
                0x0000000008009474                HAL_SPI_IRQHandler
 .text.HAL_SPI_ErrorCallback
                0x0000000008009640       0x12 ./Drivers/STM32F1xx_HAL_Driver/Src/stm32f1xx_hal_spi.o
                0x0000000008009640                HAL_SPI_ErrorCallback
 .text.HAL_SPI_GetState
                0x0000000008009652       0x1a ./Drivers/STM32F1xx_HAL_Driver/Src/stm32f1xx_hal_spi.o
                0x0000000008009652                HAL_SPI_GetState
 .text.SPI_DMAAbortOnError
                0x000000000800966c       0x28 ./Drivers/STM32F1xx_HAL_Driver/Src/stm32f1xx_hal_spi.o
 .text.SPI_WaitFlagStateUntilTimeout
                0x0000000008009694      0x110 ./Drivers/STM32F1xx_HAL_Driver/Src/stm32f1xx_hal_spi.o
 .text.SPI_EndRxTxTransaction
                0x00000000080097a4       0x3c ./Drivers/STM32F1xx_HAL_Driver/Src/stm32f1xx_hal_spi.o
 .text.HAL_TIM_Base_Init
                0x00000000080097e0       0x9e ./Drivers/STM32F1xx_HAL_Driver/Src/stm32f1xx_hal_tim.o
                0x00000000080097e0                HAL_TIM_Base_Init
 *fill*         0x000000000800987e        0x2 
 .text.HAL_TIM_Base_Start_IT
                0x0000000008009880       0xa4 ./Drivers/STM32F1xx_HAL_Driver/Src/stm32f1xx_hal_tim.o
                0x0000000008009880                HAL_TIM_Base_Start_IT
 .text.HAL_TIM_IC_Init
                0x0000000008009924       0x9e ./Drivers/STM32F1xx_HAL_Driver/Src/stm32f1xx_hal_tim.o
                0x0000000008009924                HAL_TIM_IC_Init
 .text.HAL_TIM_IC_MspInit
                0x00000000080099c2       0x12 ./Drivers/STM32F1xx_HAL_Driver/Src/stm32f1xx_hal_tim.o
                0x00000000080099c2                HAL_TIM_IC_MspInit
 .text.HAL_TIM_IC_Start_IT
                0x00000000080099d4      0x20c ./Drivers/STM32F1xx_HAL_Driver/Src/stm32f1xx_hal_tim.o
                0x00000000080099d4                HAL_TIM_IC_Start_IT
 .text.HAL_TIM_IRQHandler
                0x0000000008009be0      0x210 ./Drivers/STM32F1xx_HAL_Driver/Src/stm32f1xx_hal_tim.o
                0x0000000008009be0                HAL_TIM_IRQHandler
 .text.HAL_TIM_IC_ConfigChannel
                0x0000000008009df0      0x128 ./Drivers/STM32F1xx_HAL_Driver/Src/stm32f1xx_hal_tim.o
                0x0000000008009df0                HAL_TIM_IC_ConfigChannel
 .text.HAL_TIM_ConfigClockSource
                0x0000000008009f18      0x188 ./Drivers/STM32F1xx_HAL_Driver/Src/stm32f1xx_hal_tim.o
                0x0000000008009f18                HAL_TIM_ConfigClockSource
 .text.HAL_TIM_PeriodElapsedCallback
                0x000000000800a0a0       0x12 ./Drivers/STM32F1xx_HAL_Driver/Src/stm32f1xx_hal_tim.o
                0x000000000800a0a0                HAL_TIM_PeriodElapsedCallback
 .text.HAL_TIM_OC_DelayElapsedCallback
                0x000000000800a0b2       0x12 ./Drivers/STM32F1xx_HAL_Driver/Src/stm32f1xx_hal_tim.o
                0x000000000800a0b2                HAL_TIM_OC_DelayElapsedCallback
 .text.HAL_TIM_IC_CaptureCallback
                0x000000000800a0c4       0x12 ./Drivers/STM32F1xx_HAL_Driver/Src/stm32f1xx_hal_tim.o
                0x000000000800a0c4                HAL_TIM_IC_CaptureCallback
 .text.HAL_TIM_PWM_PulseFinishedCallback
                0x000000000800a0d6       0x12 ./Drivers/STM32F1xx_HAL_Driver/Src/stm32f1xx_hal_tim.o
                0x000000000800a0d6                HAL_TIM_PWM_PulseFinishedCallback
 .text.HAL_TIM_TriggerCallback
                0x000000000800a0e8       0x12 ./Drivers/STM32F1xx_HAL_Driver/Src/stm32f1xx_hal_tim.o
                0x000000000800a0e8                HAL_TIM_TriggerCallback
 *fill*         0x000000000800a0fa        0x2 
 .text.TIM_Base_SetConfig
                0x000000000800a0fc       0xc4 ./Drivers/STM32F1xx_HAL_Driver/Src/stm32f1xx_hal_tim.o
                0x000000000800a0fc                TIM_Base_SetConfig
 .text.TIM_TI1_SetConfig
                0x000000000800a1c0       0xb4 ./Drivers/STM32F1xx_HAL_Driver/Src/stm32f1xx_hal_tim.o
                0x000000000800a1c0                TIM_TI1_SetConfig
 .text.TIM_TI1_ConfigInputStage
                0x000000000800a274       0x5c ./Drivers/STM32F1xx_HAL_Driver/Src/stm32f1xx_hal_tim.o
 .text.TIM_TI2_SetConfig
                0x000000000800a2d0       0x78 ./Drivers/STM32F1xx_HAL_Driver/Src/stm32f1xx_hal_tim.o
 .text.TIM_TI2_ConfigInputStage
                0x000000000800a348       0x5e ./Drivers/STM32F1xx_HAL_Driver/Src/stm32f1xx_hal_tim.o
 .text.TIM_TI3_SetConfig
                0x000000000800a3a6       0x76 ./Drivers/STM32F1xx_HAL_Driver/Src/stm32f1xx_hal_tim.o
 .text.TIM_TI4_SetConfig
                0x000000000800a41c       0x78 ./Drivers/STM32F1xx_HAL_Driver/Src/stm32f1xx_hal_tim.o
 .text.TIM_ITRx_SetConfig
                0x000000000800a494       0x34 ./Drivers/STM32F1xx_HAL_Driver/Src/stm32f1xx_hal_tim.o
 .text.TIM_ETR_SetConfig
                0x000000000800a4c8       0x3e ./Drivers/STM32F1xx_HAL_Driver/Src/stm32f1xx_hal_tim.o
                0x000000000800a4c8                TIM_ETR_SetConfig
 .text.TIM_CCxChannelCmd
                0x000000000800a506       0x48 ./Drivers/STM32F1xx_HAL_Driver/Src/stm32f1xx_hal_tim.o
                0x000000000800a506                TIM_CCxChannelCmd
 *fill*         0x000000000800a54e        0x2 
 .text.HAL_TIMEx_MasterConfigSynchronization
                0x000000000800a550       0xbc ./Drivers/STM32F1xx_HAL_Driver/Src/stm32f1xx_hal_tim_ex.o
                0x000000000800a550                HAL_TIMEx_MasterConfigSynchronization
 .text.HAL_TIMEx_CommutCallback
                0x000000000800a60c       0x12 ./Drivers/STM32F1xx_HAL_Driver/Src/stm32f1xx_hal_tim_ex.o
                0x000000000800a60c                HAL_TIMEx_CommutCallback
 .text.HAL_TIMEx_BreakCallback
                0x000000000800a61e       0x12 ./Drivers/STM32F1xx_HAL_Driver/Src/stm32f1xx_hal_tim_ex.o
                0x000000000800a61e                HAL_TIMEx_BreakCallback
 .text.HAL_UART_Init
                0x000000000800a630       0x9a ./Drivers/STM32F1xx_HAL_Driver/Src/stm32f1xx_hal_uart.o
                0x000000000800a630                HAL_UART_Init
 .text.HAL_UART_Receive_DMA
                0x000000000800a6ca       0x60 ./Drivers/STM32F1xx_HAL_Driver/Src/stm32f1xx_hal_uart.o
                0x000000000800a6ca                HAL_UART_Receive_DMA
 *fill*         0x000000000800a72a        0x2 
 .text.HAL_UART_IRQHandler
                0x000000000800a72c      0x354 ./Drivers/STM32F1xx_HAL_Driver/Src/stm32f1xx_hal_uart.o
                0x000000000800a72c                HAL_UART_IRQHandler
 .text.HAL_UART_TxCpltCallback
                0x000000000800aa80       0x12 ./Drivers/STM32F1xx_HAL_Driver/Src/stm32f1xx_hal_uart.o
                0x000000000800aa80                HAL_UART_TxCpltCallback
 .text.HAL_UART_RxCpltCallback
                0x000000000800aa92       0x12 ./Drivers/STM32F1xx_HAL_Driver/Src/stm32f1xx_hal_uart.o
                0x000000000800aa92                HAL_UART_RxCpltCallback
 .text.HAL_UART_RxHalfCpltCallback
                0x000000000800aaa4       0x12 ./Drivers/STM32F1xx_HAL_Driver/Src/stm32f1xx_hal_uart.o
                0x000000000800aaa4                HAL_UART_RxHalfCpltCallback
 .text.HAL_UART_ErrorCallback
                0x000000000800aab6       0x12 ./Drivers/STM32F1xx_HAL_Driver/Src/stm32f1xx_hal_uart.o
                0x000000000800aab6                HAL_UART_ErrorCallback
 .text.HAL_UARTEx_RxEventCallback
                0x000000000800aac8       0x16 ./Drivers/STM32F1xx_HAL_Driver/Src/stm32f1xx_hal_uart.o
                0x000000000800aac8                HAL_UARTEx_RxEventCallback
 .text.UART_DMAReceiveCplt
                0x000000000800aade       0x96 ./Drivers/STM32F1xx_HAL_Driver/Src/stm32f1xx_hal_uart.o
 .text.UART_DMARxHalfCplt
                0x000000000800ab74       0x36 ./Drivers/STM32F1xx_HAL_Driver/Src/stm32f1xx_hal_uart.o
 .text.UART_DMAError
                0x000000000800abaa       0x94 ./Drivers/STM32F1xx_HAL_Driver/Src/stm32f1xx_hal_uart.o
 *fill*         0x000000000800ac3e        0x2 
 .text.UART_Start_Receive_DMA
                0x000000000800ac40       0xc8 ./Drivers/STM32F1xx_HAL_Driver/Src/stm32f1xx_hal_uart.o
                0x000000000800ac40                UART_Start_Receive_DMA
 .text.UART_EndTxTransfer
                0x000000000800ad08       0x2a ./Drivers/STM32F1xx_HAL_Driver/Src/stm32f1xx_hal_uart.o
 .text.UART_EndRxTransfer
                0x000000000800ad32       0x58 ./Drivers/STM32F1xx_HAL_Driver/Src/stm32f1xx_hal_uart.o
 .text.UART_DMAAbortOnError
                0x000000000800ad8a       0x28 ./Drivers/STM32F1xx_HAL_Driver/Src/stm32f1xx_hal_uart.o
 .text.UART_Transmit_IT
                0x000000000800adb2       0x9e ./Drivers/STM32F1xx_HAL_Driver/Src/stm32f1xx_hal_uart.o
 .text.UART_EndTransmit_IT
                0x000000000800ae50       0x30 ./Drivers/STM32F1xx_HAL_Driver/Src/stm32f1xx_hal_uart.o
 .text.UART_Receive_IT
                0x000000000800ae80      0x152 ./Drivers/STM32F1xx_HAL_Driver/Src/stm32f1xx_hal_uart.o
 *fill*         0x000000000800afd2        0x2 
 .text.UART_SetConfig
                0x000000000800afd4      0x11c ./Drivers/STM32F1xx_HAL_Driver/Src/stm32f1xx_hal_uart.o
 .text.MX_FATFS_Init
                0x000000000800b0f0       0x24 ./FATFS/App/fatfs.o
                0x000000000800b0f0                MX_FATFS_Init
 .text.get_fattime
                0x000000000800b114        0xe ./FATFS/App/fatfs.o
                0x000000000800b114                get_fattime
 *fill*         0x000000000800b122        0x2 
 .text.USER_initialize
                0x000000000800b124       0x2c ./FATFS/Target/user_diskio.o
                0x000000000800b124                USER_initialize
 .text.USER_status
                0x000000000800b150       0x1c ./FATFS/Target/user_diskio.o
                0x000000000800b150                USER_status
 .text.USER_read
                0x000000000800b16c       0x26 ./FATFS/Target/user_diskio.o
                0x000000000800b16c                USER_read
 .text.USER_write
                0x000000000800b192       0x26 ./FATFS/Target/user_diskio.o
                0x000000000800b192                USER_write
 .text.USER_ioctl
                0x000000000800b1b8       0x26 ./FATFS/Target/user_diskio.o
                0x000000000800b1b8                USER_ioctl
 *fill*         0x000000000800b1de        0x2 
 .text.disk_status
                0x000000000800b1e0       0x34 ./Middlewares/Third_Party/FatFs/src/diskio.o
                0x000000000800b1e0                disk_status
 .text.disk_initialize
                0x000000000800b214       0x4c ./Middlewares/Third_Party/FatFs/src/diskio.o
                0x000000000800b214                disk_initialize
 .text.disk_read
                0x000000000800b260       0x40 ./Middlewares/Third_Party/FatFs/src/diskio.o
                0x000000000800b260                disk_read
 .text.disk_write
                0x000000000800b2a0       0x40 ./Middlewares/Third_Party/FatFs/src/diskio.o
                0x000000000800b2a0                disk_write
 .text.disk_ioctl
                0x000000000800b2e0       0x3c ./Middlewares/Third_Party/FatFs/src/diskio.o
                0x000000000800b2e0                disk_ioctl
 .text.mem_cpy  0x000000000800b31c       0x3c ./Middlewares/Third_Party/FatFs/src/ff.o
 .text.mem_set  0x000000000800b358       0x34 ./Middlewares/Third_Party/FatFs/src/ff.o
 .text.mem_cmp  0x000000000800b38c       0x4c ./Middlewares/Third_Party/FatFs/src/ff.o
 .text.chk_chr  0x000000000800b3d8       0x34 ./Middlewares/Third_Party/FatFs/src/ff.o
 .text.chk_lock
                0x000000000800b40c       0xd4 ./Middlewares/Third_Party/FatFs/src/ff.o
 .text.enq_lock
                0x000000000800b4e0       0x48 ./Middlewares/Third_Party/FatFs/src/ff.o
 .text.inc_lock
                0x000000000800b528      0x160 ./Middlewares/Third_Party/FatFs/src/ff.o
 .text.dec_lock
                0x000000000800b688       0x88 ./Middlewares/Third_Party/FatFs/src/ff.o
 .text.clear_lock
                0x000000000800b710       0x54 ./Middlewares/Third_Party/FatFs/src/ff.o
 .text.sync_window
                0x000000000800b764       0x92 ./Middlewares/Third_Party/FatFs/src/ff.o
 .text.move_window
                0x000000000800b7f6       0x5c ./Middlewares/Third_Party/FatFs/src/ff.o
 .text.sync_fs  0x000000000800b852      0x15c ./Middlewares/Third_Party/FatFs/src/ff.o
 .text.clust2sect
                0x000000000800b9ae       0x42 ./Middlewares/Third_Party/FatFs/src/ff.o
                0x000000000800b9ae                clust2sect
 .text.get_fat  0x000000000800b9f0      0x1dc ./Middlewares/Third_Party/FatFs/src/ff.o
                0x000000000800b9f0                get_fat
 .text.put_fat  0x000000000800bbcc      0x280 ./Middlewares/Third_Party/FatFs/src/ff.o
                0x000000000800bbcc                put_fat
 .text.remove_chain
                0x000000000800be4c       0xb4 ./Middlewares/Third_Party/FatFs/src/ff.o
 .text.create_chain
                0x000000000800bf00      0x13a ./Middlewares/Third_Party/FatFs/src/ff.o
 .text.clmt_clust
                0x000000000800c03a       0x70 ./Middlewares/Third_Party/FatFs/src/ff.o
 .text.dir_sdi  0x000000000800c0aa      0x13e ./Middlewares/Third_Party/FatFs/src/ff.o
 .text.dir_next
                0x000000000800c1e8      0x1f4 ./Middlewares/Third_Party/FatFs/src/ff.o
 .text.dir_alloc
                0x000000000800c3dc       0x8c ./Middlewares/Third_Party/FatFs/src/ff.o
 .text.ld_clust
                0x000000000800c468       0x5a ./Middlewares/Third_Party/FatFs/src/ff.o
 .text.st_clust
                0x000000000800c4c2       0x4c ./Middlewares/Third_Party/FatFs/src/ff.o
 *fill*         0x000000000800c50e        0x2 
 .text.cmp_lfn  0x000000000800c510       0xdc ./Middlewares/Third_Party/FatFs/src/ff.o
 .text.fit_lfn  0x000000000800c5ec       0xe8 ./Middlewares/Third_Party/FatFs/src/ff.o
 .text.gen_numname
                0x000000000800c6d4      0x120 ./Middlewares/Third_Party/FatFs/src/ff.o
 .text.sum_sfn  0x000000000800c7f4       0x40 ./Middlewares/Third_Party/FatFs/src/ff.o
 .text.dir_find
                0x000000000800c834      0x168 ./Middlewares/Third_Party/FatFs/src/ff.o
 .text.dir_register
                0x000000000800c99c      0x1f4 ./Middlewares/Third_Party/FatFs/src/ff.o
 .text.create_name
                0x000000000800cb90      0x364 ./Middlewares/Third_Party/FatFs/src/ff.o
 .text.follow_path
                0x000000000800cef4       0xd0 ./Middlewares/Third_Party/FatFs/src/ff.o
 .text.get_ldnumber
                0x000000000800cfc4       0x86 ./Middlewares/Third_Party/FatFs/src/ff.o
 *fill*         0x000000000800d04a        0x2 
 .text.check_fs
                0x000000000800d04c       0xd4 ./Middlewares/Third_Party/FatFs/src/ff.o
 .text.find_volume
                0x000000000800d120      0x5fc ./Middlewares/Third_Party/FatFs/src/ff.o
 .text.validate
                0x000000000800d71c       0x5c ./Middlewares/Third_Party/FatFs/src/ff.o
 .text.f_mount  0x000000000800d778       0x90 ./Middlewares/Third_Party/FatFs/src/ff.o
                0x000000000800d778                f_mount
 .text.f_open   0x000000000800d808      0x300 ./Middlewares/Third_Party/FatFs/src/ff.o
                0x000000000800d808                f_open
 .text.f_read   0x000000000800db08      0x2aa ./Middlewares/Third_Party/FatFs/src/ff.o
                0x000000000800db08                f_read
 .text.f_write  0x000000000800ddb2      0x358 ./Middlewares/Third_Party/FatFs/src/ff.o
                0x000000000800ddb2                f_write
 .text.f_sync   0x000000000800e10a      0x114 ./Middlewares/Third_Party/FatFs/src/ff.o
                0x000000000800e10a                f_sync
 .text.f_close  0x000000000800e21e       0x4c ./Middlewares/Third_Party/FatFs/src/ff.o
                0x000000000800e21e                f_close
 .text.f_lseek  0x000000000800e26a      0x3b6 ./Middlewares/Third_Party/FatFs/src/ff.o
                0x000000000800e26a                f_lseek
 .text.FATFS_LinkDriverEx
                0x000000000800e620       0x94 ./Middlewares/Third_Party/FatFs/src/ff_gen_drv.o
                0x000000000800e620                FATFS_LinkDriverEx
 .text.FATFS_LinkDriver
                0x000000000800e6b4       0x1e ./Middlewares/Third_Party/FatFs/src/ff_gen_drv.o
                0x000000000800e6b4                FATFS_LinkDriver
 *fill*         0x000000000800e6d2        0x2 
 .text.ff_convert
                0x000000000800e6d4       0x74 ./Middlewares/Third_Party/FatFs/src/option/ccsbcs.o
                0x000000000800e6d4                ff_convert
 .text.ff_wtoupper
                0x000000000800e748       0x5c ./Middlewares/Third_Party/FatFs/src/option/ccsbcs.o
                0x000000000800e748                ff_wtoupper
 .text.__errno  0x000000000800e7a4        0xc d:/st/stm32cubeide_1.6.1/stm32cubeide/plugins/com.st.stm32cube.ide.mcu.externaltools.gnu-tools-for-stm32.9-2020-q2-update.win32_2.0.0.202105311346/tools/bin/../lib/gcc/arm-none-eabi/9.3.1/../../../../arm-none-eabi/lib/thumb/v7-m/nofp\libc_nano.a(lib_a-errno.o)
                0x000000000800e7a4                __errno
 .text.__libc_init_array
                0x000000000800e7b0       0x48 d:/st/stm32cubeide_1.6.1/stm32cubeide/plugins/com.st.stm32cube.ide.mcu.externaltools.gnu-tools-for-stm32.9-2020-q2-update.win32_2.0.0.202105311346/tools/bin/../lib/gcc/arm-none-eabi/9.3.1/../../../../arm-none-eabi/lib/thumb/v7-m/nofp\libc_nano.a(lib_a-init.o)
                0x000000000800e7b0                __libc_init_array
 .text.memset   0x000000000800e7f8       0x10 d:/st/stm32cubeide_1.6.1/stm32cubeide/plugins/com.st.stm32cube.ide.mcu.externaltools.gnu-tools-for-stm32.9-2020-q2-update.win32_2.0.0.202105311346/tools/bin/../lib/gcc/arm-none-eabi/9.3.1/../../../../arm-none-eabi/lib/thumb/v7-m/nofp\libc_nano.a(lib_a-memset.o)
                0x000000000800e7f8                memset
 .text.sprintf  0x000000000800e808       0x40 d:/st/stm32cubeide_1.6.1/stm32cubeide/plugins/com.st.stm32cube.ide.mcu.externaltools.gnu-tools-for-stm32.9-2020-q2-update.win32_2.0.0.202105311346/tools/bin/../lib/gcc/arm-none-eabi/9.3.1/../../../../arm-none-eabi/lib/thumb/v7-m/nofp\libc_nano.a(lib_a-sprintf.o)
                0x000000000800e808                siprintf
                0x000000000800e808                sprintf
 .text.__ssputs_r
                0x000000000800e848       0xb6 d:/st/stm32cubeide_1.6.1/stm32cubeide/plugins/com.st.stm32cube.ide.mcu.externaltools.gnu-tools-for-stm32.9-2020-q2-update.win32_2.0.0.202105311346/tools/bin/../lib/gcc/arm-none-eabi/9.3.1/../../../../arm-none-eabi/lib/thumb/v7-m/nofp\libc_nano.a(lib_a-nano-svfprintf.o)
                0x000000000800e848                __ssputs_r
 *fill*         0x000000000800e8fe        0x2 
 .text._svfprintf_r
                0x000000000800e900      0x200 d:/st/stm32cubeide_1.6.1/stm32cubeide/plugins/com.st.stm32cube.ide.mcu.externaltools.gnu-tools-for-stm32.9-2020-q2-update.win32_2.0.0.202105311346/tools/bin/../lib/gcc/arm-none-eabi/9.3.1/../../../../arm-none-eabi/lib/thumb/v7-m/nofp\libc_nano.a(lib_a-nano-svfprintf.o)
                0x000000000800e900                _svfiprintf_r
                0x000000000800e900                _svfprintf_r
 .text._printf_common
                0x000000000800eb00       0xde d:/st/stm32cubeide_1.6.1/stm32cubeide/plugins/com.st.stm32cube.ide.mcu.externaltools.gnu-tools-for-stm32.9-2020-q2-update.win32_2.0.0.202105311346/tools/bin/../lib/gcc/arm-none-eabi/9.3.1/../../../../arm-none-eabi/lib/thumb/v7-m/nofp\libc_nano.a(lib_a-nano-vfprintf_i.o)
                0x000000000800eb00                _printf_common
 *fill*         0x000000000800ebde        0x2 
 .text._printf_i
                0x000000000800ebe0      0x24c d:/st/stm32cubeide_1.6.1/stm32cubeide/plugins/com.st.stm32cube.ide.mcu.externaltools.gnu-tools-for-stm32.9-2020-q2-update.win32_2.0.0.202105311346/tools/bin/../lib/gcc/arm-none-eabi/9.3.1/../../../../arm-none-eabi/lib/thumb/v7-m/nofp\libc_nano.a(lib_a-nano-vfprintf_i.o)
                0x000000000800ebe0                _printf_i
 .text.memchr   0x000000000800ee2c       0x1c d:/st/stm32cubeide_1.6.1/stm32cubeide/plugins/com.st.stm32cube.ide.mcu.externaltools.gnu-tools-for-stm32.9-2020-q2-update.win32_2.0.0.202105311346/tools/bin/../lib/gcc/arm-none-eabi/9.3.1/../../../../arm-none-eabi/lib/thumb/v7-m/nofp\libc_nano.a(lib_a-memchr-stub.o)
                0x000000000800ee2c                memchr
 .text.memcpy   0x000000000800ee48       0x1c d:/st/stm32cubeide_1.6.1/stm32cubeide/plugins/com.st.stm32cube.ide.mcu.externaltools.gnu-tools-for-stm32.9-2020-q2-update.win32_2.0.0.202105311346/tools/bin/../lib/gcc/arm-none-eabi/9.3.1/../../../../arm-none-eabi/lib/thumb/v7-m/nofp\libc_nano.a(lib_a-memcpy-stub.o)
                0x000000000800ee48                memcpy
 .text.memmove  0x000000000800ee64       0x34 d:/st/stm32cubeide_1.6.1/stm32cubeide/plugins/com.st.stm32cube.ide.mcu.externaltools.gnu-tools-for-stm32.9-2020-q2-update.win32_2.0.0.202105311346/tools/bin/../lib/gcc/arm-none-eabi/9.3.1/../../../../arm-none-eabi/lib/thumb/v7-m/nofp\libc_nano.a(lib_a-memmove.o)
                0x000000000800ee64                memmove
 .text._free_r  0x000000000800ee98       0x98 d:/st/stm32cubeide_1.6.1/stm32cubeide/plugins/com.st.stm32cube.ide.mcu.externaltools.gnu-tools-for-stm32.9-2020-q2-update.win32_2.0.0.202105311346/tools/bin/../lib/gcc/arm-none-eabi/9.3.1/../../../../arm-none-eabi/lib/thumb/v7-m/nofp\libc_nano.a(lib_a-nano-freer.o)
                0x000000000800ee98                _free_r
 .text._malloc_r
                0x000000000800ef30       0xb4 d:/st/stm32cubeide_1.6.1/stm32cubeide/plugins/com.st.stm32cube.ide.mcu.externaltools.gnu-tools-for-stm32.9-2020-q2-update.win32_2.0.0.202105311346/tools/bin/../lib/gcc/arm-none-eabi/9.3.1/../../../../arm-none-eabi/lib/thumb/v7-m/nofp\libc_nano.a(lib_a-nano-mallocr.o)
                0x000000000800ef30                _malloc_r
 .text._realloc_r
                0x000000000800efe4       0x4c d:/st/stm32cubeide_1.6.1/stm32cubeide/plugins/com.st.stm32cube.ide.mcu.externaltools.gnu-tools-for-stm32.9-2020-q2-update.win32_2.0.0.202105311346/tools/bin/../lib/gcc/arm-none-eabi/9.3.1/../../../../arm-none-eabi/lib/thumb/v7-m/nofp\libc_nano.a(lib_a-nano-reallocr.o)
                0x000000000800efe4                _realloc_r
 .text._sbrk_r  0x000000000800f030       0x20 d:/st/stm32cubeide_1.6.1/stm32cubeide/plugins/com.st.stm32cube.ide.mcu.externaltools.gnu-tools-for-stm32.9-2020-q2-update.win32_2.0.0.202105311346/tools/bin/../lib/gcc/arm-none-eabi/9.3.1/../../../../arm-none-eabi/lib/thumb/v7-m/nofp\libc_nano.a(lib_a-sbrkr.o)
                0x000000000800f030                _sbrk_r
 .text.__malloc_lock
                0x000000000800f050        0xc d:/st/stm32cubeide_1.6.1/stm32cubeide/plugins/com.st.stm32cube.ide.mcu.externaltools.gnu-tools-for-stm32.9-2020-q2-update.win32_2.0.0.202105311346/tools/bin/../lib/gcc/arm-none-eabi/9.3.1/../../../../arm-none-eabi/lib/thumb/v7-m/nofp\libc_nano.a(lib_a-mlock.o)
                0x000000000800f050                __malloc_lock
 .text.__malloc_unlock
                0x000000000800f05c        0xc d:/st/stm32cubeide_1.6.1/stm32cubeide/plugins/com.st.stm32cube.ide.mcu.externaltools.gnu-tools-for-stm32.9-2020-q2-update.win32_2.0.0.202105311346/tools/bin/../lib/gcc/arm-none-eabi/9.3.1/../../../../arm-none-eabi/lib/thumb/v7-m/nofp\libc_nano.a(lib_a-mlock.o)
                0x000000000800f05c                __malloc_unlock
 .text._malloc_usable_size_r
                0x000000000800f068       0x10 d:/st/stm32cubeide_1.6.1/stm32cubeide/plugins/com.st.stm32cube.ide.mcu.externaltools.gnu-tools-for-stm32.9-2020-q2-update.win32_2.0.0.202105311346/tools/bin/../lib/gcc/arm-none-eabi/9.3.1/../../../../arm-none-eabi/lib/thumb/v7-m/nofp\libc_nano.a(lib_a-nano-msizer.o)
                0x000000000800f068                _malloc_usable_size_r
 .text.__retarget_lock_acquire_recursive
                0x000000000800f078        0x2 d:/st/stm32cubeide_1.6.1/stm32cubeide/plugins/com.st.stm32cube.ide.mcu.externaltools.gnu-tools-for-stm32.9-2020-q2-update.win32_2.0.0.202105311346/tools/bin/../lib/gcc/arm-none-eabi/9.3.1/../../../../arm-none-eabi/lib/thumb/v7-m/nofp\libc_nano.a(lib_a-lock.o)
                0x000000000800f078                __retarget_lock_acquire_recursive
 .text.__retarget_lock_release_recursive
                0x000000000800f07a        0x2 d:/st/stm32cubeide_1.6.1/stm32cubeide/plugins/com.st.stm32cube.ide.mcu.externaltools.gnu-tools-for-stm32.9-2020-q2-update.win32_2.0.0.202105311346/tools/bin/../lib/gcc/arm-none-eabi/9.3.1/../../../../arm-none-eabi/lib/thumb/v7-m/nofp\libc_nano.a(lib_a-lock.o)
                0x000000000800f07a                __retarget_lock_release_recursive
 *(.glue_7)
 .glue_7        0x000000000800f07c        0x0 linker stubs
 *(.glue_7t)
 .glue_7t       0x000000000800f07c        0x0 linker stubs
 *(.eh_frame)
 .eh_frame      0x000000000800f07c        0x0 d:/st/stm32cubeide_1.6.1/stm32cubeide/plugins/com.st.stm32cube.ide.mcu.externaltools.gnu-tools-for-stm32.9-2020-q2-update.win32_2.0.0.202105311346/tools/bin/../lib/gcc/arm-none-eabi/9.3.1/thumb/v7-m/nofp/crtbegin.o
 *(.init)
 .init          0x000000000800f07c        0x4 d:/st/stm32cubeide_1.6.1/stm32cubeide/plugins/com.st.stm32cube.ide.mcu.externaltools.gnu-tools-for-stm32.9-2020-q2-update.win32_2.0.0.202105311346/tools/bin/../lib/gcc/arm-none-eabi/9.3.1/thumb/v7-m/nofp/crti.o
                0x000000000800f07c                _init
 .init          0x000000000800f080        0x8 d:/st/stm32cubeide_1.6.1/stm32cubeide/plugins/com.st.stm32cube.ide.mcu.externaltools.gnu-tools-for-stm32.9-2020-q2-update.win32_2.0.0.202105311346/tools/bin/../lib/gcc/arm-none-eabi/9.3.1/thumb/v7-m/nofp/crtn.o
 *(.fini)
 .fini          0x000000000800f088        0x4 d:/st/stm32cubeide_1.6.1/stm32cubeide/plugins/com.st.stm32cube.ide.mcu.externaltools.gnu-tools-for-stm32.9-2020-q2-update.win32_2.0.0.202105311346/tools/bin/../lib/gcc/arm-none-eabi/9.3.1/thumb/v7-m/nofp/crti.o
                0x000000000800f088                _fini
 .fini          0x000000000800f08c        0x8 d:/st/stm32cubeide_1.6.1/stm32cubeide/plugins/com.st.stm32cube.ide.mcu.externaltools.gnu-tools-for-stm32.9-2020-q2-update.win32_2.0.0.202105311346/tools/bin/../lib/gcc/arm-none-eabi/9.3.1/thumb/v7-m/nofp/crtn.o
                0x000000000800f094                . = ALIGN (0x4)
                0x000000000800f094                _etext = .

.vfp11_veneer   0x000000000800f094        0x0
 .vfp11_veneer  0x000000000800f094        0x0 linker stubs

.v4_bx          0x000000000800f094        0x0
 .v4_bx         0x000000000800f094        0x0 linker stubs

.iplt           0x000000000800f094        0x0
 .iplt          0x000000000800f094        0x0 d:/st/stm32cubeide_1.6.1/stm32cubeide/plugins/com.st.stm32cube.ide.mcu.externaltools.gnu-tools-for-stm32.9-2020-q2-update.win32_2.0.0.202105311346/tools/bin/../lib/gcc/arm-none-eabi/9.3.1/thumb/v7-m/nofp/crtbegin.o

.rodata         0x000000000800f094      0x724
                0x000000000800f094                . = ALIGN (0x4)
 *(.rodata)
 .rodata        0x000000000800f094      0x11e ./Core/Src/sdCard.o
 *fill*         0x000000000800f1b2        0x2 
 .rodata        0x000000000800f1b4       0x10 ./Drivers/STM32F1xx_HAL_Driver/Src/stm32f1xx_hal_rcc.o
 .rodata        0x000000000800f1c4       0x10 ./Drivers/STM32F1xx_HAL_Driver/Src/stm32f1xx_hal_rcc_ex.o
 .rodata        0x000000000800f1d4       0x48 ./Middlewares/Third_Party/FatFs/src/ff.o
 *(.rodata*)
 .rodata.AHBPrescTable
                0x000000000800f21c       0x10 ./Core/Src/system_stm32f1xx.o
                0x000000000800f21c                AHBPrescTable
 .rodata.APBPrescTable
                0x000000000800f22c        0x8 ./Core/Src/system_stm32f1xx.o
                0x000000000800f22c                APBPrescTable
 .rodata.ExCvt  0x000000000800f234       0x80 ./Middlewares/Third_Party/FatFs/src/ff.o
 .rodata.LfnOfs
                0x000000000800f2b4        0xd ./Middlewares/Third_Party/FatFs/src/ff.o
 *fill*         0x000000000800f2c1        0x3 
 .rodata.Tbl    0x000000000800f2c4      0x100 ./Middlewares/Third_Party/FatFs/src/option/ccsbcs.o
 .rodata.tbl_lower.6976
                0x000000000800f3c4      0x1e0 ./Middlewares/Third_Party/FatFs/src/option/ccsbcs.o
 .rodata.tbl_upper.6977
                0x000000000800f5a4      0x1e0 ./Middlewares/Third_Party/FatFs/src/option/ccsbcs.o
 .rodata._svfprintf_r.str1.1
                0x000000000800f784       0x11 d:/st/stm32cubeide_1.6.1/stm32cubeide/plugins/com.st.stm32cube.ide.mcu.externaltools.gnu-tools-for-stm32.9-2020-q2-update.win32_2.0.0.202105311346/tools/bin/../lib/gcc/arm-none-eabi/9.3.1/../../../../arm-none-eabi/lib/thumb/v7-m/nofp\libc_nano.a(lib_a-nano-svfprintf.o)
 .rodata._printf_i.str1.1
                0x000000000800f795       0x22 d:/st/stm32cubeide_1.6.1/stm32cubeide/plugins/com.st.stm32cube.ide.mcu.externaltools.gnu-tools-for-stm32.9-2020-q2-update.win32_2.0.0.202105311346/tools/bin/../lib/gcc/arm-none-eabi/9.3.1/../../../../arm-none-eabi/lib/thumb/v7-m/nofp\libc_nano.a(lib_a-nano-vfprintf_i.o)
                0x000000000800f7b8                . = ALIGN (0x4)
 *fill*         0x000000000800f7b7        0x1 

.rel.dyn        0x000000000800f7b8        0x0
 .rel.iplt      0x000000000800f7b8        0x0 d:/st/stm32cubeide_1.6.1/stm32cubeide/plugins/com.st.stm32cube.ide.mcu.externaltools.gnu-tools-for-stm32.9-2020-q2-update.win32_2.0.0.202105311346/tools/bin/../lib/gcc/arm-none-eabi/9.3.1/thumb/v7-m/nofp/crtbegin.o

.ARM.extab      0x000000000800f7b8        0x0
                0x000000000800f7b8                . = ALIGN (0x4)
 *(.ARM.extab* .gnu.linkonce.armextab.*)
                0x000000000800f7b8                . = ALIGN (0x4)

.ARM            0x000000000800f7b8        0x0
                0x000000000800f7b8                . = ALIGN (0x4)
                0x000000000800f7b8                __exidx_start = .
 *(.ARM.exidx*)
                0x000000000800f7b8                __exidx_end = .
                0x000000000800f7b8                . = ALIGN (0x4)

.preinit_array  0x000000000800f7b8        0x0
                0x000000000800f7b8                . = ALIGN (0x4)
                0x000000000800f7b8                PROVIDE (__preinit_array_start = .)
 *(.preinit_array*)
                0x000000000800f7b8                PROVIDE (__preinit_array_end = .)
                0x000000000800f7b8                . = ALIGN (0x4)

.init_array     0x000000000800f7b8        0x4
                0x000000000800f7b8                . = ALIGN (0x4)
                0x000000000800f7b8                PROVIDE (__init_array_start = .)
 *(SORT_BY_NAME(.init_array.*))
 *(.init_array*)
 .init_array    0x000000000800f7b8        0x4 d:/st/stm32cubeide_1.6.1/stm32cubeide/plugins/com.st.stm32cube.ide.mcu.externaltools.gnu-tools-for-stm32.9-2020-q2-update.win32_2.0.0.202105311346/tools/bin/../lib/gcc/arm-none-eabi/9.3.1/thumb/v7-m/nofp/crtbegin.o
                0x000000000800f7bc                PROVIDE (__init_array_end = .)
                0x000000000800f7bc                . = ALIGN (0x4)

.fini_array     0x000000000800f7bc        0x4
                0x000000000800f7bc                . = ALIGN (0x4)
                [!provide]                        PROVIDE (__fini_array_start = .)
 *(SORT_BY_NAME(.fini_array.*))
 *(.fini_array*)
 .fini_array    0x000000000800f7bc        0x4 d:/st/stm32cubeide_1.6.1/stm32cubeide/plugins/com.st.stm32cube.ide.mcu.externaltools.gnu-tools-for-stm32.9-2020-q2-update.win32_2.0.0.202105311346/tools/bin/../lib/gcc/arm-none-eabi/9.3.1/thumb/v7-m/nofp/crtbegin.o
                [!provide]                        PROVIDE (__fini_array_end = .)
                0x000000000800f7c0                . = ALIGN (0x4)
                0x000000000800f7c0                _sidata = LOADADDR (.data)

.data           0x0000000020000000       0x88 load address 0x000000000800f7c0
                0x0000000020000000                . = ALIGN (0x4)
                0x0000000020000000                _sdata = .
 *(.data)
 *(.data*)
 .data.Stat     0x0000000020000000        0x1 ./Core/Src/fatfs_sd.o
 *fill*         0x0000000020000001        0x3 
 .data.SystemCoreClock
                0x0000000020000004        0x4 ./Core/Src/system_stm32f1xx.o
                0x0000000020000004                SystemCoreClock
 .data.uwTickPrio
                0x0000000020000008        0x4 ./Drivers/STM32F1xx_HAL_Driver/Src/stm32f1xx_hal.o
                0x0000000020000008                uwTickPrio
 .data.uwTickFreq
                0x000000002000000c        0x1 ./Drivers/STM32F1xx_HAL_Driver/Src/stm32f1xx_hal.o
                0x000000002000000c                uwTickFreq
 .data.Stat     0x000000002000000d        0x1 ./FATFS/Target/user_diskio.o
 *fill*         0x000000002000000e        0x2 
 .data.USER_Driver
                0x0000000020000010       0x14 ./FATFS/Target/user_diskio.o
                0x0000000020000010                USER_Driver
 .data._impure_ptr
                0x0000000020000024        0x4 d:/st/stm32cubeide_1.6.1/stm32cubeide/plugins/com.st.stm32cube.ide.mcu.externaltools.gnu-tools-for-stm32.9-2020-q2-update.win32_2.0.0.202105311346/tools/bin/../lib/gcc/arm-none-eabi/9.3.1/../../../../arm-none-eabi/lib/thumb/v7-m/nofp\libc_nano.a(lib_a-impure.o)
                0x0000000020000024                _impure_ptr
 .data.impure_data
                0x0000000020000028       0x60 d:/st/stm32cubeide_1.6.1/stm32cubeide/plugins/com.st.stm32cube.ide.mcu.externaltools.gnu-tools-for-stm32.9-2020-q2-update.win32_2.0.0.202105311346/tools/bin/../lib/gcc/arm-none-eabi/9.3.1/../../../../arm-none-eabi/lib/thumb/v7-m/nofp\libc_nano.a(lib_a-impure.o)
 *(.RamFunc)
 *(.RamFunc*)
                0x0000000020000088                . = ALIGN (0x4)
                0x0000000020000088                _edata = .

.igot.plt       0x0000000020000088        0x0 load address 0x000000000800f848
 .igot.plt      0x0000000020000088        0x0 d:/st/stm32cubeide_1.6.1/stm32cubeide/plugins/com.st.stm32cube.ide.mcu.externaltools.gnu-tools-for-stm32.9-2020-q2-update.win32_2.0.0.202105311346/tools/bin/../lib/gcc/arm-none-eabi/9.3.1/thumb/v7-m/nofp/crtbegin.o
                0x0000000020000088                . = ALIGN (0x4)

.bss            0x0000000020000088     0x1310 load address 0x000000000800f848
                0x0000000020000088                _sbss = .
                0x0000000020000088                __bss_start__ = _sbss
 *(.bss)
 .bss           0x0000000020000088       0x1c d:/st/stm32cubeide_1.6.1/stm32cubeide/plugins/com.st.stm32cube.ide.mcu.externaltools.gnu-tools-for-stm32.9-2020-q2-update.win32_2.0.0.202105311346/tools/bin/../lib/gcc/arm-none-eabi/9.3.1/thumb/v7-m/nofp/crtbegin.o
 *(.bss*)
 .bss.CardType  0x00000000200000a4        0x1 ./Core/Src/fatfs_sd.o
 .bss.PowerFlag
                0x00000000200000a5        0x1 ./Core/Src/fatfs_sd.o
 .bss.FatFsCnt  0x00000000200000a6        0x1 ./Core/Src/stm32f1xx_it.o
                0x00000000200000a6                FatFsCnt
 *fill*         0x00000000200000a7        0x1 
 .bss.__sbrk_heap_end
                0x00000000200000a8        0x4 ./Core/Src/sysmem.o
 .bss.FatFs     0x00000000200000ac        0x4 ./Middlewares/Third_Party/FatFs/src/ff.o
 .bss.Fsid      0x00000000200000b0        0x2 ./Middlewares/Third_Party/FatFs/src/ff.o
 *fill*         0x00000000200000b2        0x2 
 .bss.Files     0x00000000200000b4       0x18 ./Middlewares/Third_Party/FatFs/src/ff.o
 .bss.LfnBuf    0x00000000200000cc      0x200 ./Middlewares/Third_Party/FatFs/src/ff.o
 .bss.disk      0x00000000200002cc        0xc ./Middlewares/Third_Party/FatFs/src/ff_gen_drv.o
                0x00000000200002cc                disk
 .bss.__malloc_free_list
                0x00000000200002d8        0x4 d:/st/stm32cubeide_1.6.1/stm32cubeide/plugins/com.st.stm32cube.ide.mcu.externaltools.gnu-tools-for-stm32.9-2020-q2-update.win32_2.0.0.202105311346/tools/bin/../lib/gcc/arm-none-eabi/9.3.1/../../../../arm-none-eabi/lib/thumb/v7-m/nofp\libc_nano.a(lib_a-nano-mallocr.o)
                0x00000000200002d8                __malloc_free_list
 .bss.__malloc_sbrk_start
                0x00000000200002dc        0x4 d:/st/stm32cubeide_1.6.1/stm32cubeide/plugins/com.st.stm32cube.ide.mcu.externaltools.gnu-tools-for-stm32.9-2020-q2-update.win32_2.0.0.202105311346/tools/bin/../lib/gcc/arm-none-eabi/9.3.1/../../../../arm-none-eabi/lib/thumb/v7-m/nofp\libc_nano.a(lib_a-nano-mallocr.o)
                0x00000000200002dc                __malloc_sbrk_start
 *(COMMON)
 COMMON         0x00000000200002e0       0x34 ./Core/Src/ADC_DMA.o
                0x00000000200002e0                analog
                0x00000000200002e4                hadc1
 COMMON         0x0000000020000314       0x74 ./Core/Src/ace_gir.o
                0x0000000020000314                htim4
                0x000000002000035c                aceGir
 COMMON         0x0000000020000388       0xac ./Core/Src/can_bus.o
                0x0000000020000388                canBus
                0x000000002000040c                hcan
 COMMON         0x0000000020000434       0x60 ./Core/Src/dina.o
                0x0000000020000434                dina
                0x0000000020000450                huart2
 COMMON         0x0000000020000494      0xa88 ./Core/Src/main.o
                0x0000000020000494                rot
                0x00000000200004c4                sdCard
                0x0000000020000c1c                hdma_usart2_rx
                0x0000000020000c60                hi2c2
                0x0000000020000cb4                htim3
                0x0000000020000cfc                vel
                0x0000000020000d2c                hdma_usart1_rx
                0x0000000020000d70                huart1
                0x0000000020000db4                hdma_adc1
                0x0000000020000df8                htim1
                0x0000000020000e40                traction
                0x0000000020000e78                fresult
                0x0000000020000e7c                hspi1
                0x0000000020000ed4                htim2
 COMMON         0x0000000020000f1c        0x2 ./Core/Src/stm32f1xx_it.o
                0x0000000020000f1c                Timer2
                0x0000000020000f1d                Timer1
 *fill*         0x0000000020000f1e        0x2 
 COMMON         0x0000000020000f20        0x4 ./Drivers/STM32F1xx_HAL_Driver/Src/stm32f1xx_hal.o
                0x0000000020000f20                uwTick
 COMMON         0x0000000020000f24      0x464 ./FATFS/App/fatfs.o
                0x0000000020000f24                USERPath
                0x0000000020000f28                retUSER
                0x0000000020000f2c                USERFile
                0x0000000020000f58                USERFatFS
 COMMON         0x0000000020001388        0x4 d:/st/stm32cubeide_1.6.1/stm32cubeide/plugins/com.st.stm32cube.ide.mcu.externaltools.gnu-tools-for-stm32.9-2020-q2-update.win32_2.0.0.202105311346/tools/bin/../lib/gcc/arm-none-eabi/9.3.1/../../../../arm-none-eabi/lib/thumb/v7-m/nofp\libc_nano.a(lib_a-reent.o)
                0x0000000020001388                errno
 COMMON         0x000000002000138c        0x9 d:/st/stm32cubeide_1.6.1/stm32cubeide/plugins/com.st.stm32cube.ide.mcu.externaltools.gnu-tools-for-stm32.9-2020-q2-update.win32_2.0.0.202105311346/tools/bin/../lib/gcc/arm-none-eabi/9.3.1/../../../../arm-none-eabi/lib/thumb/v7-m/nofp\libc_nano.a(lib_a-lock.o)
                0x000000002000138c                __lock___atexit_recursive_mutex
                0x000000002000138d                __lock___arc4random_mutex
                0x000000002000138e                __lock___env_recursive_mutex
                0x000000002000138f                __lock___sinit_recursive_mutex
                0x0000000020001390                __lock___malloc_recursive_mutex
                0x0000000020001391                __lock___at_quick_exit_mutex
                0x0000000020001392                __lock___dd_hash_mutex
                0x0000000020001393                __lock___tz_mutex
                0x0000000020001394                __lock___sfp_recursive_mutex
                0x0000000020001398                . = ALIGN (0x4)
 *fill*         0x0000000020001395        0x3 
                0x0000000020001398                _ebss = .
                0x0000000020001398                __bss_end__ = _ebss

._user_heap_stack
                0x0000000020001398      0x600 load address 0x000000000800f848
                0x0000000020001398                . = ALIGN (0x8)
                [!provide]                        PROVIDE (end = .)
                0x0000000020001398                PROVIDE (_end = .)
                0x0000000020001598                . = (. + _Min_Heap_Size)
 *fill*         0x0000000020001398      0x200 
                0x0000000020001998                . = (. + _Min_Stack_Size)
 *fill*         0x0000000020001598      0x400 
                0x0000000020001998                . = ALIGN (0x8)

/DISCARD/
 libc.a(*)
 libm.a(*)
 libgcc.a(*)

.ARM.attributes
                0x0000000000000000       0x29
 *(.ARM.attributes)
 .ARM.attributes
                0x0000000000000000       0x1d d:/st/stm32cubeide_1.6.1/stm32cubeide/plugins/com.st.stm32cube.ide.mcu.externaltools.gnu-tools-for-stm32.9-2020-q2-update.win32_2.0.0.202105311346/tools/bin/../lib/gcc/arm-none-eabi/9.3.1/thumb/v7-m/nofp/crti.o
 .ARM.attributes
                0x000000000000001d       0x2d d:/st/stm32cubeide_1.6.1/stm32cubeide/plugins/com.st.stm32cube.ide.mcu.externaltools.gnu-tools-for-stm32.9-2020-q2-update.win32_2.0.0.202105311346/tools/bin/../lib/gcc/arm-none-eabi/9.3.1/thumb/v7-m/nofp/crtbegin.o
 .ARM.attributes
                0x000000000000004a       0x2d ./Core/Src/ADC_DMA.o
 .ARM.attributes
                0x0000000000000077       0x2d ./Core/Src/ace_gir.o
 .ARM.attributes
                0x00000000000000a4       0x2d ./Core/Src/can_bus.o
 .ARM.attributes
                0x00000000000000d1       0x2d ./Core/Src/dina.o
 .ARM.attributes
                0x00000000000000fe       0x2d ./Core/Src/fatfs_sd.o
 .ARM.attributes
                0x000000000000012b       0x2d ./Core/Src/forceGauge.o
 .ARM.attributes
                0x0000000000000158       0x2d ./Core/Src/indutivo.o
 .ARM.attributes
                0x0000000000000185       0x2d ./Core/Src/main.o
 .ARM.attributes
                0x00000000000001b2       0x2d ./Core/Src/rot.o
 .ARM.attributes
                0x00000000000001df       0x2d ./Core/Src/sdCard.o
 .ARM.attributes
                0x000000000000020c       0x2d ./Core/Src/stm32f1xx_hal_msp.o
 .ARM.attributes
                0x0000000000000239       0x2d ./Core/Src/stm32f1xx_it.o
 .ARM.attributes
                0x0000000000000266       0x2d ./Core/Src/sysmem.o
 .ARM.attributes
                0x0000000000000293       0x2d ./Core/Src/system_stm32f1xx.o
 .ARM.attributes
                0x00000000000002c0       0x2d ./Core/Src/traction.o
 .ARM.attributes
                0x00000000000002ed       0x2d ./Core/Src/vel.o
 .ARM.attributes
                0x000000000000031a       0x21 ./Core/Startup/startup_stm32f103c8tx.o
 .ARM.attributes
                0x000000000000033b       0x2d ./Drivers/STM32F1xx_HAL_Driver/Src/stm32f1xx_hal.o
 .ARM.attributes
                0x0000000000000368       0x2d ./Drivers/STM32F1xx_HAL_Driver/Src/stm32f1xx_hal_adc.o
 .ARM.attributes
                0x0000000000000395       0x2d ./Drivers/STM32F1xx_HAL_Driver/Src/stm32f1xx_hal_adc_ex.o
 .ARM.attributes
                0x00000000000003c2       0x2d ./Drivers/STM32F1xx_HAL_Driver/Src/stm32f1xx_hal_can.o
 .ARM.attributes
                0x00000000000003ef       0x2d ./Drivers/STM32F1xx_HAL_Driver/Src/stm32f1xx_hal_cortex.o
 .ARM.attributes
                0x000000000000041c       0x2d ./Drivers/STM32F1xx_HAL_Driver/Src/stm32f1xx_hal_dma.o
 .ARM.attributes
                0x0000000000000449       0x2d ./Drivers/STM32F1xx_HAL_Driver/Src/stm32f1xx_hal_gpio.o
 .ARM.attributes
                0x0000000000000476       0x2d ./Drivers/STM32F1xx_HAL_Driver/Src/stm32f1xx_hal_i2c.o
 .ARM.attributes
                0x00000000000004a3       0x2d ./Drivers/STM32F1xx_HAL_Driver/Src/stm32f1xx_hal_rcc.o
 .ARM.attributes
                0x00000000000004d0       0x2d ./Drivers/STM32F1xx_HAL_Driver/Src/stm32f1xx_hal_rcc_ex.o
 .ARM.attributes
                0x00000000000004fd       0x2d ./Drivers/STM32F1xx_HAL_Driver/Src/stm32f1xx_hal_spi.o
 .ARM.attributes
                0x000000000000052a       0x2d ./Drivers/STM32F1xx_HAL_Driver/Src/stm32f1xx_hal_tim.o
 .ARM.attributes
                0x0000000000000557       0x2d ./Drivers/STM32F1xx_HAL_Driver/Src/stm32f1xx_hal_tim_ex.o
 .ARM.attributes
                0x0000000000000584       0x2d ./Drivers/STM32F1xx_HAL_Driver/Src/stm32f1xx_hal_uart.o
 .ARM.attributes
                0x00000000000005b1       0x2d ./FATFS/App/fatfs.o
 .ARM.attributes
                0x00000000000005de       0x2d ./FATFS/Target/user_diskio.o
 .ARM.attributes
                0x000000000000060b       0x2d ./Middlewares/Third_Party/FatFs/src/diskio.o
 .ARM.attributes
                0x0000000000000638       0x2d ./Middlewares/Third_Party/FatFs/src/ff.o
 .ARM.attributes
                0x0000000000000665       0x2d ./Middlewares/Third_Party/FatFs/src/ff_gen_drv.o
 .ARM.attributes
                0x0000000000000692       0x2d ./Middlewares/Third_Party/FatFs/src/option/ccsbcs.o
 .ARM.attributes
                0x00000000000006bf       0x2d d:/st/stm32cubeide_1.6.1/stm32cubeide/plugins/com.st.stm32cube.ide.mcu.externaltools.gnu-tools-for-stm32.9-2020-q2-update.win32_2.0.0.202105311346/tools/bin/../lib/gcc/arm-none-eabi/9.3.1/../../../../arm-none-eabi/lib/thumb/v7-m/nofp\libc_nano.a(lib_a-errno.o)
 .ARM.attributes
                0x00000000000006ec       0x2d d:/st/stm32cubeide_1.6.1/stm32cubeide/plugins/com.st.stm32cube.ide.mcu.externaltools.gnu-tools-for-stm32.9-2020-q2-update.win32_2.0.0.202105311346/tools/bin/../lib/gcc/arm-none-eabi/9.3.1/../../../../arm-none-eabi/lib/thumb/v7-m/nofp\libc_nano.a(lib_a-impure.o)
 .ARM.attributes
                0x0000000000000719       0x2d d:/st/stm32cubeide_1.6.1/stm32cubeide/plugins/com.st.stm32cube.ide.mcu.externaltools.gnu-tools-for-stm32.9-2020-q2-update.win32_2.0.0.202105311346/tools/bin/../lib/gcc/arm-none-eabi/9.3.1/../../../../arm-none-eabi/lib/thumb/v7-m/nofp\libc_nano.a(lib_a-init.o)
 .ARM.attributes
                0x0000000000000746       0x2d d:/st/stm32cubeide_1.6.1/stm32cubeide/plugins/com.st.stm32cube.ide.mcu.externaltools.gnu-tools-for-stm32.9-2020-q2-update.win32_2.0.0.202105311346/tools/bin/../lib/gcc/arm-none-eabi/9.3.1/../../../../arm-none-eabi/lib/thumb/v7-m/nofp\libc_nano.a(lib_a-memset.o)
 .ARM.attributes
                0x0000000000000773       0x2d d:/st/stm32cubeide_1.6.1/stm32cubeide/plugins/com.st.stm32cube.ide.mcu.externaltools.gnu-tools-for-stm32.9-2020-q2-update.win32_2.0.0.202105311346/tools/bin/../lib/gcc/arm-none-eabi/9.3.1/../../../../arm-none-eabi/lib/thumb/v7-m/nofp\libc_nano.a(lib_a-sprintf.o)
 .ARM.attributes
                0x00000000000007a0       0x2d d:/st/stm32cubeide_1.6.1/stm32cubeide/plugins/com.st.stm32cube.ide.mcu.externaltools.gnu-tools-for-stm32.9-2020-q2-update.win32_2.0.0.202105311346/tools/bin/../lib/gcc/arm-none-eabi/9.3.1/../../../../arm-none-eabi/lib/thumb/v7-m/nofp\libc_nano.a(lib_a-nano-svfprintf.o)
 .ARM.attributes
                0x00000000000007cd       0x2d d:/st/stm32cubeide_1.6.1/stm32cubeide/plugins/com.st.stm32cube.ide.mcu.externaltools.gnu-tools-for-stm32.9-2020-q2-update.win32_2.0.0.202105311346/tools/bin/../lib/gcc/arm-none-eabi/9.3.1/../../../../arm-none-eabi/lib/thumb/v7-m/nofp\libc_nano.a(lib_a-nano-vfprintf_i.o)
 .ARM.attributes
                0x00000000000007fa       0x2d d:/st/stm32cubeide_1.6.1/stm32cubeide/plugins/com.st.stm32cube.ide.mcu.externaltools.gnu-tools-for-stm32.9-2020-q2-update.win32_2.0.0.202105311346/tools/bin/../lib/gcc/arm-none-eabi/9.3.1/../../../../arm-none-eabi/lib/thumb/v7-m/nofp\libc_nano.a(lib_a-memchr-stub.o)