main.c:96:5:main	8	static
main.c:171:6:SystemClock_Config	88	static
main.c:217:13:MX_ADC1_Init	24	static
main.c:270:13:MX_CAN_Init	8	static
main.c:307:13:MX_I2C2_Init	8	static
main.c:341:13:MX_SPI1_Init	8	static
main.c:379:13:MX_TIM1_Init	48	static
main.c:438:13:MX_TIM2_Init	48	static
main.c:496:13:MX_TIM3_Init	32	static
main.c:541:13:MX_TIM4_Init	32	static
main.c:586:13:MX_USART1_UART_Init	8	static
main.c:617:13:MX_DMA_Init	16	static
main.c:638:13:MX_GPIO_Init	40	static
main.c:678:6:Error_Handler	4	static,ignoring_inline_asm
