main.c:101:5:main	8	static
main.c:190:6:SystemClock_Config	88	static
main.c:236:13:MX_ADC1_Init	24	static
main.c:289:13:MX_CAN_Init	8	static
main.c:326:13:MX_I2C2_Init	8	static
main.c:360:13:MX_SPI1_Init	8	static
main.c:398:13:MX_TIM1_Init	48	static
main.c:457:13:MX_TIM2_Init	48	static
main.c:515:13:MX_TIM3_Init	32	static
main.c:560:13:MX_TIM4_Init	32	static
main.c:605:13:MX_USART1_UART_Init	8	static
main.c:638:13:MX_USART2_UART_Init	8	static
main.c:669:13:MX_DMA_Init	16	static
main.c:693:13:MX_GPIO_Init	40	static
main.c:733:6:Error_Handler	4	static,ignoring_inline_asm
