stm32f1xx_it.c:62:6:SDTimer_Handler	4	static
stm32f1xx_it.c:92:6:NMI_Handler	4	static
stm32f1xx_it.c:107:6:HardFault_Handler	4	static
stm32f1xx_it.c:122:6:MemManage_Handler	4	static
stm32f1xx_it.c:137:6:BusFault_Handler	4	static
stm32f1xx_it.c:152:6:UsageFault_Handler	4	static
stm32f1xx_it.c:167:6:SVC_Handler	4	static
stm32f1xx_it.c:180:6:DebugMon_Handler	4	static
stm32f1xx_it.c:193:6:PendSV_Handler	4	static
stm32f1xx_it.c:206:6:SysTick_Handler	8	static
stm32f1xx_it.c:232:6:DMA1_Channel1_IRQHandler	8	static
stm32f1xx_it.c:246:6:DMA1_Channel5_IRQHandler	8	static
stm32f1xx_it.c:260:6:TIM1_UP_IRQHandler	8	static
stm32f1xx_it.c:275:6:TIM1_CC_IRQHandler	8	static
stm32f1xx_it.c:290:6:TIM2_IRQHandler	8	static
stm32f1xx_it.c:307:6:TIM3_IRQHandler	8	static
stm32f1xx_it.c:321:6:TIM4_IRQHandler	8	static
stm32f1xx_it.c:337:6:I2C2_EV_IRQHandler	8	static
stm32f1xx_it.c:351:6:I2C2_ER_IRQHandler	8	static
stm32f1xx_it.c:365:6:SPI1_IRQHandler	8	static
stm32f1xx_it.c:379:6:USART1_IRQHandler	8	static
