stm32f1xx_it.c:58:6:SDTimer_Handler	4	static
stm32f1xx_it.c:86:6:NMI_Handler	4	static
stm32f1xx_it.c:101:6:HardFault_Handler	4	static
stm32f1xx_it.c:116:6:MemManage_Handler	4	static
stm32f1xx_it.c:131:6:BusFault_Handler	4	static
stm32f1xx_it.c:146:6:UsageFault_Handler	4	static
stm32f1xx_it.c:161:6:SVC_Handler	4	static
stm32f1xx_it.c:174:6:DebugMon_Handler	4	static
stm32f1xx_it.c:187:6:PendSV_Handler	4	static
stm32f1xx_it.c:200:6:SysTick_Handler	8	static
stm32f1xx_it.c:226:6:DMA1_Channel1_IRQHandler	8	static
stm32f1xx_it.c:240:6:TIM1_BRK_IRQHandler	8	static
stm32f1xx_it.c:254:6:TIM1_UP_IRQHandler	8	static
stm32f1xx_it.c:268:6:TIM1_TRG_COM_IRQHandler	8	static
stm32f1xx_it.c:282:6:TIM1_CC_IRQHandler	8	static
stm32f1xx_it.c:296:6:TIM2_IRQHandler	8	static
stm32f1xx_it.c:310:6:TIM3_IRQHandler	8	static
stm32f1xx_it.c:324:6:TIM4_IRQHandler	8	static
stm32f1xx_it.c:338:6:SPI1_IRQHandler	8	static
stm32f1xx_it.c:352:6:USART2_IRQHandler	8	static
