stm32f1xx_it.c:59:6:SDTimer_Handler	4	static
stm32f1xx_it.c:87:6:NMI_Handler	4	static
stm32f1xx_it.c:102:6:HardFault_Handler	4	static
stm32f1xx_it.c:117:6:MemManage_Handler	4	static
stm32f1xx_it.c:132:6:BusFault_Handler	4	static
stm32f1xx_it.c:147:6:UsageFault_Handler	4	static
stm32f1xx_it.c:162:6:SVC_Handler	4	static
stm32f1xx_it.c:175:6:DebugMon_Handler	4	static
stm32f1xx_it.c:188:6:PendSV_Handler	4	static
stm32f1xx_it.c:201:6:SysTick_Handler	8	static
stm32f1xx_it.c:227:6:DMA1_Channel1_IRQHandler	8	static
stm32f1xx_it.c:241:6:TIM1_UP_IRQHandler	8	static
stm32f1xx_it.c:255:6:TIM1_CC_IRQHandler	8	static
stm32f1xx_it.c:270:6:TIM2_IRQHandler	8	static
stm32f1xx_it.c:284:6:TIM3_IRQHandler	8	static
stm32f1xx_it.c:298:6:TIM4_IRQHandler	8	static
stm32f1xx_it.c:312:6:SPI1_IRQHandler	8	static
stm32f1xx_it.c:326:6:USART2_IRQHandler	8	static
