stm32f1xx_it.c:65:6:SDTimer_Handler	4	static
stm32f1xx_it.c:98:6:NMI_Handler	4	static
stm32f1xx_it.c:113:6:HardFault_Handler	4	static
stm32f1xx_it.c:128:6:MemManage_Handler	4	static
stm32f1xx_it.c:143:6:BusFault_Handler	4	static
stm32f1xx_it.c:158:6:UsageFault_Handler	4	static
stm32f1xx_it.c:173:6:SVC_Handler	4	static
stm32f1xx_it.c:186:6:DebugMon_Handler	4	static
stm32f1xx_it.c:199:6:PendSV_Handler	4	static
stm32f1xx_it.c:212:6:SysTick_Handler	8	static
stm32f1xx_it.c:238:6:DMA1_Channel1_IRQHandler	8	static
stm32f1xx_it.c:252:6:DMA1_Channel5_IRQHandler	8	static
stm32f1xx_it.c:266:6:DMA1_Channel6_IRQHandler	8	static
stm32f1xx_it.c:280:6:USB_LP_CAN1_RX0_IRQHandler	8	static
stm32f1xx_it.c:294:6:TIM1_UP_IRQHandler	8	static
stm32f1xx_it.c:309:6:TIM1_CC_IRQHandler	8	static
stm32f1xx_it.c:324:6:TIM2_IRQHandler	8	static
stm32f1xx_it.c:341:6:TIM3_IRQHandler	8	static
stm32f1xx_it.c:355:6:TIM4_IRQHandler	8	static
stm32f1xx_it.c:378:6:I2C2_EV_IRQHandler	8	static
stm32f1xx_it.c:392:6:I2C2_ER_IRQHandler	8	static
stm32f1xx_it.c:406:6:SPI1_IRQHandler	8	static
stm32f1xx_it.c:420:6:USART1_IRQHandler	8	static
stm32f1xx_it.c:434:6:USART2_IRQHandler	8	static
