stm32f1xx_it.c:64:6:SDTimer_Handler	4	static
stm32f1xx_it.c:95:6:NMI_Handler	4	static
stm32f1xx_it.c:110:6:HardFault_Handler	4	static
stm32f1xx_it.c:125:6:MemManage_Handler	4	static
stm32f1xx_it.c:140:6:BusFault_Handler	4	static
stm32f1xx_it.c:155:6:UsageFault_Handler	4	static
stm32f1xx_it.c:170:6:SVC_Handler	4	static
stm32f1xx_it.c:183:6:DebugMon_Handler	4	static
stm32f1xx_it.c:196:6:PendSV_Handler	4	static
stm32f1xx_it.c:209:6:SysTick_Handler	8	static
stm32f1xx_it.c:235:6:DMA1_Channel1_IRQHandler	8	static
stm32f1xx_it.c:249:6:DMA1_Channel5_IRQHandler	8	static
stm32f1xx_it.c:263:6:USB_LP_CAN1_RX0_IRQHandler	8	static
stm32f1xx_it.c:277:6:TIM1_UP_IRQHandler	8	static
stm32f1xx_it.c:292:6:TIM1_CC_IRQHandler	8	static
stm32f1xx_it.c:307:6:TIM2_IRQHandler	8	static
stm32f1xx_it.c:324:6:TIM3_IRQHandler	8	static
stm32f1xx_it.c:338:6:TIM4_IRQHandler	8	static
stm32f1xx_it.c:360:6:I2C2_EV_IRQHandler	8	static
stm32f1xx_it.c:374:6:I2C2_ER_IRQHandler	8	static
stm32f1xx_it.c:388:6:SPI1_IRQHandler	8	static
stm32f1xx_it.c:402:6:USART1_IRQHandler	8	static
