stm32f1xx_it.c:59:6:SDTimer_Handler	4	static
stm32f1xx_it.c:88:6:NMI_Handler	4	static
stm32f1xx_it.c:103:6:HardFault_Handler	4	static
stm32f1xx_it.c:118:6:MemManage_Handler	4	static
stm32f1xx_it.c:133:6:BusFault_Handler	4	static
stm32f1xx_it.c:148:6:UsageFault_Handler	4	static
stm32f1xx_it.c:163:6:SVC_Handler	4	static
stm32f1xx_it.c:176:6:DebugMon_Handler	4	static
stm32f1xx_it.c:189:6:PendSV_Handler	4	static
stm32f1xx_it.c:202:6:SysTick_Handler	8	static
stm32f1xx_it.c:228:6:DMA1_Channel1_IRQHandler	8	static
stm32f1xx_it.c:242:6:DMA1_Channel6_IRQHandler	8	static
stm32f1xx_it.c:256:6:TIM1_UP_IRQHandler	8	static
stm32f1xx_it.c:270:6:TIM1_CC_IRQHandler	8	static
stm32f1xx_it.c:285:6:TIM2_IRQHandler	8	static
stm32f1xx_it.c:299:6:TIM3_IRQHandler	8	static
stm32f1xx_it.c:313:6:TIM4_IRQHandler	8	static
stm32f1xx_it.c:327:6:SPI1_IRQHandler	8	static
stm32f1xx_it.c:341:6:USART2_IRQHandler	8	static
