stm32f1xx_it.c:62:6:SDTimer_Handler	4	static
stm32f1xx_it.c:91:6:NMI_Handler	4	static
stm32f1xx_it.c:106:6:HardFault_Handler	4	static
stm32f1xx_it.c:121:6:MemManage_Handler	4	static
stm32f1xx_it.c:136:6:BusFault_Handler	4	static
stm32f1xx_it.c:151:6:UsageFault_Handler	4	static
stm32f1xx_it.c:166:6:SVC_Handler	4	static
stm32f1xx_it.c:179:6:DebugMon_Handler	4	static
stm32f1xx_it.c:192:6:PendSV_Handler	4	static
stm32f1xx_it.c:205:6:SysTick_Handler	8	static
stm32f1xx_it.c:231:6:DMA1_Channel1_IRQHandler	8	static
stm32f1xx_it.c:245:6:DMA1_Channel6_IRQHandler	8	static
stm32f1xx_it.c:259:6:TIM1_UP_IRQHandler	8	static
stm32f1xx_it.c:274:6:TIM1_CC_IRQHandler	8	static
stm32f1xx_it.c:289:6:TIM2_IRQHandler	8	static
stm32f1xx_it.c:306:6:TIM3_IRQHandler	8	static
stm32f1xx_it.c:320:6:TIM4_IRQHandler	8	static
stm32f1xx_it.c:336:6:SPI1_IRQHandler	8	static
stm32f1xx_it.c:350:6:USART2_IRQHandler	8	static
