stm32f1xx_it.c:63:6:SDTimer_Handler	4	static
stm32f1xx_it.c:93:6:NMI_Handler	4	static
stm32f1xx_it.c:108:6:HardFault_Handler	4	static
stm32f1xx_it.c:123:6:MemManage_Handler	4	static
stm32f1xx_it.c:138:6:BusFault_Handler	4	static
stm32f1xx_it.c:153:6:UsageFault_Handler	4	static
stm32f1xx_it.c:168:6:SVC_Handler	4	static
stm32f1xx_it.c:181:6:DebugMon_Handler	4	static
stm32f1xx_it.c:194:6:PendSV_Handler	4	static
stm32f1xx_it.c:207:6:SysTick_Handler	8	static
stm32f1xx_it.c:233:6:DMA1_Channel1_IRQHandler	8	static
stm32f1xx_it.c:247:6:DMA1_Channel5_IRQHandler	8	static
stm32f1xx_it.c:261:6:TIM1_UP_IRQHandler	8	static
stm32f1xx_it.c:276:6:TIM1_CC_IRQHandler	8	static
stm32f1xx_it.c:291:6:TIM2_IRQHandler	8	static
stm32f1xx_it.c:308:6:TIM3_IRQHandler	8	static
stm32f1xx_it.c:322:6:TIM4_IRQHandler	8	static
stm32f1xx_it.c:341:6:I2C2_EV_IRQHandler	8	static
stm32f1xx_it.c:355:6:I2C2_ER_IRQHandler	8	static
stm32f1xx_it.c:369:6:SPI1_IRQHandler	8	static
stm32f1xx_it.c:383:6:USART1_IRQHandler	8	static
