stm32f1xx_it.c:60:6:SDTimer_Handler	4	static
stm32f1xx_it.c:89:6:NMI_Handler	4	static
stm32f1xx_it.c:104:6:HardFault_Handler	4	static
stm32f1xx_it.c:119:6:MemManage_Handler	4	static
stm32f1xx_it.c:134:6:BusFault_Handler	4	static
stm32f1xx_it.c:149:6:UsageFault_Handler	4	static
stm32f1xx_it.c:164:6:SVC_Handler	4	static
stm32f1xx_it.c:177:6:DebugMon_Handler	4	static
stm32f1xx_it.c:190:6:PendSV_Handler	4	static
stm32f1xx_it.c:203:6:SysTick_Handler	8	static
stm32f1xx_it.c:229:6:DMA1_Channel1_IRQHandler	8	static
stm32f1xx_it.c:243:6:DMA1_Channel6_IRQHandler	8	static
stm32f1xx_it.c:257:6:TIM1_UP_IRQHandler	8	static
stm32f1xx_it.c:271:6:TIM1_CC_IRQHandler	8	static
stm32f1xx_it.c:286:6:TIM2_IRQHandler	8	static
stm32f1xx_it.c:300:6:TIM3_IRQHandler	8	static
stm32f1xx_it.c:314:6:TIM4_IRQHandler	8	static
stm32f1xx_it.c:328:6:SPI1_IRQHandler	8	static
stm32f1xx_it.c:342:6:USART2_IRQHandler	8	static
