stm32f1xx_it.c:64:6:SDTimer_Handler	4	static
stm32f1xx_it.c:97:6:NMI_Handler	4	static
stm32f1xx_it.c:112:6:HardFault_Handler	4	static
stm32f1xx_it.c:127:6:MemManage_Handler	4	static
stm32f1xx_it.c:142:6:BusFault_Handler	4	static
stm32f1xx_it.c:157:6:UsageFault_Handler	4	static
stm32f1xx_it.c:172:6:SVC_Handler	4	static
stm32f1xx_it.c:185:6:DebugMon_Handler	4	static
stm32f1xx_it.c:198:6:PendSV_Handler	4	static
stm32f1xx_it.c:211:6:SysTick_Handler	8	static
stm32f1xx_it.c:237:6:DMA1_Channel1_IRQHandler	8	static
stm32f1xx_it.c:251:6:DMA1_Channel5_IRQHandler	8	static
stm32f1xx_it.c:265:6:DMA1_Channel6_IRQHandler	8	static
stm32f1xx_it.c:279:6:USB_LP_CAN1_RX0_IRQHandler	8	static
stm32f1xx_it.c:293:6:TIM1_UP_IRQHandler	8	static
stm32f1xx_it.c:308:6:TIM1_CC_IRQHandler	8	static
stm32f1xx_it.c:323:6:TIM2_IRQHandler	8	static
stm32f1xx_it.c:340:6:TIM3_IRQHandler	8	static
stm32f1xx_it.c:354:6:TIM4_IRQHandler	8	static
stm32f1xx_it.c:375:6:I2C2_EV_IRQHandler	8	static
stm32f1xx_it.c:389:6:I2C2_ER_IRQHandler	8	static
stm32f1xx_it.c:403:6:SPI1_IRQHandler	8	static
stm32f1xx_it.c:417:6:USART1_IRQHandler	8	static
stm32f1xx_it.c:431:6:USART2_IRQHandler	8	static
