stm32f1xx_it.c:65:6:SDTimer_Handler	4	static
stm32f1xx_it.c:96:6:NMI_Handler	4	static
stm32f1xx_it.c:111:6:HardFault_Handler	4	static
stm32f1xx_it.c:126:6:MemManage_Handler	4	static
stm32f1xx_it.c:141:6:BusFault_Handler	4	static
stm32f1xx_it.c:156:6:UsageFault_Handler	4	static
stm32f1xx_it.c:171:6:SVC_Handler	4	static
stm32f1xx_it.c:184:6:DebugMon_Handler	4	static
stm32f1xx_it.c:197:6:PendSV_Handler	4	static
stm32f1xx_it.c:210:6:SysTick_Handler	8	static
stm32f1xx_it.c:236:6:DMA1_Channel1_IRQHandler	8	static
stm32f1xx_it.c:250:6:DMA1_Channel5_IRQHandler	8	static
stm32f1xx_it.c:264:6:DMA1_Channel6_IRQHandler	8	static
stm32f1xx_it.c:278:6:USB_LP_CAN1_RX0_IRQHandler	8	static
stm32f1xx_it.c:292:6:TIM1_UP_IRQHandler	8	static
stm32f1xx_it.c:307:6:TIM1_CC_IRQHandler	8	static
stm32f1xx_it.c:322:6:TIM2_IRQHandler	8	static
stm32f1xx_it.c:339:6:TIM3_IRQHandler	8	static
stm32f1xx_it.c:353:6:TIM4_IRQHandler	8	static
stm32f1xx_it.c:376:6:USART1_IRQHandler	8	static
stm32f1xx_it.c:390:6:USART2_IRQHandler	8	static
